Archive member included to satisfy reference by file (symbol)

c:/program files (x86)/atmel/studio/7.0/toolchain/arm/arm-gnu-toolchain/bin/../lib/gcc/arm-none-eabi/6.2.1/thumb/v6-m\libgcc.a(_udivsi3.o)
                              src/ASF/common2/services/delay/sam0/systick_counter.o (__aeabi_uidiv)
c:/program files (x86)/atmel/studio/7.0/toolchain/arm/arm-gnu-toolchain/bin/../lib/gcc/arm-none-eabi/6.2.1/thumb/v6-m\libgcc.a(_dvmd_tls.o)
                              c:/program files (x86)/atmel/studio/7.0/toolchain/arm/arm-gnu-toolchain/bin/../lib/gcc/arm-none-eabi/6.2.1/thumb/v6-m\libgcc.a(_udivsi3.o) (__aeabi_idiv0)
c:/program files (x86)/atmel/studio/7.0/toolchain/arm/arm-gnu-toolchain/bin/../lib/gcc/arm-none-eabi/6.2.1/../../../../arm-none-eabi/lib/thumb/v6-m\libc_nano.a(lib_a-exit.o)
                              c:/program files (x86)/atmel/studio/7.0/toolchain/arm/arm-gnu-toolchain/bin/../lib/gcc/arm-none-eabi/6.2.1/../../../../arm-none-eabi/lib/thumb/v6-m/crt0.o (exit)
c:/program files (x86)/atmel/studio/7.0/toolchain/arm/arm-gnu-toolchain/bin/../lib/gcc/arm-none-eabi/6.2.1/../../../../arm-none-eabi/lib/thumb/v6-m\libc_nano.a(lib_a-impure.o)
                              c:/program files (x86)/atmel/studio/7.0/toolchain/arm/arm-gnu-toolchain/bin/../lib/gcc/arm-none-eabi/6.2.1/../../../../arm-none-eabi/lib/thumb/v6-m\libc_nano.a(lib_a-exit.o) (_global_impure_ptr)
c:/program files (x86)/atmel/studio/7.0/toolchain/arm/arm-gnu-toolchain/bin/../lib/gcc/arm-none-eabi/6.2.1/../../../../arm-none-eabi/lib/thumb/v6-m\libc_nano.a(lib_a-init.o)
                              c:/program files (x86)/atmel/studio/7.0/toolchain/arm/arm-gnu-toolchain/bin/../lib/gcc/arm-none-eabi/6.2.1/../../../../arm-none-eabi/lib/thumb/v6-m/crt0.o (__libc_init_array)
c:/program files (x86)/atmel/studio/7.0/toolchain/arm/arm-gnu-toolchain/bin/../lib/gcc/arm-none-eabi/6.2.1/../../../../arm-none-eabi/lib/thumb/v6-m\libc_nano.a(lib_a-memset.o)
                              c:/program files (x86)/atmel/studio/7.0/toolchain/arm/arm-gnu-toolchain/bin/../lib/gcc/arm-none-eabi/6.2.1/../../../../arm-none-eabi/lib/thumb/v6-m/crt0.o (memset)

Discarded input sections

 .text          0x00000000        0x0 c:/program files (x86)/atmel/studio/7.0/toolchain/arm/arm-gnu-toolchain/bin/../lib/gcc/arm-none-eabi/6.2.1/thumb/v6-m/crti.o
 .data          0x00000000        0x0 c:/program files (x86)/atmel/studio/7.0/toolchain/arm/arm-gnu-toolchain/bin/../lib/gcc/arm-none-eabi/6.2.1/thumb/v6-m/crti.o
 .bss           0x00000000        0x0 c:/program files (x86)/atmel/studio/7.0/toolchain/arm/arm-gnu-toolchain/bin/../lib/gcc/arm-none-eabi/6.2.1/thumb/v6-m/crti.o
 .data          0x00000000        0x4 c:/program files (x86)/atmel/studio/7.0/toolchain/arm/arm-gnu-toolchain/bin/../lib/gcc/arm-none-eabi/6.2.1/thumb/v6-m/crtbegin.o
 .text          0x00000000       0x78 c:/program files (x86)/atmel/studio/7.0/toolchain/arm/arm-gnu-toolchain/bin/../lib/gcc/arm-none-eabi/6.2.1/../../../../arm-none-eabi/lib/thumb/v6-m/crt0.o
 .data          0x00000000        0x0 c:/program files (x86)/atmel/studio/7.0/toolchain/arm/arm-gnu-toolchain/bin/../lib/gcc/arm-none-eabi/6.2.1/../../../../arm-none-eabi/lib/thumb/v6-m/crt0.o
 .bss           0x00000000        0x0 c:/program files (x86)/atmel/studio/7.0/toolchain/arm/arm-gnu-toolchain/bin/../lib/gcc/arm-none-eabi/6.2.1/../../../../arm-none-eabi/lib/thumb/v6-m/crt0.o
 .ARM.extab     0x00000000        0x0 c:/program files (x86)/atmel/studio/7.0/toolchain/arm/arm-gnu-toolchain/bin/../lib/gcc/arm-none-eabi/6.2.1/../../../../arm-none-eabi/lib/thumb/v6-m/crt0.o
 .ARM.exidx     0x00000000        0x8 c:/program files (x86)/atmel/studio/7.0/toolchain/arm/arm-gnu-toolchain/bin/../lib/gcc/arm-none-eabi/6.2.1/../../../../arm-none-eabi/lib/thumb/v6-m/crt0.o
 .ARM.attributes
                0x00000000       0x1b c:/program files (x86)/atmel/studio/7.0/toolchain/arm/arm-gnu-toolchain/bin/../lib/gcc/arm-none-eabi/6.2.1/../../../../arm-none-eabi/lib/thumb/v6-m/crt0.o
 .group         0x00000000        0x8 src/ASF/common2/boards/user_board/init.o
 .group         0x00000000        0x8 src/ASF/common2/boards/user_board/init.o
 .group         0x00000000        0x8 src/ASF/common2/boards/user_board/init.o
 .group         0x00000000        0x8 src/ASF/common2/boards/user_board/init.o
 .group         0x00000000        0x8 src/ASF/common2/boards/user_board/init.o
 .group         0x00000000        0x8 src/ASF/common2/boards/user_board/init.o
 .group         0x00000000        0x8 src/ASF/common2/boards/user_board/init.o
 .group         0x00000000        0x8 src/ASF/common2/boards/user_board/init.o
 .group         0x00000000        0x8 src/ASF/common2/boards/user_board/init.o
 .group         0x00000000        0x8 src/ASF/common2/boards/user_board/init.o
 .group         0x00000000        0x8 src/ASF/common2/boards/user_board/init.o
 .group         0x00000000        0x8 src/ASF/common2/boards/user_board/init.o
[...]
Memory Configuration

Name             Origin             Length             Attributes
rom              0x00000000         0x00040000         xr
ram              0x20000000         0x00008000         xrw
*default*        0x00000000         0xffffffff

Linker script and memory map

LOAD c:/program files (x86)/atmel/studio/7.0/toolchain/arm/arm-gnu-toolchain/bin/../lib/gcc/arm-none-eabi/6.2.1/thumb/v6-m/crti.o
LOAD c:/program files (x86)/atmel/studio/7.0/toolchain/arm/arm-gnu-toolchain/bin/../lib/gcc/arm-none-eabi/6.2.1/thumb/v6-m/crtbegin.o
LOAD c:/program files (x86)/atmel/studio/7.0/toolchain/arm/arm-gnu-toolchain/bin/../lib/gcc/arm-none-eabi/6.2.1/../../../../arm-none-eabi/lib/thumb/v6-m/crt0.o
LOAD src/ASF/common2/boards/user_board/init.o
LOAD src/ASF/common2/services/delay/sam0/systick_counter.o
LOAD src/ASF/common/utils/interrupt/interrupt_sam_nvic.o
LOAD src/ASF/sam0/drivers/port/port.o
LOAD src/ASF/sam0/drivers/system/clock/clock_samd21_r21_da_ha1/clock.o
LOAD src/ASF/sam0/drivers/system/clock/clock_samd21_r21_da_ha1/gclk.o
LOAD src/ASF/sam0/drivers/system/interrupt/system_interrupt.o
LOAD src/ASF/sam0/drivers/system/pinmux/pinmux.o
LOAD src/ASF/sam0/drivers/system/system.o
LOAD src/ASF/sam0/utils/cmsis/samd21/source/gcc/startup_samd21.o
LOAD src/ASF/sam0/utils/cmsis/samd21/source/system_samd21.o
LOAD src/ASF/sam0/utils/syscalls/gcc/syscalls.o
LOAD src/main.o
START GROUP
LOAD ../src/ASF/thirdparty/CMSIS/Lib/GCC\libarm_cortexM0l_math.a
LOAD c:/program files (x86)/atmel/studio/7.0/toolchain/arm/arm-gnu-toolchain/bin/../lib/gcc/arm-none-eabi/6.2.1/../../../../arm-none-eabi/lib/thumb/v6-m\libm.a
END GROUP
START GROUP
LOAD c:/program files (x86)/atmel/studio/7.0/toolchain/arm/arm-gnu-toolchain/bin/../lib/gcc/arm-none-eabi/6.2.1/thumb/v6-m\libgcc.a
LOAD c:/program files (x86)/atmel/studio/7.0/toolchain/arm/arm-gnu-toolchain/bin/../lib/gcc/arm-none-eabi/6.2.1/../../../../arm-none-eabi/lib/thumb/v6-m\libc_nano.a
END GROUP
START GROUP
LOAD c:/program files (x86)/atmel/studio/7.0/toolchain/arm/arm-gnu-toolchain/bin/../lib/gcc/arm-none-eabi/6.2.1/thumb/v6-m\libgcc.a
LOAD c:/program files (x86)/atmel/studio/7.0/toolchain/arm/arm-gnu-toolchain/bin/../lib/gcc/arm-none-eabi/6.2.1/../../../../arm-none-eabi/lib/thumb/v6-m\libc_nano.a
END GROUP
LOAD c:/program files (x86)/atmel/studio/7.0/toolchain/arm/arm-gnu-toolchain/bin/../lib/gcc/arm-none-eabi/6.2.1/thumb/v6-m/crtend.o
LOAD c:/program files (x86)/atmel/studio/7.0/toolchain/arm/arm-gnu-toolchain/bin/../lib/gcc/arm-none-eabi/6.2.1/thumb/v6-m/crtn.o
                0x00002000                STACK_SIZE = DEFINED (STACK_SIZE)?STACK_SIZE:DEFINED (__stack_size__)?__stack_size__:0x2000

.text           0x00000000      0xbd4
                0x00000000                . = ALIGN (0x4)
                0x00000000                _sfixed = .
 *(.vectors .vectors.*)
 .vectors       0x00000000       0xb4 src/ASF/sam0/utils/cmsis/samd21/source/gcc/startup_samd21.o
                0x00000000                exception_table
 *(.text .text.* .gnu.linkonce.t.*)
 .text          0x000000b4       0x60 c:/program files (x86)/atmel/studio/7.0/toolchain/arm/arm-gnu-toolchain/bin/../lib/gcc/arm-none-eabi/6.2.1/thumb/v6-m/crtbegin.o
 .text.system_board_init
                0x00000114        0x2 src/ASF/common2/boards/user_board/init.o
                0x00000114                board_init
                0x00000114                system_board_init
 *fill*         0x00000116        0x2 
 .text.delay_init
                0x00000118       0x40 src/ASF/common2/services/delay/sam0/systick_counter.o
                0x00000118                delay_init
 .text.delay_cycles_ms
                0x00000158       0x2c src/ASF/common2/services/delay/sam0/systick_counter.o
                0x00000158                delay_cycles_ms
 .text.cpu_irq_enter_critical
                0x00000184       0x40 src/ASF/common/utils/interrupt/interrupt_sam_nvic.o
                0x00000184                cpu_irq_enter_critical
 .text.cpu_irq_leave_critical
                0x000001c4       0x30 src/ASF/common/utils/interrupt/interrupt_sam_nvic.o
                0x000001c4                cpu_irq_leave_critical
 .text.port_pin_set_config
                0x000001f4       0x24 src/ASF/sam0/drivers/port/port.o
                0x000001f4                port_pin_set_config
 .text.system_clock_source_get_hz
                0x00000218       0x90 src/ASF/sam0/drivers/system/clock/clock_samd21_r21_da_ha1/clock.o
                0x00000218                system_clock_source_get_hz
 .text.system_clock_source_osc8m_set_config
                0x000002a8       0x3c src/ASF/sam0/drivers/system/clock/clock_samd21_r21_da_ha1/clock.o
                0x000002a8                system_clock_source_osc8m_set_config
 .text.system_clock_source_osc32k_set_config
                0x000002e4       0x7c src/ASF/sam0/drivers/system/clock/clock_samd21_r21_da_ha1/clock.o
                0x000002e4                system_clock_source_osc32k_set_config
 .text.system_clock_source_enable
                0x00000360       0xa8 src/ASF/sam0/drivers/system/clock/clock_samd21_r21_da_ha1/clock.o
                0x00000360                system_clock_source_enable
 .text.system_clock_init
                0x00000408       0xd0 src/ASF/sam0/drivers/system/clock/clock_samd21_r21_da_ha1/clock.o
                0x00000408                system_clock_init
 .text.system_gclk_init
                0x000004d8       0x24 src/ASF/sam0/drivers/system/clock/clock_samd21_r21_da_ha1/gclk.o
                0x000004d8                system_gclk_init
 .text.system_gclk_gen_set_config
                0x000004fc       0xb8 src/ASF/sam0/drivers/system/clock/clock_samd21_r21_da_ha1/gclk.o
                0x000004fc                system_gclk_gen_set_config
 .text.system_gclk_gen_enable
                0x000005b4       0x44 src/ASF/sam0/drivers/system/clock/clock_samd21_r21_da_ha1/gclk.o
                0x000005b4                system_gclk_gen_enable
 .text.system_gclk_gen_get_hz
                0x000005f8       0x8c src/ASF/sam0/drivers/system/clock/clock_samd21_r21_da_ha1/gclk.o
                0x000005f8                system_gclk_gen_get_hz
 .text.system_gclk_chan_disable
                0x00000684       0x5c src/ASF/sam0/drivers/system/clock/clock_samd21_r21_da_ha1/gclk.o
                0x00000684                system_gclk_chan_disable
 .text.system_gclk_chan_set_config
                0x000006e0       0x1c src/ASF/sam0/drivers/system/clock/clock_samd21_r21_da_ha1/gclk.o
                0x000006e0                system_gclk_chan_set_config
 .text.system_gclk_chan_get_hz
                0x000006fc       0x34 src/ASF/sam0/drivers/system/clock/clock_samd21_r21_da_ha1/gclk.o
                0x000006fc                system_gclk_chan_get_hz
 .text._system_pinmux_config
                0x00000730       0xa8 src/ASF/sam0/drivers/system/pinmux/pinmux.o
 .text.system_pinmux_pin_set_config
                0x000007d8       0x30 src/ASF/sam0/drivers/system/pinmux/pinmux.o
                0x000007d8                system_pinmux_pin_set_config
 .text._system_dummy_init
                0x00000808        0x2 src/ASF/sam0/drivers/system/system.o
                0x00000808                _system_extint_init
                0x00000808                _system_events_init
                0x00000808                _system_dummy_init
                0x00000808                _system_divas_init
 *fill*         0x0000080a        0x2 
 .text.system_init
                0x0000080c       0x2c src/ASF/sam0/drivers/system/system.o
                0x0000080c                system_init
 .text.Dummy_Handler
                0x00000838        0x2 src/ASF/sam0/utils/cmsis/samd21/source/gcc/startup_samd21.o
                0x00000838                DMAC_Handler
                0x00000838                HardFault_Handler
                0x00000838                AC_Handler
                0x00000838                SysTick_Handler
                0x00000838                PendSV_Handler
                0x00000838                NMI_Handler
                0x00000838                SERCOM1_Handler
                0x00000838                ADC_Handler
                0x00000838                TCC1_Handler
                0x00000838                SERCOM2_Handler
                0x00000838                TCC0_Handler
                0x00000838                RTC_Handler
                0x00000838                EIC_Handler
                0x00000838                WDT_Handler
                0x00000838                TC4_Handler
                0x00000838                USB_Handler
                0x00000838                TC3_Handler
                0x00000838                Dummy_Handler
                0x00000838                PM_Handler
                0x00000838                SVC_Handler
                0x00000838                TCC2_Handler
                0x00000838                EVSYS_Handler
                0x00000838                SERCOM3_Handler
                0x00000838                I2S_Handler
                0x00000838                NVMCTRL_Handler
                0x00000838                SERCOM0_Handler
                0x00000838                DAC_Handler
                0x00000838                PTC_Handler
                0x00000838                TC5_Handler
                0x00000838                SYSCTRL_Handler
 *fill*         0x0000083a        0x2 
 .text.Reset_Handler
                0x0000083c       0xe4 src/ASF/sam0/utils/cmsis/samd21/source/gcc/startup_samd21.o
                0x0000083c                Reset_Handler
 .text.configure_power_manager
                0x00000920       0x30 src/main.o
                0x00000920                configure_power_manager
 .text.switch_gclkgen_to_peripherals
                0x00000950       0x1c src/main.o
                0x00000950                switch_gclkgen_to_peripherals
 .text.main     0x0000096c       0xa0 src/main.o
                0x0000096c                main
 .text          0x00000a0c      0x114 c:/program files (x86)/atmel/studio/7.0/toolchain/arm/arm-gnu-toolchain/bin/../lib/gcc/arm-none-eabi/6.2.1/thumb/v6-m\libgcc.a(_udivsi3.o)
                0x00000a0c                __aeabi_uidiv
                0x00000a0c                __udivsi3
                0x00000b18                __aeabi_uidivmod
 .text          0x00000b20        0x4 c:/program files (x86)/atmel/studio/7.0/toolchain/arm/arm-gnu-toolchain/bin/../lib/gcc/arm-none-eabi/6.2.1/thumb/v6-m\libgcc.a(_dvmd_tls.o)
                0x00000b20                __aeabi_idiv0
                0x00000b20                __aeabi_ldiv0
 .text.__libc_init_array
                0x00000b24       0x48 c:/program files (x86)/atmel/studio/7.0/toolchain/arm/arm-gnu-toolchain/bin/../lib/gcc/arm-none-eabi/6.2.1/../../../../arm-none-eabi/lib/thumb/v6-m\libc_nano.a(lib_a-init.o)
                0x00000b24                __libc_init_array
 *(.glue_7t)
 .glue_7t       0x00000b6c        0x0 linker stubs
 *(.glue_7)
 .glue_7        0x00000b6c        0x0 linker stubs
 *(.rodata .rodata* .gnu.linkonce.r.*)
 .rodata.system_clock_source_get_hz
                0x00000b6c       0x24 src/ASF/sam0/drivers/system/clock/clock_samd21_r21_da_ha1/clock.o
 .rodata.system_clock_source_enable
                0x00000b90       0x24 src/ASF/sam0/drivers/system/clock/clock_samd21_r21_da_ha1/clock.o
 *(.ARM.extab* .gnu.linkonce.armextab.*)
                0x00000bb4                . = ALIGN (0x4)
 *(.init)
 .init          0x00000bb4        0x4 c:/program files (x86)/atmel/studio/7.0/toolchain/arm/arm-gnu-toolchain/bin/../lib/gcc/arm-none-eabi/6.2.1/thumb/v6-m/crti.o
                0x00000bb4                _init
 .init          0x00000bb8        0x8 c:/program files (x86)/atmel/studio/7.0/toolchain/arm/arm-gnu-toolchain/bin/../lib/gcc/arm-none-eabi/6.2.1/thumb/v6-m/crtn.o
                0x00000bc0                . = ALIGN (0x4)
                0x00000bc0                __preinit_array_start = .
 *(.preinit_array)
                0x00000bc0                __preinit_array_end = .
                0x00000bc0                . = ALIGN (0x4)
                0x00000bc0                __init_array_start = .
 *(SORT(.init_array.*))
 *(.init_array)
 .init_array    0x00000bc0        0x4 c:/program files (x86)/atmel/studio/7.0/toolchain/arm/arm-gnu-toolchain/bin/../lib/gcc/arm-none-eabi/6.2.1/thumb/v6-m/crtbegin.o
                0x00000bc4                __init_array_end = .
                0x00000bc4                . = ALIGN (0x4)
 *crtbegin.o(.ctors)
 *(EXCLUDE_FILE(*crtend.o) .ctors)
 *(SORT(.ctors.*))
 *crtend.o(.ctors)
                0x00000bc4                . = ALIGN (0x4)
 *(.fini)
 .fini          0x00000bc4        0x4 c:/program files (x86)/atmel/studio/7.0/toolchain/arm/arm-gnu-toolchain/bin/../lib/gcc/arm-none-eabi/6.2.1/thumb/v6-m/crti.o
                0x00000bc4                _fini
 .fini          0x00000bc8        0x8 c:/program files (x86)/atmel/studio/7.0/toolchain/arm/arm-gnu-toolchain/bin/../lib/gcc/arm-none-eabi/6.2.1/thumb/v6-m/crtn.o
                0x00000bd0                . = ALIGN (0x4)
                0x00000bd0                __fini_array_start = .
 *(.fini_array)
 .fini_array    0x00000bd0        0x4 c:/program files (x86)/atmel/studio/7.0/toolchain/arm/arm-gnu-toolchain/bin/../lib/gcc/arm-none-eabi/6.2.1/thumb/v6-m/crtbegin.o
 *(SORT(.fini_array.*))
                0x00000bd4                __fini_array_end = .
 *crtbegin.o(.dtors)
 *(EXCLUDE_FILE(*crtend.o) .dtors)
 *(SORT(.dtors.*))
 *crtend.o(.dtors)
                0x00000bd4                . = ALIGN (0x4)
                0x00000bd4                _efixed = .
                [!provide]                PROVIDE (__exidx_start, .)

.vfp11_veneer   0x00000bd4        0x0
 .vfp11_veneer  0x00000bd4        0x0 linker stubs

.v4_bx          0x00000bd4        0x0
 .v4_bx         0x00000bd4        0x0 linker stubs

.iplt           0x00000bd4        0x0
 .iplt          0x00000bd4        0x0 c:/program files (x86)/atmel/studio/7.0/toolchain/arm/arm-gnu-toolchain/bin/../lib/gcc/arm-none-eabi/6.2.1/thumb/v6-m/crtbegin.o

.eh_frame       0x00000bd4        0x0
 .eh_frame      0x00000bd4        0x0 c:/program files (x86)/atmel/studio/7.0/toolchain/arm/arm-gnu-toolchain/bin/../lib/gcc/arm-none-eabi/6.2.1/thumb/v6-m/crtbegin.o

.rel.dyn        0x00000bd4        0x0
 .rel.iplt      0x00000bd4        0x0 c:/program files (x86)/atmel/studio/7.0/toolchain/arm/arm-gnu-toolchain/bin/../lib/gcc/arm-none-eabi/6.2.1/thumb/v6-m/crtbegin.o

.jcr            0x00000bd4        0x0
 .jcr           0x00000bd4        0x0 c:/program files (x86)/atmel/studio/7.0/toolchain/arm/arm-gnu-toolchain/bin/../lib/gcc/arm-none-eabi/6.2.1/thumb/v6-m/crtbegin.o

.igot.plt       0x00000bd4        0x0
 .igot.plt      0x00000bd4        0x0 c:/program files (x86)/atmel/studio/7.0/toolchain/arm/arm-gnu-toolchain/bin/../lib/gcc/arm-none-eabi/6.2.1/thumb/v6-m/crtbegin.o

.ARM.exidx
 *(.ARM.exidx* .gnu.linkonce.armexidx.*)
                [!provide]                PROVIDE (__exidx_end, .)
                0x00000bd4                . = ALIGN (0x4)
                0x00000bd4                _etext = .

.relocate       0x20000000        0xc load address 0x00000bd4
                0x20000000                . = ALIGN (0x4)
                0x20000000                _srelocate = .
 *(.ramfunc .ramfunc.*)
 *(.data .data.*)
 .data.cycles_per_ms
                0x20000000        0x4 src/ASF/common2/services/delay/sam0/systick_counter.o
 .data.cycles_per_us
                0x20000004        0x4 src/ASF/common2/services/delay/sam0/systick_counter.o
 .data.g_interrupt_enabled
                0x20000008        0x1 src/ASF/common/utils/interrupt/interrupt_sam_nvic.o
                0x20000008                g_interrupt_enabled
                0x2000000c                . = ALIGN (0x4)
 *fill*         0x20000009        0x3 
                0x2000000c                _erelocate = .

.bss            0x2000000c       0x3c load address 0x00000be0
                0x2000000c                . = ALIGN (0x4)
                0x2000000c                _sbss = .
                0x2000000c                _szero = .
 *(.bss .bss.*)
 .bss           0x2000000c       0x1c c:/program files (x86)/atmel/studio/7.0/toolchain/arm/arm-gnu-toolchain/bin/../lib/gcc/arm-none-eabi/6.2.1/thumb/v6-m/crtbegin.o
 .bss.cpu_irq_critical_section_counter
                0x20000028        0x4 src/ASF/common/utils/interrupt/interrupt_sam_nvic.o
 .bss.cpu_irq_prev_interrupt_state
                0x2000002c        0x1 src/ASF/common/utils/interrupt/interrupt_sam_nvic.o
 *fill*         0x2000002d        0x3 
 .bss._system_clock_inst
                0x20000030       0x18 src/ASF/sam0/drivers/system/clock/clock_samd21_r21_da_ha1/clock.o
 *(COMMON)
                0x20000048                . = ALIGN (0x4)
                0x20000048                _ebss = .
                0x20000048                _ezero = .

.stack          0x20000048     0x2000 load address 0x00000c1c
                0x20000048                . = ALIGN (0x8)
                0x20000048                _sstack = .
                0x20002048                . = (. + STACK_SIZE)
 *fill*         0x20000048     0x2000 
                0x20002048                . = ALIGN (0x8)
                0x20002048                _estack = .
                0x20002048                . = ALIGN (0x4)
                0x20002048                _end = .
OUTPUT(lastLowPower.elf elf32-littlearm)

.ARM.attributes
                0x00000000       0x28
 .ARM.attributes
                0x00000000       0x1e c:/program files (x86)/atmel/studio/7.0/toolchain/arm/arm-gnu-toolchain/bin/../lib/gcc/arm-none-eabi/6.2.1/thumb/v6-m/crti.o
 .ARM.attributes
                0x0000001e       0x2c c:/program files (x86)/atmel/studio/7.0/toolchain/arm/arm-gnu-toolchain/bin/../lib/gcc/arm-none-eabi/6.2.1/thumb/v6-m/crtbegin.o
 .ARM.attributes
                0x0000004a       0x32 src/ASF/common2/boards/user_board/init.o
 .ARM.attributes
                0x0000007c       0x32 src/ASF/common2/services/delay/sam0/systick_counter.o
 .ARM.attributes
                0x000000ae       0x32 src/ASF/common/utils/interrupt/interrupt_sam_nvic.o
 .ARM.attributes
                0x000000e0       0x32 src/ASF/sam0/drivers/port/port.o
 .ARM.attributes
                0x00000112       0x32 src/ASF/sam0/drivers/system/clock/clock_samd21_r21_da_ha1/clock.o
 .ARM.attributes
                0x00000144       0x32 src/ASF/sam0/drivers/system/clock/clock_samd21_r21_da_ha1/gclk.o
 .ARM.attributes
                0x00000176       0x32 src/ASF/sam0/drivers/system/pinmux/pinmux.o
 .ARM.attributes
                0x000001a8       0x32 src/ASF/sam0/drivers/system/system.o
 .ARM.attributes
                0x000001da       0x32 src/ASF/sam0/utils/cmsis/samd21/source/gcc/startup_samd21.o
 .ARM.attributes
                0x0000020c       0x32 src/main.o
 .ARM.attributes
                0x0000023e       0x1e c:/program files (x86)/atmel/studio/7.0/toolchain/arm/arm-gnu-toolchain/bin/../lib/gcc/arm-none-eabi/6.2.1/thumb/v6-m\libgcc.a(_udivsi3.o)
 .ARM.attributes
                0x0000025c       0x1e c:/program files (x86)/atmel/studio/7.0/toolchain/arm/arm-gnu-toolchain/bin/../lib/gcc/arm-none-eabi/6.2.1/thumb/v6-m\libgcc.a(_dvmd_tls.o)
 .ARM.attributes
                0x0000027a       0x2c c:/program files (x86)/atmel/studio/7.0/toolchain/arm/arm-gnu-toolchain/bin/../lib/gcc/arm-none-eabi/6.2.1/../../../../arm-none-eabi/lib/thumb/v6-m\libc_nano.a(lib_a-init.o)
 .ARM.attributes
                0x000002a6       0x1e c:/program files (x86)/atmel/studio/7.0/toolchain/arm/arm-gnu-toolchain/bin/../lib/gcc/arm-none-eabi/6.2.1/thumb/v6-m/crtn.o

.comment        0x00000000       0x59
 .comment       0x00000000       0x59 src/ASF/common2/boards/user_board/init.o
                                 0x5a (size before relaxing)
 .comment       0x00000059       0x5a src/ASF/common2/services/delay/sam0/systick_counter.o
 .comment       0x00000059       0x5a src/ASF/common/utils/interrupt/interrupt_sam_nvic.o
 .comment       0x00000059       0x5a src/ASF/sam0/drivers/port/port.o
 .comment       0x00000059       0x5a src/ASF/sam0/drivers/system/clock/clock_samd21_r21_da_ha1/clock.o
 .comment       0x00000059       0x5a src/ASF/sam0/drivers/system/clock/clock_samd21_r21_da_ha1/gclk.o
 .comment       0x00000059       0x5a src/ASF/sam0/drivers/system/pinmux/pinmux.o
 .comment       0x00000059       0x5a src/ASF/sam0/drivers/system/system.o
 .comment       0x00000059       0x5a src/ASF/sam0/utils/cmsis/samd21/source/gcc/startup_samd21.o
 .comment       0x00000059       0x5a src/main.o

.debug_info     0x00000000    0x12794
 .debug_info    0x00000000      0xa33 src/ASF/common2/boards/user_board/init.o
 .debug_info    0x00000a33      0xb81 src/ASF/common2/services/delay/sam0/systick_counter.o
 .debug_info    0x000015b4      0xafb src/ASF/common/utils/interrupt/interrupt_sam_nvic.o
 .debug_info    0x000020af     0x12aa src/ASF/sam0/drivers/port/port.o
 .debug_info    0x00003359     0x3822 src/ASF/sam0/drivers/system/clock/clock_samd21_r21_da_ha1/clock.o
 .debug_info    0x00006b7b     0x1ec5 src/ASF/sam0/drivers/system/clock/clock_samd21_r21_da_ha1/gclk.o
 .debug_info    0x00008a40     0x13e9 src/ASF/sam0/drivers/system/pinmux/pinmux.o
 .debug_info    0x00009e29      0xa67 src/ASF/sam0/drivers/system/system.o
 .debug_info    0x0000a890     0x3a49 src/ASF/sam0/utils/cmsis/samd21/source/gcc/startup_samd21.o
 .debug_info    0x0000e2d9     0x44bb src/main.o

.debug_abbrev   0x00000000     0x1d9e
 .debug_abbrev  0x00000000      0x1be src/ASF/common2/boards/user_board/init.o
 .debug_abbrev  0x000001be      0x24b src/ASF/common2/services/delay/sam0/systick_counter.o
 .debug_abbrev  0x00000409      0x22c src/ASF/common/utils/interrupt/interrupt_sam_nvic.o
 .debug_abbrev  0x00000635      0x298 src/ASF/sam0/drivers/port/port.o
 .debug_abbrev  0x000008cd      0x465 src/ASF/sam0/drivers/system/clock/clock_samd21_r21_da_ha1/clock.o
 .debug_abbrev  0x00000d32      0x3f1 src/ASF/sam0/drivers/system/clock/clock_samd21_r21_da_ha1/gclk.o
 .debug_abbrev  0x00001123      0x37b src/ASF/sam0/drivers/system/pinmux/pinmux.o
 .debug_abbrev  0x0000149e      0x1e1 src/ASF/sam0/drivers/system/system.o
 .debug_abbrev  0x0000167f      0x234 src/ASF/sam0/utils/cmsis/samd21/source/gcc/startup_samd21.o
 .debug_abbrev  0x000018b3      0x4eb src/main.o

.debug_aranges  0x00000000      0x290
 .debug_aranges
                0x00000000       0x20 src/ASF/common2/boards/user_board/init.o
 .debug_aranges
                0x00000020       0x30 src/ASF/common2/services/delay/sam0/systick_counter.o
 .debug_aranges
                0x00000050       0x28 src/ASF/common/utils/interrupt/interrupt_sam_nvic.o
 .debug_aranges
                0x00000078       0x28 src/ASF/sam0/drivers/port/port.o
 .debug_aranges
                0x000000a0       0x78 src/ASF/sam0/drivers/system/clock/clock_samd21_r21_da_ha1/clock.o
 .debug_aranges
                0x00000118       0x80 src/ASF/sam0/drivers/system/clock/clock_samd21_r21_da_ha1/gclk.o
 .debug_aranges
                0x00000198       0x40 src/ASF/sam0/drivers/system/pinmux/pinmux.o
 .debug_aranges
                0x000001d8       0x28 src/ASF/sam0/drivers/system/system.o
 .debug_aranges
                0x00000200       0x28 src/ASF/sam0/utils/cmsis/samd21/source/gcc/startup_samd21.o
 .debug_aranges
                0x00000228       0x68 src/main.o

.debug_ranges   0x00000000      0x250
 .debug_ranges  0x00000000       0x10 src/ASF/common2/boards/user_board/init.o
 .debug_ranges  0x00000010       0x50 src/ASF/common2/services/delay/sam0/systick_counter.o
 .debug_ranges  0x00000060       0x18 src/ASF/common/utils/interrupt/interrupt_sam_nvic.o
 .debug_ranges  0x00000078       0x18 src/ASF/sam0/drivers/port/port.o
 .debug_ranges  0x00000090       0x68 src/ASF/sam0/drivers/system/clock/clock_samd21_r21_da_ha1/clock.o
 .debug_ranges  0x000000f8       0x88 src/ASF/sam0/drivers/system/clock/clock_samd21_r21_da_ha1/gclk.o
 .debug_ranges  0x00000180       0x30 src/ASF/sam0/drivers/system/pinmux/pinmux.o
 .debug_ranges  0x000001b0       0x18 src/ASF/sam0/drivers/system/system.o
 .debug_ranges  0x000001c8       0x18 src/ASF/sam0/utils/cmsis/samd21/source/gcc/startup_samd21.o
 .debug_ranges  0x000001e0       0x70 src/main.o

.debug_macro    0x00000000    0x162c0
 .debug_macro   0x00000000      0x5a3 src/ASF/common2/boards/user_board/init.o
 .debug_macro   0x000005a3      0x8aa src/ASF/common2/boards/user_board/init.o
 .debug_macro   0x00000e4d      0x16d src/ASF/common2/boards/user_board/init.o
 .debug_macro   0x00000fba      0x64b src/ASF/common2/boards/user_board/init.o
 .debug_macro   0x00001605       0x22 src/ASF/common2/boards/user_board/init.o
 .debug_macro   0x00001627       0x87 src/ASF/common2/boards/user_board/init.o
 .debug_macro   0x000016ae       0x51 src/ASF/common2/boards/user_board/init.o
 .debug_macro   0x000016ff       0xef src/ASF/common2/boards/user_board/init.o
 .debug_macro   0x000017ee       0x6a src/ASF/common2/boards/user_board/init.o
 .debug_macro   0x00001858      0x1df src/ASF/common2/boards/user_board/init.o
 .debug_macro   0x00001a37       0x10 src/ASF/common2/boards/user_board/init.o
 .debug_macro   0x00001a47       0x76 src/ASF/common2/boards/user_board/init.o
 .debug_macro   0x00001abd       0x16 src/ASF/common2/boards/user_board/init.o
 .debug_macro   0x00001ad3      0x6e5 src/ASF/common2/boards/user_board/init.o
 .debug_macro   0x000021b8      0xde2 src/ASF/common2/boards/user_board/init.o
 .debug_macro   0x00002f9a       0x22 src/ASF/common2/boards/user_board/init.o
 .debug_macro   0x00002fbc       0x40 src/ASF/common2/boards/user_board/init.o
 .debug_macro   0x00002ffc       0x3a src/ASF/common2/boards/user_board/init.o
 .debug_macro   0x00003036       0x1f src/ASF/common2/boards/user_board/init.o
 .debug_macro   0x00003055      0x250 src/ASF/common2/boards/user_board/init.o
 .debug_macro   0x000032a5      0x682 src/ASF/common2/boards/user_board/init.o
 .debug_macro   0x00003927      0x8bf src/ASF/common2/boards/user_board/init.o
 .debug_macro   0x000041e6      0x235 src/ASF/common2/boards/user_board/init.o
 .debug_macro   0x0000441b      0xd6a src/ASF/common2/boards/user_board/init.o
 .debug_macro   0x00005185      0x4ce src/ASF/common2/boards/user_board/init.o
 .debug_macro   0x00005653      0x9f8 src/ASF/common2/boards/user_board/init.o
 .debug_macro   0x0000604b      0x82b src/ASF/common2/boards/user_board/init.o
 .debug_macro   0x00006876      0x45f src/ASF/common2/boards/user_board/init.o
 .debug_macro   0x00006cd5       0x5e src/ASF/common2/boards/user_board/init.o
 .debug_macro   0x00006d33      0x906 src/ASF/common2/boards/user_board/init.o
 .debug_macro   0x00007639      0x225 src/ASF/common2/boards/user_board/init.o
 .debug_macro   0x0000785e      0x963 src/ASF/common2/boards/user_board/init.o
 .debug_macro   0x000081c1       0x5e src/ASF/common2/boards/user_board/init.o
 .debug_macro   0x0000821f      0x671 src/ASF/common2/boards/user_board/init.o
 .debug_macro   0x00008890      0x3af src/ASF/common2/boards/user_board/init.o
 .debug_macro   0x00008c3f      0xc7f src/ASF/common2/boards/user_board/init.o
 .debug_macro   0x000098be     0x1092 src/ASF/common2/boards/user_board/init.o
 .debug_macro   0x0000a950      0xc4a src/ASF/common2/boards/user_board/init.o
 .debug_macro   0x0000b59a      0x6bf src/ASF/common2/boards/user_board/init.o
 .debug_macro   0x0000bc59     0x1bc9 src/ASF/common2/boards/user_board/init.o
 .debug_macro   0x0000d822     0x144a src/ASF/common2/boards/user_board/init.o
 .debug_macro   0x0000ec6c      0x34e src/ASF/common2/boards/user_board/init.o
 .debug_macro   0x0000efba       0x7c src/ASF/common2/boards/user_board/init.o
 .debug_macro   0x0000f036       0xa0 src/ASF/common2/boards/user_board/init.o
 .debug_macro   0x0000f0d6       0x4c src/ASF/common2/boards/user_board/init.o
 .debug_macro   0x0000f122       0xca src/ASF/common2/boards/user_board/init.o
 .debug_macro   0x0000f1ec       0x94 src/ASF/common2/boards/user_board/init.o
 .debug_macro   0x0000f280       0x58 src/ASF/common2/boards/user_board/init.o
 .debug_macro   0x0000f2d8      0x387 src/ASF/common2/boards/user_board/init.o
 .debug_macro   0x0000f65f       0x82 src/ASF/common2/boards/user_board/init.o
 .debug_macro   0x0000f6e1      0x197 src/ASF/common2/boards/user_board/init.o
 .debug_macro   0x0000f878       0xb8 src/ASF/common2/boards/user_board/init.o
 .debug_macro   0x0000f930       0xa0 src/ASF/common2/boards/user_board/init.o
 .debug_macro   0x0000f9d0       0xb8 src/ASF/common2/boards/user_board/init.o
 .debug_macro   0x0000fa88       0x1c src/ASF/common2/boards/user_board/init.o
 .debug_macro   0x0000faa4       0x1c src/ASF/common2/boards/user_board/init.o
 .debug_macro   0x0000fac0       0x1c src/ASF/common2/boards/user_board/init.o
 .debug_macro   0x0000fadc       0x82 src/ASF/common2/boards/user_board/init.o
 .debug_macro   0x0000fb5e      0x161 src/ASF/common2/boards/user_board/init.o
 .debug_macro   0x0000fcbf       0xdc src/ASF/common2/boards/user_board/init.o
 .debug_macro   0x0000fd9b      0x12f src/ASF/common2/boards/user_board/init.o
 .debug_macro   0x0000feca      0x12f src/ASF/common2/boards/user_board/init.o
 .debug_macro   0x0000fff9      0x12f src/ASF/common2/boards/user_board/init.o
 .debug_macro   0x00010128      0x12f src/ASF/common2/boards/user_board/init.o
 .debug_macro   0x00010257      0x124 src/ASF/common2/boards/user_board/init.o
 .debug_macro   0x0001037b       0xe2 src/ASF/common2/boards/user_board/init.o
 .debug_macro   0x0001045d       0xe2 src/ASF/common2/boards/user_board/init.o
 .debug_macro   0x0001053f       0xe2 src/ASF/common2/boards/user_board/init.o
 .debug_macro   0x00010621      0x133 src/ASF/common2/boards/user_board/init.o
 .debug_macro   0x00010754      0x106 src/ASF/common2/boards/user_board/init.o
 .debug_macro   0x0001085a       0xfa src/ASF/common2/boards/user_board/init.o
 .debug_macro   0x00010954      0x40f src/ASF/common2/boards/user_board/init.o
 .debug_macro   0x00010d63       0x40 src/ASF/common2/boards/user_board/init.o
 .debug_macro   0x00010da3      0x345 src/ASF/common2/boards/user_board/init.o
 .debug_macro   0x000110e8      0xf7d src/ASF/common2/boards/user_board/init.o
 .debug_macro   0x00012065       0x6d src/ASF/common2/boards/user_board/init.o
 .debug_macro   0x000120d2       0x52 src/ASF/common2/boards/user_board/init.o
 .debug_macro   0x00012124       0x35 src/ASF/common2/boards/user_board/init.o
 .debug_macro   0x00012159       0x9c src/ASF/common2/boards/user_board/init.o
 .debug_macro   0x000121f5       0x16 src/ASF/common2/boards/user_board/init.o
 .debug_macro   0x0001220b       0x35 src/ASF/common2/boards/user_board/init.o
 .debug_macro   0x00012240      0x330 src/ASF/common2/boards/user_board/init.o
 .debug_macro   0x00012570       0x10 src/ASF/common2/boards/user_board/init.o
 .debug_macro   0x00012580       0x52 src/ASF/common2/boards/user_board/init.o
 .debug_macro   0x000125d2       0x1f src/ASF/common2/boards/user_board/init.o
 .debug_macro   0x000125f1       0x43 src/ASF/common2/boards/user_board/init.o
 .debug_macro   0x00012634       0x20 src/ASF/common2/boards/user_board/init.o
 .debug_macro   0x00012654      0x187 src/ASF/common2/boards/user_board/init.o
 .debug_macro   0x000127db       0x10 src/ASF/common2/boards/user_board/init.o
 .debug_macro   0x000127eb       0x1c src/ASF/common2/boards/user_board/init.o
 .debug_macro   0x00012807       0x52 src/ASF/common2/boards/user_board/init.o
 .debug_macro   0x00012859       0x40 src/ASF/common2/boards/user_board/init.o
 .debug_macro   0x00012899       0x10 src/ASF/common2/boards/user_board/init.o
 .debug_macro   0x000128a9       0x40 src/ASF/common2/boards/user_board/init.o
 .debug_macro   0x000128e9       0xd7 src/ASF/common2/boards/user_board/init.o
 .debug_macro   0x000129c0       0x16 src/ASF/common2/boards/user_board/init.o
 .debug_macro   0x000129d6      0x18b src/ASF/common2/boards/user_board/init.o
 .debug_macro   0x00012b61       0x16 src/ASF/common2/boards/user_board/init.o
 .debug_macro   0x00012b77       0x16 src/ASF/common2/boards/user_board/init.o
 .debug_macro   0x00012b8d       0x29 src/ASF/common2/boards/user_board/init.o
 .debug_macro   0x00012bb6       0x51 src/ASF/common2/boards/user_board/init.o
 .debug_macro   0x00012c07       0x3f src/ASF/common2/boards/user_board/init.o
 .debug_macro   0x00012c46      0x3df src/ASF/common2/boards/user_board/init.o
 .debug_macro   0x00013025       0x11 src/ASF/common2/boards/user_board/init.o
 .debug_macro   0x00013036       0x16 src/ASF/common2/boards/user_board/init.o
 .debug_macro   0x0001304c       0x16 src/ASF/common2/boards/user_board/init.o
 .debug_macro   0x00013062      0x2c6 src/ASF/common2/boards/user_board/init.o
 .debug_macro   0x00013328       0x18 src/ASF/common2/boards/user_board/init.o
 .debug_macro   0x00013340       0x16 src/ASF/common2/boards/user_board/init.o
 .debug_macro   0x00013356       0x2e src/ASF/common2/boards/user_board/init.o
 .debug_macro   0x00013384      0x525 src/ASF/common2/services/delay/sam0/systick_counter.o
 .debug_macro   0x000138a9      0x4ea src/ASF/common/utils/interrupt/interrupt_sam_nvic.o
 .debug_macro   0x00013d93      0x506 src/ASF/sam0/drivers/port/port.o
 .debug_macro   0x00014299      0x55b src/ASF/sam0/drivers/system/clock/clock_samd21_r21_da_ha1/clock.o
 .debug_macro   0x000147f4      0x29d src/ASF/sam0/drivers/system/clock/clock_samd21_r21_da_ha1/clock.o
 .debug_macro   0x00014a91      0x520 src/ASF/sam0/drivers/system/clock/clock_samd21_r21_da_ha1/gclk.o
 .debug_macro   0x00014fb1      0x4fa src/ASF/sam0/drivers/system/pinmux/pinmux.o
 .debug_macro   0x000154ab       0x12 src/ASF/sam0/drivers/system/pinmux/pinmux.o
 .debug_macro   0x000154bd      0x52d src/ASF/sam0/drivers/system/system.o
 .debug_macro   0x000159ea      0x2d1 src/ASF/sam0/utils/cmsis/samd21/source/gcc/startup_samd21.o
 .debug_macro   0x00015cbb       0x3a src/ASF/sam0/utils/cmsis/samd21/source/gcc/startup_samd21.o
 .debug_macro   0x00015cf5      0x5cb src/main.o

.debug_line     0x00000000     0x64f3
 .debug_line    0x00000000      0xb6d src/ASF/common2/boards/user_board/init.o
 .debug_line    0x00000b6d      0x9a2 src/ASF/common2/services/delay/sam0/systick_counter.o
 .debug_line    0x0000150f      0x8ac src/ASF/common/utils/interrupt/interrupt_sam_nvic.o
 .debug_line    0x00001dbb      0x8d8 src/ASF/sam0/drivers/port/port.o
 .debug_line    0x00002693      0xc42 src/ASF/sam0/drivers/system/clock/clock_samd21_r21_da_ha1/clock.o
 .debug_line    0x000032d5      0xc54 src/ASF/sam0/drivers/system/clock/clock_samd21_r21_da_ha1/gclk.o
 .debug_line    0x00003f29      0x925 src/ASF/sam0/drivers/system/pinmux/pinmux.o
 .debug_line    0x0000484e      0x9cf src/ASF/sam0/drivers/system/system.o
 .debug_line    0x0000521d      0x62a src/ASF/sam0/utils/cmsis/samd21/source/gcc/startup_samd21.o
 .debug_line    0x00005847      0xcac src/main.o

.debug_str      0x00000000    0x80734
 .debug_str     0x00000000    0x7bb3f src/ASF/common2/boards/user_board/init.o
                              0x7c3ca (size before relaxing)
 .debug_str     0x0007bb3f       0xbc src/ASF/common2/services/delay/sam0/systick_counter.o
                              0x7b959 (size before relaxing)
 .debug_str     0x0007bbfb       0x94 src/ASF/common/utils/interrupt/interrupt_sam_nvic.o
                              0x7b749 (size before relaxing)
 .debug_str     0x0007bc8f      0x3e1 src/ASF/sam0/drivers/port/port.o
                              0x7bb60 (size before relaxing)
 .debug_str     0x0007c070     0x2e49 src/ASF/sam0/drivers/system/clock/clock_samd21_r21_da_ha1/clock.o
                              0x7e91c (size before relaxing)
 .debug_str     0x0007eeb9      0x274 src/ASF/sam0/drivers/system/clock/clock_samd21_r21_da_ha1/gclk.o
                              0x7c40c (size before relaxing)
 .debug_str     0x0007f12d      0x1c1 src/ASF/sam0/drivers/system/pinmux/pinmux.o
                              0x7bbeb (size before relaxing)
 .debug_str     0x0007f2ee       0x47 src/ASF/sam0/drivers/system/system.o
                              0x7b826 (size before relaxing)
 .debug_str     0x0007f335      0xf2d src/ASF/sam0/utils/cmsis/samd21/source/gcc/startup_samd21.o
                              0x678a4 (size before relaxing)
 .debug_str     0x00080262      0x4d2 src/main.o
                              0x7d90f (size before relaxing)

.debug_frame    0x00000000      0x5e4
 .debug_frame   0x00000000       0x20 src/ASF/common2/boards/user_board/init.o
 .debug_frame   0x00000020       0x64 src/ASF/common2/services/delay/sam0/systick_counter.o
 .debug_frame   0x00000084       0x30 src/ASF/common/utils/interrupt/interrupt_sam_nvic.o
 .debug_frame   0x000000b4       0x44 src/ASF/sam0/drivers/port/port.o
 .debug_frame   0x000000f8      0x150 src/ASF/sam0/drivers/system/clock/clock_samd21_r21_da_ha1/clock.o
 .debug_frame   0x00000248      0x148 src/ASF/sam0/drivers/system/clock/clock_samd21_r21_da_ha1/gclk.o
 .debug_frame   0x00000390       0x98 src/ASF/sam0/drivers/system/pinmux/pinmux.o
 .debug_frame   0x00000428       0x38 src/ASF/sam0/drivers/system/system.o
 .debug_frame   0x00000460       0x40 src/ASF/sam0/utils/cmsis/samd21/source/gcc/startup_samd21.o
 .debug_frame   0x000004a0       0xf8 src/main.o
 .debug_frame   0x00000598       0x20 c:/program files (x86)/atmel/studio/7.0/toolchain/arm/arm-gnu-toolchain/bin/../lib/gcc/arm-none-eabi/6.2.1/thumb/v6-m\libgcc.a(_udivsi3.o)
 .debug_frame   0x000005b8       0x2c c:/program files (x86)/atmel/studio/7.0/toolchain/arm/arm-gnu-toolchain/bin/../lib/gcc/arm-none-eabi/6.2.1/../../../../arm-none-eabi/lib/thumb/v6-m\libc_nano.a(lib_a-init.o)

.debug_loc      0x00000000     0x1d5b
 .debug_loc     0x00000000       0xe4 src/ASF/common2/services/delay/sam0/systick_counter.o
 .debug_loc     0x000000e4      0x13d src/ASF/sam0/drivers/port/port.o
 .debug_loc     0x00000221      0xf15 src/ASF/sam0/drivers/system/clock/clock_samd21_r21_da_ha1/clock.o
 .debug_loc     0x00001136      0x504 src/ASF/sam0/drivers/system/clock/clock_samd21_r21_da_ha1/gclk.o
 .debug_loc     0x0000163a      0x36d src/ASF/sam0/drivers/system/pinmux/pinmux.o
 .debug_loc     0x000019a7       0x20 src/ASF/sam0/drivers/system/system.o
 .debug_loc     0x000019c7       0x40 src/ASF/sam0/utils/cmsis/samd21/source/gcc/startup_samd21.o
 .debug_loc     0x00001a07      0x354 src/main.o

Cross Reference Table

Symbol                                            File
AC_Handler                                        src/ASF/sam0/utils/cmsis/samd21/source/gcc/startup_samd21.o
ADC_Handler                                       src/ASF/sam0/utils/cmsis/samd21/source/gcc/startup_samd21.o
DAC_Handler                                       src/ASF/sam0/utils/cmsis/samd21/source/gcc/startup_samd21.o
DMAC_Handler                                      src/ASF/sam0/utils/cmsis/samd21/source/gcc/startup_samd21.o
Dummy_Handler                                     src/ASF/sam0/utils/cmsis/samd21/source/gcc/startup_samd21.o
EIC_Handler                                       src/ASF/sam0/utils/cmsis/samd21/source/gcc/startup_samd21.o
EVSYS_Handler                                     src/ASF/sam0/utils/cmsis/samd21/source/gcc/startup_samd21.o
HardFault_Handler                                 src/ASF/sam0/utils/cmsis/samd21/source/gcc/startup_samd21.o
I2S_Handler                                       src/ASF/sam0/utils/cmsis/samd21/source/gcc/startup_samd21.o
NMI_Handler                                       src/ASF/sam0/utils/cmsis/samd21/source/gcc/startup_samd21.o
NVMCTRL_Handler                                   src/ASF/sam0/utils/cmsis/samd21/source/gcc/startup_samd21.o
PM_Handler                                        src/ASF/sam0/utils/cmsis/samd21/source/gcc/startup_samd21.o
PTC_Handler                                       src/ASF/sam0/utils/cmsis/samd21/source/gcc/startup_samd21.o
PendSV_Handler                                    src/ASF/sam0/utils/cmsis/samd21/source/gcc/startup_samd21.o
RTC_Handler                                       src/ASF/sam0/utils/cmsis/samd21/source/gcc/startup_samd21.o
Reset_Handler                                     src/ASF/sam0/utils/cmsis/samd21/source/gcc/startup_samd21.o
SERCOM0_Handler                                   src/ASF/sam0/utils/cmsis/samd21/source/gcc/startup_samd21.o
SERCOM1_Handler                                   src/ASF/sam0/utils/cmsis/samd21/source/gcc/startup_samd21.o
SERCOM2_Handler                                   src/ASF/sam0/utils/cmsis/samd21/source/gcc/startup_samd21.o
SERCOM3_Handler                                   src/ASF/sam0/utils/cmsis/samd21/source/gcc/startup_samd21.o
SVC_Handler                                       src/ASF/sam0/utils/cmsis/samd21/source/gcc/startup_samd21.o
SYSCTRL_Handler                                   src/ASF/sam0/utils/cmsis/samd21/source/gcc/startup_samd21.o
SysTick_Handler                                   src/ASF/sam0/utils/cmsis/samd21/source/gcc/startup_samd21.o
SystemCoreClock                                   src/ASF/sam0/utils/cmsis/samd21/source/system_samd21.o
SystemCoreClockUpdate                             src/ASF/sam0/utils/cmsis/samd21/source/system_samd21.o
SystemInit                                        src/ASF/sam0/utils/cmsis/samd21/source/system_samd21.o
TC3_Handler                                       src/ASF/sam0/utils/cmsis/samd21/source/gcc/startup_samd21.o
TC4_Handler                                       src/ASF/sam0/utils/cmsis/samd21/source/gcc/startup_samd21.o
TC5_Handler                                       src/ASF/sam0/utils/cmsis/samd21/source/gcc/startup_samd21.o
TCC0_Handler                                      src/ASF/sam0/utils/cmsis/samd21/source/gcc/startup_samd21.o
TCC1_Handler                                      src/ASF/sam0/utils/cmsis/samd21/source/gcc/startup_samd21.o
TCC2_Handler                                      src/ASF/sam0/utils/cmsis/samd21/source/gcc/startup_samd21.o
USB_Handler                                       src/ASF/sam0/utils/cmsis/samd21/source/gcc/startup_samd21.o
WDT_Handler                                       src/ASF/sam0/utils/cmsis/samd21/source/gcc/startup_samd21.o
_Jv_RegisterClasses                               c:/program files (x86)/atmel/studio/7.0/toolchain/arm/arm-gnu-toolchain/bin/../lib/gcc/arm-none-eabi/6.2.1/thumb/v6-m/crtbegin.o
__aeabi_idiv0                                     c:/program files (x86)/atmel/studio/7.0/toolchain/arm/arm-gnu-toolchain/bin/../lib/gcc/arm-none-eabi/6.2.1/thumb/v6-m\libgcc.a(_dvmd_tls.o)
                                                  c:/program files (x86)/atmel/studio/7.0/toolchain/arm/arm-gnu-toolchain/bin/../lib/gcc/arm-none-eabi/6.2.1/thumb/v6-m\libgcc.a(_udivsi3.o)
__aeabi_ldiv0                                     c:/program files (x86)/atmel/studio/7.0/toolchain/arm/arm-gnu-toolchain/bin/../lib/gcc/arm-none-eabi/6.2.1/thumb/v6-m\libgcc.a(_dvmd_tls.o)
__aeabi_uidiv                                     c:/program files (x86)/atmel/studio/7.0/toolchain/arm/arm-gnu-toolchain/bin/../lib/gcc/arm-none-eabi/6.2.1/thumb/v6-m\libgcc.a(_udivsi3.o)
                                                  src/ASF/sam0/drivers/system/clock/clock_samd21_r21_da_ha1/gclk.o
                                                  src/ASF/sam0/drivers/system/clock/clock_samd21_r21_da_ha1/clock.o
                                                  src/ASF/common2/services/delay/sam0/systick_counter.o
__aeabi_uidivmod                                  c:/program files (x86)/atmel/studio/7.0/toolchain/arm/arm-gnu-toolchain/bin/../lib/gcc/arm-none-eabi/6.2.1/thumb/v6-m\libgcc.a(_udivsi3.o)
                                                  src/main.o
__bss_end__                                       c:/program files (x86)/atmel/studio/7.0/toolchain/arm/arm-gnu-toolchain/bin/../lib/gcc/arm-none-eabi/6.2.1/../../../../arm-none-eabi/lib/thumb/v6-m/crt0.o
__bss_start__                                     c:/program files (x86)/atmel/studio/7.0/toolchain/arm/arm-gnu-toolchain/bin/../lib/gcc/arm-none-eabi/6.2.1/../../../../arm-none-eabi/lib/thumb/v6-m/crt0.o
__call_exitprocs                                  c:/program files (x86)/atmel/studio/7.0/toolchain/arm/arm-gnu-toolchain/bin/../lib/gcc/arm-none-eabi/6.2.1/../../../../arm-none-eabi/lib/thumb/v6-m\libc_nano.a(lib_a-exit.o)
__deregister_frame_info                           c:/program files (x86)/atmel/studio/7.0/toolchain/arm/arm-gnu-toolchain/bin/../lib/gcc/arm-none-eabi/6.2.1/thumb/v6-m/crtbegin.o
__dso_handle                                      c:/program files (x86)/atmel/studio/7.0/toolchain/arm/arm-gnu-toolchain/bin/../lib/gcc/arm-none-eabi/6.2.1/thumb/v6-m/crtbegin.o
__init_array_end                                  c:/program files (x86)/atmel/studio/7.0/toolchain/arm/arm-gnu-toolchain/bin/../lib/gcc/arm-none-eabi/6.2.1/../../../../arm-none-eabi/lib/thumb/v6-m\libc_nano.a(lib_a-init.o)
__init_array_start                                c:/program files (x86)/atmel/studio/7.0/toolchain/arm/arm-gnu-toolchain/bin/../lib/gcc/arm-none-eabi/6.2.1/../../../../arm-none-eabi/lib/thumb/v6-m\libc_nano.a(lib_a-init.o)
__libc_fini_array                                 c:/program files (x86)/atmel/studio/7.0/toolchain/arm/arm-gnu-toolchain/bin/../lib/gcc/arm-none-eabi/6.2.1/../../../../arm-none-eabi/lib/thumb/v6-m/crt0.o
__libc_init_array                                 c:/program files (x86)/atmel/studio/7.0/toolchain/arm/arm-gnu-toolchain/bin/../lib/gcc/arm-none-eabi/6.2.1/../../../../arm-none-eabi/lib/thumb/v6-m\libc_nano.a(lib_a-init.o)
                                                  src/ASF/sam0/utils/cmsis/samd21/source/gcc/startup_samd21.o
                                                  c:/program files (x86)/atmel/studio/7.0/toolchain/arm/arm-gnu-toolchain/bin/../lib/gcc/arm-none-eabi/6.2.1/../../../../arm-none-eabi/lib/thumb/v6-m/crt0.o
__preinit_array_end                               c:/program files (x86)/atmel/studio/7.0/toolchain/arm/arm-gnu-toolchain/bin/../lib/gcc/arm-none-eabi/6.2.1/../../../../arm-none-eabi/lib/thumb/v6-m\libc_nano.a(lib_a-init.o)
__preinit_array_start                             c:/program files (x86)/atmel/studio/7.0/toolchain/arm/arm-gnu-toolchain/bin/../lib/gcc/arm-none-eabi/6.2.1/../../../../arm-none-eabi/lib/thumb/v6-m\libc_nano.a(lib_a-init.o)
__register_frame_info                             c:/program files (x86)/atmel/studio/7.0/toolchain/arm/arm-gnu-toolchain/bin/../lib/gcc/arm-none-eabi/6.2.1/thumb/v6-m/crtbegin.o
__sf_fake_stderr                                  c:/program files (x86)/atmel/studio/7.0/toolchain/arm/arm-gnu-toolchain/bin/../lib/gcc/arm-none-eabi/6.2.1/../../../../arm-none-eabi/lib/thumb/v6-m\libc_nano.a(lib_a-impure.o)
__sf_fake_stdin                                   c:/program files (x86)/atmel/studio/7.0/toolchain/arm/arm-gnu-toolchain/bin/../lib/gcc/arm-none-eabi/6.2.1/../../../../arm-none-eabi/lib/thumb/v6-m\libc_nano.a(lib_a-impure.o)
__sf_fake_stdout                                  c:/program files (x86)/atmel/studio/7.0/toolchain/arm/arm-gnu-toolchain/bin/../lib/gcc/arm-none-eabi/6.2.1/../../../../arm-none-eabi/lib/thumb/v6-m\libc_nano.a(lib_a-impure.o)
__stack                                           c:/program files (x86)/atmel/studio/7.0/toolchain/arm/arm-gnu-toolchain/bin/../lib/gcc/arm-none-eabi/6.2.1/../../../../arm-none-eabi/lib/thumb/v6-m/crt0.o
__udivsi3                                         c:/program files (x86)/atmel/studio/7.0/toolchain/arm/arm-gnu-toolchain/bin/../lib/gcc/arm-none-eabi/6.2.1/thumb/v6-m\libgcc.a(_udivsi3.o)
_close                                            src/ASF/sam0/utils/syscalls/gcc/syscalls.o
_end                                              src/ASF/sam0/utils/syscalls/gcc/syscalls.o
_erelocate                                        src/ASF/sam0/utils/cmsis/samd21/source/gcc/startup_samd21.o
_estack                                           src/ASF/sam0/utils/cmsis/samd21/source/gcc/startup_samd21.o
_etext                                            src/ASF/sam0/utils/cmsis/samd21/source/gcc/startup_samd21.o
_exit                                             src/ASF/sam0/utils/syscalls/gcc/syscalls.o
                                                  c:/program files (x86)/atmel/studio/7.0/toolchain/arm/arm-gnu-toolchain/bin/../lib/gcc/arm-none-eabi/6.2.1/../../../../arm-none-eabi/lib/thumb/v6-m\libc_nano.a(lib_a-exit.o)
_ezero                                            src/ASF/sam0/utils/cmsis/samd21/source/gcc/startup_samd21.o
_fini                                             c:/program files (x86)/atmel/studio/7.0/toolchain/arm/arm-gnu-toolchain/bin/../lib/gcc/arm-none-eabi/6.2.1/thumb/v6-m/crti.o
_fstat                                            src/ASF/sam0/utils/syscalls/gcc/syscalls.o
_getpid                                           src/ASF/sam0/utils/syscalls/gcc/syscalls.o
_global_impure_ptr                                c:/program files (x86)/atmel/studio/7.0/toolchain/arm/arm-gnu-toolchain/bin/../lib/gcc/arm-none-eabi/6.2.1/../../../../arm-none-eabi/lib/thumb/v6-m\libc_nano.a(lib_a-impure.o)
                                                  c:/program files (x86)/atmel/studio/7.0/toolchain/arm/arm-gnu-toolchain/bin/../lib/gcc/arm-none-eabi/6.2.1/../../../../arm-none-eabi/lib/thumb/v6-m\libc_nano.a(lib_a-exit.o)
_impure_ptr                                       c:/program files (x86)/atmel/studio/7.0/toolchain/arm/arm-gnu-toolchain/bin/../lib/gcc/arm-none-eabi/6.2.1/../../../../arm-none-eabi/lib/thumb/v6-m\libc_nano.a(lib_a-impure.o)
_init                                             c:/program files (x86)/atmel/studio/7.0/toolchain/arm/arm-gnu-toolchain/bin/../lib/gcc/arm-none-eabi/6.2.1/thumb/v6-m/crti.o
                                                  c:/program files (x86)/atmel/studio/7.0/toolchain/arm/arm-gnu-toolchain/bin/../lib/gcc/arm-none-eabi/6.2.1/../../../../arm-none-eabi/lib/thumb/v6-m\libc_nano.a(lib_a-init.o)
_isatty                                           src/ASF/sam0/utils/syscalls/gcc/syscalls.o
_kill                                             src/ASF/sam0/utils/syscalls/gcc/syscalls.o
_lseek                                            src/ASF/sam0/utils/syscalls/gcc/syscalls.o
_mainCRTStartup                                   c:/program files (x86)/atmel/studio/7.0/toolchain/arm/arm-gnu-toolchain/bin/../lib/gcc/arm-none-eabi/6.2.1/../../../../arm-none-eabi/lib/thumb/v6-m/crt0.o
_sbrk                                             src/ASF/sam0/utils/syscalls/gcc/syscalls.o
_sfixed                                           src/ASF/sam0/utils/cmsis/samd21/source/gcc/startup_samd21.o
_srelocate                                        src/ASF/sam0/utils/cmsis/samd21/source/gcc/startup_samd21.o
_start                                            c:/program files (x86)/atmel/studio/7.0/toolchain/arm/arm-gnu-toolchain/bin/../lib/gcc/arm-none-eabi/6.2.1/../../../../arm-none-eabi/lib/thumb/v6-m/crt0.o
_system_divas_init                                src/ASF/sam0/drivers/system/system.o
_system_dummy_init                                src/ASF/sam0/drivers/system/system.o
_system_events_init                               src/ASF/sam0/drivers/system/system.o
_system_extint_init                               src/ASF/sam0/drivers/system/system.o
_szero                                            src/ASF/sam0/utils/cmsis/samd21/source/gcc/startup_samd21.o
atexit                                            c:/program files (x86)/atmel/studio/7.0/toolchain/arm/arm-gnu-toolchain/bin/../lib/gcc/arm-none-eabi/6.2.1/../../../../arm-none-eabi/lib/thumb/v6-m/crt0.o
board_init                                        src/ASF/common2/boards/user_board/init.o
configure_gclk_pin                                src/main.o
configure_power_manager                           src/main.o
cpu_irq_enter_critical                            src/ASF/common/utils/interrupt/interrupt_sam_nvic.o
                                                  src/ASF/sam0/drivers/system/clock/clock_samd21_r21_da_ha1/gclk.o
cpu_irq_leave_critical                            src/ASF/common/utils/interrupt/interrupt_sam_nvic.o
                                                  src/ASF/sam0/drivers/system/clock/clock_samd21_r21_da_ha1/gclk.o
delay_cycles_ms                                   src/ASF/common2/services/delay/sam0/systick_counter.o
                                                  src/main.o
delay_cycles_us                                   src/ASF/common2/services/delay/sam0/systick_counter.o
delay_init                                        src/ASF/common2/services/delay/sam0/systick_counter.o
                                                  src/main.o
disable_cache                                     src/main.o
exception_table                                   src/ASF/sam0/utils/cmsis/samd21/source/gcc/startup_samd21.o
exit                                              c:/program files (x86)/atmel/studio/7.0/toolchain/arm/arm-gnu-toolchain/bin/../lib/gcc/arm-none-eabi/6.2.1/../../../../arm-none-eabi/lib/thumb/v6-m\libc_nano.a(lib_a-exit.o)
                                                  c:/program files (x86)/atmel/studio/7.0/toolchain/arm/arm-gnu-toolchain/bin/../lib/gcc/arm-none-eabi/6.2.1/../../../../arm-none-eabi/lib/thumb/v6-m/crt0.o
fib                                               src/main.o
fib_test                                          src/main.o
g_interrupt_enabled                               src/ASF/common/utils/interrupt/interrupt_sam_nvic.o
hardware_init_hook                                c:/program files (x86)/atmel/studio/7.0/toolchain/arm/arm-gnu-toolchain/bin/../lib/gcc/arm-none-eabi/6.2.1/../../../../arm-none-eabi/lib/thumb/v6-m/crt0.o
link                                              src/ASF/sam0/utils/syscalls/gcc/syscalls.o
main                                              src/main.o
                                                  src/ASF/sam0/utils/cmsis/samd21/source/gcc/startup_samd21.o
                                                  c:/program files (x86)/atmel/studio/7.0/toolchain/arm/arm-gnu-toolchain/bin/../lib/gcc/arm-none-eabi/6.2.1/../../../../arm-none-eabi/lib/thumb/v6-m/crt0.o
memset                                            c:/program files (x86)/atmel/studio/7.0/toolchain/arm/arm-gnu-toolchain/bin/../lib/gcc/arm-none-eabi/6.2.1/../../../../arm-none-eabi/lib/thumb/v6-m\libc_nano.a(lib_a-memset.o)
                                                  c:/program files (x86)/atmel/studio/7.0/toolchain/arm/arm-gnu-toolchain/bin/../lib/gcc/arm-none-eabi/6.2.1/../../../../arm-none-eabi/lib/thumb/v6-m/crt0.o
port_group_set_config                             src/ASF/sam0/drivers/port/port.o
port_pin_set_config                               src/ASF/sam0/drivers/port/port.o
                                                  src/main.o
prime_number                                      src/main.o
software_init_hook                                c:/program files (x86)/atmel/studio/7.0/toolchain/arm/arm-gnu-toolchain/bin/../lib/gcc/arm-none-eabi/6.2.1/../../../../arm-none-eabi/lib/thumb/v6-m/crt0.o
switch_gclkgen_to_peripherals                     src/main.o
system_board_init                                 src/ASF/common2/boards/user_board/init.o
system_clock_init                                 src/ASF/sam0/drivers/system/clock/clock_samd21_r21_da_ha1/clock.o
system_clock_source_dfll_set_config               src/ASF/sam0/drivers/system/clock/clock_samd21_r21_da_ha1/clock.o
system_clock_source_disable                       src/ASF/sam0/drivers/system/clock/clock_samd21_r21_da_ha1/clock.o
system_clock_source_dpll_set_config               src/ASF/sam0/drivers/system/clock/clock_samd21_r21_da_ha1/clock.o
system_clock_source_enable                        src/ASF/sam0/drivers/system/clock/clock_samd21_r21_da_ha1/clock.o
system_clock_source_get_hz                        src/ASF/sam0/drivers/system/clock/clock_samd21_r21_da_ha1/clock.o
                                                  src/ASF/sam0/drivers/system/clock/clock_samd21_r21_da_ha1/gclk.o
system_clock_source_is_ready                      src/ASF/sam0/drivers/system/clock/clock_samd21_r21_da_ha1/clock.o
system_clock_source_osc32k_set_config             src/ASF/sam0/drivers/system/clock/clock_samd21_r21_da_ha1/clock.o
system_clock_source_osc8m_set_config              src/ASF/sam0/drivers/system/clock/clock_samd21_r21_da_ha1/clock.o
system_clock_source_write_calibration             src/ASF/sam0/drivers/system/clock/clock_samd21_r21_da_ha1/clock.o
system_clock_source_xosc32k_set_config            src/ASF/sam0/drivers/system/clock/clock_samd21_r21_da_ha1/clock.o
system_clock_source_xosc_set_config               src/ASF/sam0/drivers/system/clock/clock_samd21_r21_da_ha1/clock.o
system_gclk_chan_disable                          src/ASF/sam0/drivers/system/clock/clock_samd21_r21_da_ha1/gclk.o
system_gclk_chan_enable                           src/ASF/sam0/drivers/system/clock/clock_samd21_r21_da_ha1/gclk.o
system_gclk_chan_get_hz                           src/ASF/sam0/drivers/system/clock/clock_samd21_r21_da_ha1/gclk.o
                                                  src/ASF/sam0/drivers/system/clock/clock_samd21_r21_da_ha1/clock.o
system_gclk_chan_is_enabled                       src/ASF/sam0/drivers/system/clock/clock_samd21_r21_da_ha1/gclk.o
system_gclk_chan_is_locked                        src/ASF/sam0/drivers/system/clock/clock_samd21_r21_da_ha1/gclk.o
system_gclk_chan_lock                             src/ASF/sam0/drivers/system/clock/clock_samd21_r21_da_ha1/gclk.o
system_gclk_chan_set_config                       src/ASF/sam0/drivers/system/clock/clock_samd21_r21_da_ha1/gclk.o
                                                  src/ASF/sam0/drivers/system/clock/clock_samd21_r21_da_ha1/clock.o
system_gclk_gen_disable                           src/ASF/sam0/drivers/system/clock/clock_samd21_r21_da_ha1/gclk.o
system_gclk_gen_enable                            src/ASF/sam0/drivers/system/clock/clock_samd21_r21_da_ha1/gclk.o
                                                  src/ASF/sam0/drivers/system/clock/clock_samd21_r21_da_ha1/clock.o
system_gclk_gen_get_hz                            src/ASF/sam0/drivers/system/clock/clock_samd21_r21_da_ha1/gclk.o
                                                  src/ASF/common2/services/delay/sam0/systick_counter.o
system_gclk_gen_is_enabled                        src/ASF/sam0/drivers/system/clock/clock_samd21_r21_da_ha1/gclk.o
system_gclk_gen_set_config                        src/ASF/sam0/drivers/system/clock/clock_samd21_r21_da_ha1/gclk.o
                                                  src/ASF/sam0/drivers/system/clock/clock_samd21_r21_da_ha1/clock.o
system_gclk_init                                  src/ASF/sam0/drivers/system/clock/clock_samd21_r21_da_ha1/gclk.o
                                                  src/ASF/sam0/drivers/system/clock/clock_samd21_r21_da_ha1/clock.o
system_init                                       src/ASF/sam0/drivers/system/system.o
                                                  src/main.o
system_interrupt_clear_pending                    src/ASF/sam0/drivers/system/interrupt/system_interrupt.o
system_interrupt_get_priority                     src/ASF/sam0/drivers/system/interrupt/system_interrupt.o
system_interrupt_is_pending                       src/ASF/sam0/drivers/system/interrupt/system_interrupt.o
system_interrupt_set_pending                      src/ASF/sam0/drivers/system/interrupt/system_interrupt.o
system_interrupt_set_priority                     src/ASF/sam0/drivers/system/interrupt/system_interrupt.o
system_pinmux_group_set_config                    src/ASF/sam0/drivers/system/pinmux/pinmux.o
                                                  src/ASF/sam0/drivers/port/port.o
system_pinmux_group_set_input_sample_mode         src/ASF/sam0/drivers/system/pinmux/pinmux.o
system_pinmux_group_set_output_strength           src/ASF/sam0/drivers/system/pinmux/pinmux.o
system_pinmux_pin_set_config                      src/ASF/sam0/drivers/system/pinmux/pinmux.o
                                                  src/main.o
                                                  src/ASF/sam0/drivers/port/port.o
turn_off_bod33                                    src/main.o
while_one                                         src/main.o
