Archive member included because of file (symbol)

C:\Users\dell\AppData\Local\Temp\VMBuilds\Sketch1\MattairTech_Arduino_mattairtech_mt_d21e_revb_samd21e18a\Debug/core.a(cortex_handlers.c.o)
                              (Reset_Handler)
C:\Users\dell\AppData\Local\Temp\VMBuilds\Sketch1\MattairTech_Arduino_mattairtech_mt_d21e_revb_samd21e18a\Debug/core.a(delay.c.o)
                              C:\Users\dell\AppData\Local\Temp\VMBuilds\Sketch1\MattairTech_Arduino_mattairtech_mt_d21e_revb_samd21e18a\Debug\Sketch1.cpp.o (delay)
C:\Users\dell\AppData\Local\Temp\VMBuilds\Sketch1\MattairTech_Arduino_mattairtech_mt_d21e_revb_samd21e18a\Debug/core.a(hooks.c.o)
                              C:\Users\dell\AppData\Local\Temp\VMBuilds\Sketch1\MattairTech_Arduino_mattairtech_mt_d21e_revb_samd21e18a\Debug/core.a(delay.c.o) (yield)
C:\Users\dell\AppData\Local\Temp\VMBuilds\Sketch1\MattairTech_Arduino_mattairtech_mt_d21e_revb_samd21e18a\Debug/core.a(startup.c.o)
                              C:\Users\dell\AppData\Local\Temp\VMBuilds\Sketch1\MattairTech_Arduino_mattairtech_mt_d21e_revb_samd21e18a\Debug/core.a(cortex_handlers.c.o) (SystemInit)
C:\Users\dell\AppData\Local\Temp\VMBuilds\Sketch1\MattairTech_Arduino_mattairtech_mt_d21e_revb_samd21e18a\Debug/core.a(WInterrupts.c.o)
                              C:\Users\dell\AppData\Local\Temp\VMBuilds\Sketch1\MattairTech_Arduino_mattairtech_mt_d21e_revb_samd21e18a\Debug\Sketch1.cpp.o (attachInterrupt)
C:\Users\dell\AppData\Local\Temp\VMBuilds\Sketch1\MattairTech_Arduino_mattairtech_mt_d21e_revb_samd21e18a\Debug/core.a(wiring.c.o)
                              C:\Users\dell\AppData\Local\Temp\VMBuilds\Sketch1\MattairTech_Arduino_mattairtech_mt_d21e_revb_samd21e18a\Debug/core.a(startup.c.o) (SystemCoreClock)
C:\Users\dell\AppData\Local\Temp\VMBuilds\Sketch1\MattairTech_Arduino_mattairtech_mt_d21e_revb_samd21e18a\Debug/core.a(wiring_analog.c.o)
                              C:\Users\dell\AppData\Local\Temp\VMBuilds\Sketch1\MattairTech_Arduino_mattairtech_mt_d21e_revb_samd21e18a\Debug/core.a(wiring.c.o) (analogReference)
C:\Users\dell\AppData\Local\Temp\VMBuilds\Sketch1\MattairTech_Arduino_mattairtech_mt_d21e_revb_samd21e18a\Debug/core.a(wiring_digital.c.o)
                              C:\Users\dell\AppData\Local\Temp\VMBuilds\Sketch1\MattairTech_Arduino_mattairtech_mt_d21e_revb_samd21e18a\Debug\Sketch1.cpp.o (pinMode)
C:\Users\dell\AppData\Local\Temp\VMBuilds\Sketch1\MattairTech_Arduino_mattairtech_mt_d21e_revb_samd21e18a\Debug/core.a(wiring_private.c.o)
                              C:\Users\dell\AppData\Local\Temp\VMBuilds\Sketch1\MattairTech_Arduino_mattairtech_mt_d21e_revb_samd21e18a\Debug/core.a(WInterrupts.c.o) (pinPeripheral)
C:\Users\dell\AppData\Local\Temp\VMBuilds\Sketch1\MattairTech_Arduino_mattairtech_mt_d21e_revb_samd21e18a\Debug/core.a(main.cpp.o)
                              c:/users/dell/appdata/local/arduino15/packages/arduino/tools/arm-none-eabi-gcc/4.8.3-2014q1/bin/../lib/gcc/arm-none-eabi/4.8.3/../../../../arm-none-eabi/lib/armv6-m/crt0.o (main)
C:\Users\dell\AppData\Local\Temp\VMBuilds\Sketch1\MattairTech_Arduino_mattairtech_mt_d21e_revb_samd21e18a\Debug/core.a(Reset.cpp.o)
                              C:\Users\dell\AppData\Local\Temp\VMBuilds\Sketch1\MattairTech_Arduino_mattairtech_mt_d21e_revb_samd21e18a\Debug/core.a(delay.c.o) (tickReset)
C:\Users\dell\AppData\Local\Temp\VMBuilds\Sketch1\MattairTech_Arduino_mattairtech_mt_d21e_revb_samd21e18a\Debug/core.a(SERCOM.cpp.o)
                              C:\Users\dell\AppData\Local\Temp\VMBuilds\Sketch1\MattairTech_Arduino_mattairtech_mt_d21e_revb_samd21e18a\Debug\variant\variant.cpp.o (SERCOM::SERCOM(Sercom*))
C:\Users\dell\AppData\Local\Temp\VMBuilds\Sketch1\MattairTech_Arduino_mattairtech_mt_d21e_revb_samd21e18a\Debug/core.a(USBCore.cpp.o)
                              C:\Users\dell\AppData\Local\Temp\VMBuilds\Sketch1\MattairTech_Arduino_mattairtech_mt_d21e_revb_samd21e18a\Debug/core.a(main.cpp.o) (USBDeviceClass::init())
C:\Users\dell\AppData\Local\Temp\VMBuilds\Sketch1\MattairTech_Arduino_mattairtech_mt_d21e_revb_samd21e18a\Debug/core.a(abi.cpp.o)
                              C:\Users\dell\AppData\Local\Temp\VMBuilds\Sketch1\MattairTech_Arduino_mattairtech_mt_d21e_revb_samd21e18a\Debug/core.a(USBCore.cpp.o) (__cxa_pure_virtual)
C:\Users\dell\AppData\Local\Temp\VMBuilds\Sketch1\MattairTech_Arduino_mattairtech_mt_d21e_revb_samd21e18a\Debug/core.a(new.cpp.o)
                              C:\Users\dell\AppData\Local\Temp\VMBuilds\Sketch1\MattairTech_Arduino_mattairtech_mt_d21e_revb_samd21e18a\Debug/core.a(USBCore.cpp.o) (operator new(unsigned int))
C:\Users\dell\AppData\Local\Temp\VMBuilds\Sketch1\MattairTech_Arduino_mattairtech_mt_d21e_revb_samd21e18a\Debug/core.a(CDC.cpp.o)
                              C:\Users\dell\AppData\Local\Temp\VMBuilds\Sketch1\MattairTech_Arduino_mattairtech_mt_d21e_revb_samd21e18a\Debug/core.a(USBCore.cpp.o) (CDC_GetInterface(unsigned char*))
[...]
Memory Configuration

Name             Origin             Length             Attributes
FLASH            0x00000000         0x00040000         xr
RAM              0x20000000         0x00008000         xrw
*default*        0x00000000         0xffffffff

Linker script and memory map

LOAD c:/users/dell/appdata/local/arduino15/packages/arduino/tools/arm-none-eabi-gcc/4.8.3-2014q1/bin/../lib/gcc/arm-none-eabi/4.8.3/armv6-m/crti.o
LOAD c:/users/dell/appdata/local/arduino15/packages/arduino/tools/arm-none-eabi-gcc/4.8.3-2014q1/bin/../lib/gcc/arm-none-eabi/4.8.3/armv6-m/crtbegin.o
LOAD c:/users/dell/appdata/local/arduino15/packages/arduino/tools/arm-none-eabi-gcc/4.8.3-2014q1/bin/../lib/gcc/arm-none-eabi/4.8.3/../../../../arm-none-eabi/lib/armv6-m/crt0.o
LOAD C:\Users\dell\AppData\Local\Temp\VMBuilds\Sketch1\MattairTech_Arduino_mattairtech_mt_d21e_revb_samd21e18a\Debug\Sketch1.cpp.o
LOAD C:\Users\dell\AppData\Local\Temp\VMBuilds\Sketch1\MattairTech_Arduino_mattairtech_mt_d21e_revb_samd21e18a\Debug\variant\variant.cpp.o
START GROUP
LOAD C:\Users\dell\AppData\Local\arduino15\packages\arduino\tools\CMSIS\4.5.0/CMSIS/Lib/GCC/\libarm_cortexM0l_math.a
LOAD c:/users/dell/appdata/local/arduino15/packages/arduino/tools/arm-none-eabi-gcc/4.8.3-2014q1/bin/../lib/gcc/arm-none-eabi/4.8.3/../../../../arm-none-eabi/lib/armv6-m\libm.a
LOAD C:\Users\dell\AppData\Local\Temp\VMBuilds\Sketch1\MattairTech_Arduino_mattairtech_mt_d21e_revb_samd21e18a\Debug/core.a
END GROUP
START GROUP
LOAD c:/users/dell/appdata/local/arduino15/packages/arduino/tools/arm-none-eabi-gcc/4.8.3-2014q1/bin/../lib/gcc/arm-none-eabi/4.8.3/armv6-m\libgcc.a
LOAD c:/users/dell/appdata/local/arduino15/packages/arduino/tools/arm-none-eabi-gcc/4.8.3-2014q1/bin/../lib/gcc/arm-none-eabi/4.8.3/../../../../arm-none-eabi/lib/armv6-m\libc_s.a
END GROUP
START GROUP
LOAD c:/users/dell/appdata/local/arduino15/packages/arduino/tools/arm-none-eabi-gcc/4.8.3-2014q1/bin/../lib/gcc/arm-none-eabi/4.8.3/armv6-m\libgcc.a
LOAD c:/users/dell/appdata/local/arduino15/packages/arduino/tools/arm-none-eabi-gcc/4.8.3-2014q1/bin/../lib/gcc/arm-none-eabi/4.8.3/../../../../arm-none-eabi/lib/armv6-m\libc_s.a
LOAD c:/users/dell/appdata/local/arduino15/packages/arduino/tools/arm-none-eabi-gcc/4.8.3-2014q1/bin/../lib/gcc/arm-none-eabi/4.8.3/../../../../arm-none-eabi/lib/armv6-m\libnosys.a
END GROUP
START GROUP
LOAD c:/users/dell/appdata/local/arduino15/packages/arduino/tools/arm-none-eabi-gcc/4.8.3-2014q1/bin/../lib/gcc/arm-none-eabi/4.8.3/armv6-m\libgcc.a
LOAD c:/users/dell/appdata/local/arduino15/packages/arduino/tools/arm-none-eabi-gcc/4.8.3-2014q1/bin/../lib/gcc/arm-none-eabi/4.8.3/../../../../arm-none-eabi/lib/armv6-m\libc_s.a
LOAD c:/users/dell/appdata/local/arduino15/packages/arduino/tools/arm-none-eabi-gcc/4.8.3-2014q1/bin/../lib/gcc/arm-none-eabi/4.8.3/../../../../arm-none-eabi/lib/armv6-m\libnosys.a
END GROUP
LOAD c:/users/dell/appdata/local/arduino15/packages/arduino/tools/arm-none-eabi-gcc/4.8.3-2014q1/bin/../lib/gcc/arm-none-eabi/4.8.3/armv6-m/crtend.o
LOAD c:/users/dell/appdata/local/arduino15/packages/arduino/tools/arm-none-eabi-gcc/4.8.3-2014q1/bin/../lib/gcc/arm-none-eabi/4.8.3/armv6-m/crtn.o

.text           0x00000000     0x2020
                0x00000000                __text_start__ = .
 *(.isr_vector)
 .isr_vector    0x00000000       0xb4 C:\Users\dell\AppData\Local\Temp\VMBuilds\Sketch1\MattairTech_Arduino_mattairtech_mt_d21e_revb_samd21e18a\Debug/core.a(cortex_handlers.c.o)
                0x00000000                exception_table
 *(.text*)
 .text          0x000000b4       0x60 c:/users/dell/appdata/local/arduino15/packages/arduino/tools/arm-none-eabi-gcc/4.8.3-2014q1/bin/../lib/gcc/arm-none-eabi/4.8.3/armv6-m/crtbegin.o
 .text._Z16enableInterruptsv
                0x00000114       0x18 C:\Users\dell\AppData\Local\Temp\VMBuilds\Sketch1\MattairTech_Arduino_mattairtech_mt_d21e_revb_samd21e18a\Debug\Sketch1.cpp.o
                0x00000114                enableInterrupts()
 .text._Z17disableInterruptsv
                0x0000012c       0x18 C:\Users\dell\AppData\Local\Temp\VMBuilds\Sketch1\MattairTech_Arduino_mattairtech_mt_d21e_revb_samd21e18a\Debug\Sketch1.cpp.o
                0x0000012c                disableInterrupts()
 .text._Z11buttonISR_Mv
                0x00000144        0xc C:\Users\dell\AppData\Local\Temp\VMBuilds\Sketch1\MattairTech_Arduino_mattairtech_mt_d21e_revb_samd21e18a\Debug\Sketch1.cpp.o
                0x00000144                buttonISR_M()
 .text.setup    0x00000150       0x2c C:\Users\dell\AppData\Local\Temp\VMBuilds\Sketch1\MattairTech_Arduino_mattairtech_mt_d21e_revb_samd21e18a\Debug\Sketch1.cpp.o
                0x00000150                setup
 .text.loop     0x0000017c       0x90 C:\Users\dell\AppData\Local\Temp\VMBuilds\Sketch1\MattairTech_Arduino_mattairtech_mt_d21e_revb_samd21e18a\Debug\Sketch1.cpp.o
                0x0000017c                loop
 .text.startup._GLOBAL__sub_I_g_APinDescription
                0x0000020c       0x44 C:\Users\dell\AppData\Local\Temp\VMBuilds\Sketch1\MattairTech_Arduino_mattairtech_mt_d21e_revb_samd21e18a\Debug\variant\variant.cpp.o
 .text.Dummy_Handler
                0x00000250        0x2 C:\Users\dell\AppData\Local\Temp\VMBuilds\Sketch1\MattairTech_Arduino_mattairtech_mt_d21e_revb_samd21e18a\Debug/core.a(cortex_handlers.c.o)
                0x00000250                DMAC_Handler
                0x00000250                TRNG_Handler
                0x00000250                TC2_Handler
                0x00000250                AC_Handler
                0x00000250                PendSV_Handler
                0x00000250                NMI_Handler
                0x00000250                TC7_Handler
                0x00000250                SERCOM1_Handler
                0x00000250                ADC_Handler
                0x00000250                TCC1_Handler
                0x00000250                SERCOM2_Handler
                0x00000250                TCC0_Handler
                0x00000250                RTC_Handler
                0x00000250                ADC1_Handler
                0x00000250                TC6_Handler
                0x00000250                WDT_Handler
                0x00000250                CAN0_Handler
                0x00000250                TC4_Handler
                0x00000250                TC1_Handler
                0x00000250                TC3_Handler
                0x00000250                SDADC_Handler
                0x00000250                Dummy_Handler
                0x00000250                PM_Handler
                0x00000250                SERCOM5_Handler
                0x00000250                CAN1_Handler
                0x00000250                ADC0_Handler
                0x00000250                TSENS_Handler
                0x00000250                SVC_Handler
                0x00000250                TCC2_Handler
                0x00000250                EVSYS_Handler
                0x00000250                SERCOM3_Handler
                0x00000250                SERCOM4_Handler
                0x00000250                I2S_Handler
                0x00000250                NVMCTRL_Handler
                0x00000250                SYSTEM_Handler
                0x00000250                SERCOM0_Handler
                0x00000250                DAC_Handler
                0x00000250                PTC_Handler
                0x00000250                FREQM_Handler
                0x00000250                TC0_Handler
                0x00000250                TC5_Handler
                0x00000250                AES_Handler
                0x00000250                SYSCTRL_Handler
 *fill*         0x00000252        0x2 
 .text.USB_Handler
                0x00000254       0x14 C:\Users\dell\AppData\Local\Temp\VMBuilds\Sketch1\MattairTech_Arduino_mattairtech_mt_d21e_revb_samd21e18a\Debug/core.a(cortex_handlers.c.o)
                0x00000254                USB_Handler
 .text.HardFault_Handler
                0x00000268        0x4 C:\Users\dell\AppData\Local\Temp\VMBuilds\Sketch1\MattairTech_Arduino_mattairtech_mt_d21e_revb_samd21e18a\Debug/core.a(cortex_handlers.c.o)
                0x00000268                HardFault_Handler
 .text.Reset_Handler
                0x0000026c       0x9c C:\Users\dell\AppData\Local\Temp\VMBuilds\Sketch1\MattairTech_Arduino_mattairtech_mt_d21e_revb_samd21e18a\Debug/core.a(cortex_handlers.c.o)
                0x0000026c                Reset_Handler
 .text.SysTick_Handler
                0x00000308       0x10 C:\Users\dell\AppData\Local\Temp\VMBuilds\Sketch1\MattairTech_Arduino_mattairtech_mt_d21e_revb_samd21e18a\Debug/core.a(cortex_handlers.c.o)
                0x00000308                SysTick_Handler
 .text.USB_SetHandler
                0x00000318        0xc C:\Users\dell\AppData\Local\Temp\VMBuilds\Sketch1\MattairTech_Arduino_mattairtech_mt_d21e_revb_samd21e18a\Debug/core.a(cortex_handlers.c.o)
                0x00000318                USB_SetHandler
 .text.delay    0x00000324       0x20 C:\Users\dell\AppData\Local\Temp\VMBuilds\Sketch1\MattairTech_Arduino_mattairtech_mt_d21e_revb_samd21e18a\Debug/core.a(delay.c.o)
                0x00000324                delay
 .text.SysTick_DefaultHandler
                0x00000344       0x14 C:\Users\dell\AppData\Local\Temp\VMBuilds\Sketch1\MattairTech_Arduino_mattairtech_mt_d21e_revb_samd21e18a\Debug/core.a(delay.c.o)
                0x00000344                SysTick_DefaultHandler
 .text.__empty  0x00000358        0x2 C:\Users\dell\AppData\Local\Temp\VMBuilds\Sketch1\MattairTech_Arduino_mattairtech_mt_d21e_revb_samd21e18a\Debug/core.a(hooks.c.o)
                0x00000358                yield
 .text.__false  0x0000035a        0x4 C:\Users\dell\AppData\Local\Temp\VMBuilds\Sketch1\MattairTech_Arduino_mattairtech_mt_d21e_revb_samd21e18a\Debug/core.a(hooks.c.o)
                0x0000035a                sysTickHook
 *fill*         0x0000035e        0x2 
 .text.waitForSync
                0x00000360       0x10 C:\Users\dell\AppData\Local\Temp\VMBuilds\Sketch1\MattairTech_Arduino_mattairtech_mt_d21e_revb_samd21e18a\Debug/core.a(startup.c.o)
                0x00000360                waitForSync
 .text.SystemInit
                0x00000370       0x8c C:\Users\dell\AppData\Local\Temp\VMBuilds\Sketch1\MattairTech_Arduino_mattairtech_mt_d21e_revb_samd21e18a\Debug/core.a(startup.c.o)
                0x00000370                SystemInit
 .text.attachInterrupt
                0x000003fc      0x118 C:\Users\dell\AppData\Local\Temp\VMBuilds\Sketch1\MattairTech_Arduino_mattairtech_mt_d21e_revb_samd21e18a\Debug/core.a(WInterrupts.c.o)
                0x000003fc                attachInterrupt
 .text.EIC_Handler
                0x00000514       0x3c C:\Users\dell\AppData\Local\Temp\VMBuilds\Sketch1\MattairTech_Arduino_mattairtech_mt_d21e_revb_samd21e18a\Debug/core.a(WInterrupts.c.o)
                0x00000514                EIC_Handler
 .text.init     0x00000550      0x130 C:\Users\dell\AppData\Local\Temp\VMBuilds\Sketch1\MattairTech_Arduino_mattairtech_mt_d21e_revb_samd21e18a\Debug/core.a(wiring.c.o)
                0x00000550                init
 .text.analogReference
                0x00000680       0xa8 C:\Users\dell\AppData\Local\Temp\VMBuilds\Sketch1\MattairTech_Arduino_mattairtech_mt_d21e_revb_samd21e18a\Debug/core.a(wiring_analog.c.o)
                0x00000680                analogReference
 .text.pinMode  0x00000728        0x8 C:\Users\dell\AppData\Local\Temp\VMBuilds\Sketch1\MattairTech_Arduino_mattairtech_mt_d21e_revb_samd21e18a\Debug/core.a(wiring_digital.c.o)
                0x00000728                pinMode
 .text.digitalWrite
                0x00000730       0x9c C:\Users\dell\AppData\Local\Temp\VMBuilds\Sketch1\MattairTech_Arduino_mattairtech_mt_d21e_revb_samd21e18a\Debug/core.a(wiring_digital.c.o)
                0x00000730                digitalWrite
 .text.pinPeripheral
                0x000007cc      0x1b4 C:\Users\dell\AppData\Local\Temp\VMBuilds\Sketch1\MattairTech_Arduino_mattairtech_mt_d21e_revb_samd21e18a\Debug/core.a(wiring_private.c.o)
                0x000007cc                pinPeripheral
 .text._Z11initVariantv
                0x00000980        0x2 C:\Users\dell\AppData\Local\Temp\VMBuilds\Sketch1\MattairTech_Arduino_mattairtech_mt_d21e_revb_samd21e18a\Debug/core.a(main.cpp.o)
                0x00000980                initVariant()
 *fill*         0x00000982        0x2 
 .text.startup.main
                0x00000984       0x40 C:\Users\dell\AppData\Local\Temp\VMBuilds\Sketch1\MattairTech_Arduino_mattairtech_mt_d21e_revb_samd21e18a\Debug/core.a(main.cpp.o)
                0x00000984                main
 .text.initiateReset
                0x000009c4        0xc C:\Users\dell\AppData\Local\Temp\VMBuilds\Sketch1\MattairTech_Arduino_mattairtech_mt_d21e_revb_samd21e18a\Debug/core.a(Reset.cpp.o)
                0x000009c4                initiateReset
 .text.cancelReset
                0x000009d0       0x10 C:\Users\dell\AppData\Local\Temp\VMBuilds\Sketch1\MattairTech_Arduino_mattairtech_mt_d21e_revb_samd21e18a\Debug/core.a(Reset.cpp.o)
                0x000009d0                cancelReset
 .text.tickReset
                0x000009e0       0x20 C:\Users\dell\AppData\Local\Temp\VMBuilds\Sketch1\MattairTech_Arduino_mattairtech_mt_d21e_revb_samd21e18a\Debug/core.a(Reset.cpp.o)
                0x000009e0                tickReset
 .text._ZN6SERCOMC2EP6Sercom
                0x00000a00        0x4 C:\Users\dell\AppData\Local\Temp\VMBuilds\Sketch1\MattairTech_Arduino_mattairtech_mt_d21e_revb_samd21e18a\Debug/core.a(SERCOM.cpp.o)
                0x00000a00                SERCOM::SERCOM(Sercom*)
                0x00000a00                SERCOM::SERCOM(Sercom*)
 .text._ZL5utox8mPc
                0x00000a04       0x1c C:\Users\dell\AppData\Local\Temp\VMBuilds\Sketch1\MattairTech_Arduino_mattairtech_mt_d21e_revb_samd21e18a\Debug/core.a(USBCore.cpp.o)
 .text._ZN14USBDeviceClass6initEPEmm.part.4
                0x00000a20       0x80 C:\Users\dell\AppData\Local\Temp\VMBuilds\Sketch1\MattairTech_Arduino_mattairtech_mt_d21e_revb_samd21e18a\Debug/core.a(USBCore.cpp.o)
 .text._ZN20USBDevice_SAMD21G18x5resetEv
                0x00000aa0       0x28 C:\Users\dell\AppData\Local\Temp\VMBuilds\Sketch1\MattairTech_Arduino_mattairtech_mt_d21e_revb_samd21e18a\Debug/core.a(USBCore.cpp.o)
                0x00000aa0                USBDevice_SAMD21G18x::reset()
 .text._ZN20USBDevice_SAMD21G18x9calibrateEv
                0x00000ac8       0x5c C:\Users\dell\AppData\Local\Temp\VMBuilds\Sketch1\MattairTech_Arduino_mattairtech_mt_d21e_revb_samd21e18a\Debug/core.a(USBCore.cpp.o)
                0x00000ac8                USBDevice_SAMD21G18x::calibrate()
 .text._ZN7__GuardC2Ev
                0x00000b24        0xe C:\Users\dell\AppData\Local\Temp\VMBuilds\Sketch1\MattairTech_Arduino_mattairtech_mt_d21e_revb_samd21e18a\Debug/core.a(USBCore.cpp.o)
                0x00000b24                __Guard::__Guard()
                0x00000b24                __Guard::__Guard()
 .text._ZN7__GuardD2Ev
                0x00000b32        0xe C:\Users\dell\AppData\Local\Temp\VMBuilds\Sketch1\MattairTech_Arduino_mattairtech_mt_d21e_revb_samd21e18a\Debug/core.a(USBCore.cpp.o)
                0x00000b32                __Guard::~__Guard()
                0x00000b32                __Guard::~__Guard()
 .text._ZNK26DoubleBufferedEPOutHandler9availableEv
                0x00000b40       0x5e C:\Users\dell\AppData\Local\Temp\VMBuilds\Sketch1\MattairTech_Arduino_mattairtech_mt_d21e_revb_samd21e18a\Debug/core.a(USBCore.cpp.o)
                0x00000b40                DoubleBufferedEPOutHandler::available() const
 *fill*         0x00000b9e        0x2 
 .text._ZN26DoubleBufferedEPOutHandler7releaseEv
                0x00000ba0       0x58 C:\Users\dell\AppData\Local\Temp\VMBuilds\Sketch1\MattairTech_Arduino_mattairtech_mt_d21e_revb_samd21e18a\Debug/core.a(USBCore.cpp.o)
                0x00000ba0                DoubleBufferedEPOutHandler::release()
 .text._ZN26DoubleBufferedEPOutHandler4recvEPvm
                0x00000bf8      0x11c C:\Users\dell\AppData\Local\Temp\VMBuilds\Sketch1\MattairTech_Arduino_mattairtech_mt_d21e_revb_samd21e18a\Debug/core.a(USBCore.cpp.o)
                0x00000bf8                DoubleBufferedEPOutHandler::recv(void*, unsigned long)
 .text._ZN26DoubleBufferedEPOutHandler14handleEndpointEv
                0x00000d14       0xc8 C:\Users\dell\AppData\Local\Temp\VMBuilds\Sketch1\MattairTech_Arduino_mattairtech_mt_d21e_revb_samd21e18a\Debug/core.a(USBCore.cpp.o)
                0x00000d14                DoubleBufferedEPOutHandler::handleEndpoint()
 .text._ZN14USBDeviceClass14SendInterfacesEPm
                0x00000ddc       0x2c C:\Users\dell\AppData\Local\Temp\VMBuilds\Sketch1\MattairTech_Arduino_mattairtech_mt_d21e_revb_samd21e18a\Debug/core.a(USBCore.cpp.o)
                0x00000ddc                USBDeviceClass::SendInterfaces(unsigned long*)
 .text._ZN14USBDeviceClass14handleEndpointEh
                0x00000e08       0x40 C:\Users\dell\AppData\Local\Temp\VMBuilds\Sketch1\MattairTech_Arduino_mattairtech_mt_d21e_revb_samd21e18a\Debug/core.a(USBCore.cpp.o)
                0x00000e08                USBDeviceClass::handleEndpoint(unsigned char)
 .text._ZN14USBDeviceClass4initEv
                0x00000e48       0xf4 C:\Users\dell\AppData\Local\Temp\VMBuilds\Sketch1\MattairTech_Arduino_mattairtech_mt_d21e_revb_samd21e18a\Debug/core.a(USBCore.cpp.o)
                0x00000e48                USBDeviceClass::init()
 .text._ZN14USBDeviceClass6attachEv
                0x00000f3c       0x34 C:\Users\dell\AppData\Local\Temp\VMBuilds\Sketch1\MattairTech_Arduino_mattairtech_mt_d21e_revb_samd21e18a\Debug/core.a(USBCore.cpp.o)
                0x00000f3c                USBDeviceClass::attach()
 .text._ZN14USBDeviceClass10setAddressEm
                0x00000f70       0x48 C:\Users\dell\AppData\Local\Temp\VMBuilds\Sketch1\MattairTech_Arduino_mattairtech_mt_d21e_revb_samd21e18a\Debug/core.a(USBCore.cpp.o)
                0x00000f70                USBDeviceClass::setAddress(unsigned long)
 .text._ZN14USBDeviceClass25handleClassInterfaceSetupER8USBSetup
                0x00000fb8       0x40 C:\Users\dell\AppData\Local\Temp\VMBuilds\Sketch1\MattairTech_Arduino_mattairtech_mt_d21e_revb_samd21e18a\Debug/core.a(USBCore.cpp.o)
                0x00000fb8                USBDeviceClass::handleClassInterfaceSetup(USBSetup&)
 .text._ZN14USBDeviceClass6initEPEmm
                0x00000ff8      0x128 C:\Users\dell\AppData\Local\Temp\VMBuilds\Sketch1\MattairTech_Arduino_mattairtech_mt_d21e_revb_samd21e18a\Debug/core.a(USBCore.cpp.o)
                0x00000ff8                USBDeviceClass::initEP(unsigned long, unsigned long)
 .text._ZN14USBDeviceClass13initEndpointsEv
                0x00001120       0x24 C:\Users\dell\AppData\Local\Temp\VMBuilds\Sketch1\MattairTech_Arduino_mattairtech_mt_d21e_revb_samd21e18a\Debug/core.a(USBCore.cpp.o)
                0x00001120                USBDeviceClass::initEndpoints()
 .text._ZN14USBDeviceClass9availableEm
                0x00001144       0x2c C:\Users\dell\AppData\Local\Temp\VMBuilds\Sketch1\MattairTech_Arduino_mattairtech_mt_d21e_revb_samd21e18a\Debug/core.a(USBCore.cpp.o)
                0x00001144                USBDeviceClass::available(unsigned long)
 .text._ZN14USBDeviceClass5flushEm
                0x00001170       0x2c C:\Users\dell\AppData\Local\Temp\VMBuilds\Sketch1\MattairTech_Arduino_mattairtech_mt_d21e_revb_samd21e18a\Debug/core.a(USBCore.cpp.o)
                0x00001170                USBDeviceClass::flush(unsigned long)
 .text._ZN14USBDeviceClass14armRecvCtrlOUTEm
                0x0000119c       0x60 C:\Users\dell\AppData\Local\Temp\VMBuilds\Sketch1\MattairTech_Arduino_mattairtech_mt_d21e_revb_samd21e18a\Debug/core.a(USBCore.cpp.o)
                0x0000119c                USBDeviceClass::armRecvCtrlOUT(unsigned long)
 .text._ZN14USBDeviceClass11recvControlEPvm
                0x000011fc       0x3c C:\Users\dell\AppData\Local\Temp\VMBuilds\Sketch1\MattairTech_Arduino_mattairtech_mt_d21e_revb_samd21e18a\Debug/core.a(USBCore.cpp.o)
                0x000011fc                USBDeviceClass::recvControl(void*, unsigned long)
 .text._ZN14USBDeviceClass7armRecvEm
                0x00001238       0x3c C:\Users\dell\AppData\Local\Temp\VMBuilds\Sketch1\MattairTech_Arduino_mattairtech_mt_d21e_revb_samd21e18a\Debug/core.a(USBCore.cpp.o)
                0x00001238                USBDeviceClass::armRecv(unsigned long)
 .text._ZN14USBDeviceClass4recvEmPvm
                0x00001274       0xd8 C:\Users\dell\AppData\Local\Temp\VMBuilds\Sketch1\MattairTech_Arduino_mattairtech_mt_d21e_revb_samd21e18a\Debug/core.a(USBCore.cpp.o)
                0x00001274                USBDeviceClass::recv(unsigned long, void*, unsigned long)
 .text._ZN14USBDeviceClass4recvEm
                0x0000134c       0x1c C:\Users\dell\AppData\Local\Temp\VMBuilds\Sketch1\MattairTech_Arduino_mattairtech_mt_d21e_revb_samd21e18a\Debug/core.a(USBCore.cpp.o)
                0x0000134c                USBDeviceClass::recv(unsigned long)
 .text._ZN14USBDeviceClass4sendEmPKvm
                0x00001368      0x124 C:\Users\dell\AppData\Local\Temp\VMBuilds\Sketch1\MattairTech_Arduino_mattairtech_mt_d21e_revb_samd21e18a\Debug/core.a(USBCore.cpp.o)
                0x00001368                USBDeviceClass::send(unsigned long, void const*, unsigned long)
 .text._ZN14USBDeviceClass7armSendEmPKvm
                0x0000148c       0x48 C:\Users\dell\AppData\Local\Temp\VMBuilds\Sketch1\MattairTech_Arduino_mattairtech_mt_d21e_revb_samd21e18a\Debug/core.a(USBCore.cpp.o)
                0x0000148c                USBDeviceClass::armSend(unsigned long, void const*, unsigned long)
 .text._ZN14USBDeviceClass11sendControlEPKvm
                0x000014d4       0x58 C:\Users\dell\AppData\Local\Temp\VMBuilds\Sketch1\MattairTech_Arduino_mattairtech_mt_d21e_revb_samd21e18a\Debug/core.a(USBCore.cpp.o)
                0x000014d4                USBDeviceClass::sendControl(void const*, unsigned long)
 .text._ZN14USBDeviceClass20sendStringDescriptorEPKhh
                0x0000152c       0x68 C:\Users\dell\AppData\Local\Temp\VMBuilds\Sketch1\MattairTech_Arduino_mattairtech_mt_d21e_revb_samd21e18a\Debug/core.a(USBCore.cpp.o)
                0x0000152c                USBDeviceClass::sendStringDescriptor(unsigned char const*, unsigned char)
 .text._ZN14USBDeviceClass12packMessagesEb.part.6
                0x00001594       0x20 C:\Users\dell\AppData\Local\Temp\VMBuilds\Sketch1\MattairTech_Arduino_mattairtech_mt_d21e_revb_samd21e18a\Debug/core.a(USBCore.cpp.o)
 .text._ZN14USBDeviceClass17sendConfigurationEm
                0x000015b4       0x90 C:\Users\dell\AppData\Local\Temp\VMBuilds\Sketch1\MattairTech_Arduino_mattairtech_mt_d21e_revb_samd21e18a\Debug/core.a(USBCore.cpp.o)
                0x000015b4                USBDeviceClass::sendConfiguration(unsigned long)
 .text._ZN14USBDeviceClass14sendDescriptorER8USBSetup
                0x00001644       0xec C:\Users\dell\AppData\Local\Temp\VMBuilds\Sketch1\MattairTech_Arduino_mattairtech_mt_d21e_revb_samd21e18a\Debug/core.a(USBCore.cpp.o)
                0x00001644                USBDeviceClass::sendDescriptor(USBSetup&)
 .text._ZN14USBDeviceClass19handleStandardSetupER8USBSetup
                0x00001730      0x118 C:\Users\dell\AppData\Local\Temp\VMBuilds\Sketch1\MattairTech_Arduino_mattairtech_mt_d21e_revb_samd21e18a\Debug/core.a(USBCore.cpp.o)
                0x00001730                USBDeviceClass::handleStandardSetup(USBSetup&)
 .text._ZN14USBDeviceClass10ISRHandlerEv
                0x00001848      0x150 C:\Users\dell\AppData\Local\Temp\VMBuilds\Sketch1\MattairTech_Arduino_mattairtech_mt_d21e_revb_samd21e18a\Debug/core.a(USBCore.cpp.o)
                0x00001848                USBDeviceClass::ISRHandler()
 .text.UDD_Handler
                0x00001998       0x10 C:\Users\dell\AppData\Local\Temp\VMBuilds\Sketch1\MattairTech_Arduino_mattairtech_mt_d21e_revb_samd21e18a\Debug/core.a(USBCore.cpp.o)
                0x00001998                UDD_Handler
 .text.startup._GLOBAL__sub_I__ZN20USBDevice_SAMD21G18x5resetEv
                0x000019a8       0x10 C:\Users\dell\AppData\Local\Temp\VMBuilds\Sketch1\MattairTech_Arduino_mattairtech_mt_d21e_revb_samd21e18a\Debug/core.a(USBCore.cpp.o)
 .text._Znwj    0x000019b8        0x8 C:\Users\dell\AppData\Local\Temp\VMBuilds\Sketch1\MattairTech_Arduino_mattairtech_mt_d21e_revb_samd21e18a\Debug/core.a(new.cpp.o)
                0x000019b8                operator new(unsigned int)
 .text._ZN7Serial_17availableForWriteEv
                0x000019c0        0x4 C:\Users\dell\AppData\Local\Temp\VMBuilds\Sketch1\MattairTech_Arduino_mattairtech_mt_d21e_revb_samd21e18a\Debug/core.a(CDC.cpp.o)
                0x000019c0                Serial_::availableForWrite()
 .text._ZN7Serial_5writeEh
                0x000019c4       0x14 C:\Users\dell\AppData\Local\Temp\VMBuilds\Sketch1\MattairTech_Arduino_mattairtech_mt_d21e_revb_samd21e18a\Debug/core.a(CDC.cpp.o)
                0x000019c4                Serial_::write(unsigned char)
 .text._ZN7Serial_9availableEv
                0x000019d8        0xc C:\Users\dell\AppData\Local\Temp\VMBuilds\Sketch1\MattairTech_Arduino_mattairtech_mt_d21e_revb_samd21e18a\Debug/core.a(CDC.cpp.o)
                0x000019d8                Serial_::available()
 .text._ZN7Serial_5flushEv
                0x000019e4        0xc C:\Users\dell\AppData\Local\Temp\VMBuilds\Sketch1\MattairTech_Arduino_mattairtech_mt_d21e_revb_samd21e18a\Debug/core.a(CDC.cpp.o)
                0x000019e4                Serial_::flush()
 .text._ZN7Serial_5writeEPKhj
                0x000019f0       0x1c C:\Users\dell\AppData\Local\Temp\VMBuilds\Sketch1\MattairTech_Arduino_mattairtech_mt_d21e_revb_samd21e18a\Debug/core.a(CDC.cpp.o)
                0x000019f0                Serial_::write(unsigned char const*, unsigned int)
 .text._ZN7Serial_4peekEv
                0x00001a0c       0x1c C:\Users\dell\AppData\Local\Temp\VMBuilds\Sketch1\MattairTech_Arduino_mattairtech_mt_d21e_revb_samd21e18a\Debug/core.a(CDC.cpp.o)
                0x00001a0c                Serial_::peek()
 .text._ZN7Serial_4readEv
                0x00001a28       0x24 C:\Users\dell\AppData\Local\Temp\VMBuilds\Sketch1\MattairTech_Arduino_mattairtech_mt_d21e_revb_samd21e18a\Debug/core.a(CDC.cpp.o)
                0x00001a28                Serial_::read()
 .text._Z16CDC_GetInterfacePh
                0x00001a4c       0x1c C:\Users\dell\AppData\Local\Temp\VMBuilds\Sketch1\MattairTech_Arduino_mattairtech_mt_d21e_revb_samd21e18a\Debug/core.a(CDC.cpp.o)
                0x00001a4c                CDC_GetInterface(unsigned char*)
 .text._Z9CDC_SetupR8USBSetup
                0x00001a68       0x80 C:\Users\dell\AppData\Local\Temp\VMBuilds\Sketch1\MattairTech_Arduino_mattairtech_mt_d21e_revb_samd21e18a\Debug/core.a(CDC.cpp.o)
                0x00001a68                CDC_Setup(USBSetup&)
 .text.startup._GLOBAL__sub_I__Z17_CDC_GetInterfacev
                0x00001ae8       0x28 C:\Users\dell\AppData\Local\Temp\VMBuilds\Sketch1\MattairTech_Arduino_mattairtech_mt_d21e_revb_samd21e18a\Debug/core.a(CDC.cpp.o)
 .text._ZN13PluggableUSB_12getInterfaceEPh
                0x00001b10       0x2a C:\Users\dell\AppData\Local\Temp\VMBuilds\Sketch1\MattairTech_Arduino_mattairtech_mt_d21e_revb_samd21e18a\Debug/core.a(PluggableUSB.cpp.o)
                0x00001b10                PluggableUSB_::getInterface(unsigned char*)
 .text._ZN13PluggableUSB_13getDescriptorER8USBSetup
                0x00001b3a       0x20 C:\Users\dell\AppData\Local\Temp\VMBuilds\Sketch1\MattairTech_Arduino_mattairtech_mt_d21e_revb_samd21e18a\Debug/core.a(PluggableUSB.cpp.o)
                0x00001b3a                PluggableUSB_::getDescriptor(USBSetup&)
 .text._ZN13PluggableUSB_12getShortNameEPc
                0x00001b5a       0x1e C:\Users\dell\AppData\Local\Temp\VMBuilds\Sketch1\MattairTech_Arduino_mattairtech_mt_d21e_revb_samd21e18a\Debug/core.a(PluggableUSB.cpp.o)
                0x00001b5a                PluggableUSB_::getShortName(char*)
 .text._ZN13PluggableUSB_5setupER8USBSetup
                0x00001b78       0x24 C:\Users\dell\AppData\Local\Temp\VMBuilds\Sketch1\MattairTech_Arduino_mattairtech_mt_d21e_revb_samd21e18a\Debug/core.a(PluggableUSB.cpp.o)
                0x00001b78                PluggableUSB_::setup(USBSetup&)
 .text._Z12PluggableUSBv
                0x00001b9c       0x24 C:\Users\dell\AppData\Local\Temp\VMBuilds\Sketch1\MattairTech_Arduino_mattairtech_mt_d21e_revb_samd21e18a\Debug/core.a(PluggableUSB.cpp.o)
                0x00001b9c                PluggableUSB()
 .text          0x00001bc0       0x14 c:/users/dell/appdata/local/arduino15/packages/arduino/tools/arm-none-eabi-gcc/4.8.3-2014q1/bin/../lib/gcc/arm-none-eabi/4.8.3/armv6-m\libgcc.a(_thumb1_case_uqi.o)
                0x00001bc0                __gnu_thumb1_case_uqi
 .text          0x00001bd4       0x9c c:/users/dell/appdata/local/arduino15/packages/arduino/tools/arm-none-eabi-gcc/4.8.3-2014q1/bin/../lib/gcc/arm-none-eabi/4.8.3/armv6-m\libgcc.a(_udivsi3.o)
                0x00001bd4                __aeabi_uidiv
                0x00001bd4                __udivsi3
                0x00001c5c                __aeabi_uidivmod
 .text          0x00001c70        0x4 c:/users/dell/appdata/local/arduino15/packages/arduino/tools/arm-none-eabi-gcc/4.8.3-2014q1/bin/../lib/gcc/arm-none-eabi/4.8.3/armv6-m\libgcc.a(_dvmd_tls.o)
                0x00001c70                __aeabi_idiv0
                0x00001c70                __aeabi_ldiv0
 .text.__libc_init_array
                0x00001c74       0x4c c:/users/dell/appdata/local/arduino15/packages/arduino/tools/arm-none-eabi-gcc/4.8.3-2014q1/bin/../lib/gcc/arm-none-eabi/4.8.3/../../../../arm-none-eabi/lib/armv6-m\libc_s.a(lib_a-init.o)
                0x00001c74                __libc_init_array
 .text.malloc   0x00001cc0       0x14 c:/users/dell/appdata/local/arduino15/packages/arduino/tools/arm-none-eabi-gcc/4.8.3-2014q1/bin/../lib/gcc/arm-none-eabi/4.8.3/../../../../arm-none-eabi/lib/armv6-m\libc_s.a(lib_a-malloc.o)
                0x00001cc0                malloc
 .text.memcpy   0x00001cd4       0x12 c:/users/dell/appdata/local/arduino15/packages/arduino/tools/arm-none-eabi-gcc/4.8.3-2014q1/bin/../lib/gcc/arm-none-eabi/4.8.3/../../../../arm-none-eabi/lib/armv6-m\libc_s.a(lib_a-memcpy-stub.o)
                0x00001cd4                memcpy
 .text.memset   0x00001ce6       0x10 c:/users/dell/appdata/local/arduino15/packages/arduino/tools/arm-none-eabi-gcc/4.8.3-2014q1/bin/../lib/gcc/arm-none-eabi/4.8.3/../../../../arm-none-eabi/lib/armv6-m\libc_s.a(lib_a-memset.o)
                0x00001ce6                memset
 *fill*         0x00001cf6        0x2 
 .text._malloc_r
                0x00001cf8       0xa8 c:/users/dell/appdata/local/arduino15/packages/arduino/tools/arm-none-eabi-gcc/4.8.3-2014q1/bin/../lib/gcc/arm-none-eabi/4.8.3/../../../../arm-none-eabi/lib/armv6-m\libc_s.a(lib_a-nano-mallocr.o)
                0x00001cf8                _malloc_r
 .text._sbrk_r  0x00001da0       0x24 c:/users/dell/appdata/local/arduino15/packages/arduino/tools/arm-none-eabi-gcc/4.8.3-2014q1/bin/../lib/gcc/arm-none-eabi/4.8.3/../../../../arm-none-eabi/lib/armv6-m\libc_s.a(lib_a-sbrkr.o)
                0x00001da0                _sbrk_r
 .text.strlen   0x00001dc4        0xe c:/users/dell/appdata/local/arduino15/packages/arduino/tools/arm-none-eabi-gcc/4.8.3-2014q1/bin/../lib/gcc/arm-none-eabi/4.8.3/../../../../arm-none-eabi/lib/armv6-m\libc_s.a(lib_a-strlen.o)
                0x00001dc4                strlen
 *fill*         0x00001dd2        0x2 
 .text._sbrk    0x00001dd4       0x34 c:/users/dell/appdata/local/arduino15/packages/arduino/tools/arm-none-eabi-gcc/4.8.3-2014q1/bin/../lib/gcc/arm-none-eabi/4.8.3/../../../../arm-none-eabi/lib/armv6-m\libnosys.a(sbrk.o)
                0x00001dd4                _sbrk
 *(.init)
 .init          0x00001e08        0x4 c:/users/dell/appdata/local/arduino15/packages/arduino/tools/arm-none-eabi-gcc/4.8.3-2014q1/bin/../lib/gcc/arm-none-eabi/4.8.3/armv6-m/crti.o
                0x00001e08                _init
 .init          0x00001e0c        0x8 c:/users/dell/appdata/local/arduino15/packages/arduino/tools/arm-none-eabi-gcc/4.8.3-2014q1/bin/../lib/gcc/arm-none-eabi/4.8.3/armv6-m/crtn.o
 *(.fini)
 .fini          0x00001e14        0x4 c:/users/dell/appdata/local/arduino15/packages/arduino/tools/arm-none-eabi-gcc/4.8.3-2014q1/bin/../lib/gcc/arm-none-eabi/4.8.3/armv6-m/crti.o
                0x00001e14                _fini
 .fini          0x00001e18        0x8 c:/users/dell/appdata/local/arduino15/packages/arduino/tools/arm-none-eabi-gcc/4.8.3-2014q1/bin/../lib/gcc/arm-none-eabi/4.8.3/armv6-m/crtn.o
 *crtbegin.o(.ctors)
 *crtbegin?.o(.ctors)
 *(EXCLUDE_FILE(*crtend.o *crtend?.o) .ctors)
 *(SORT(.ctors.*))
 *(.ctors)
 *crtbegin.o(.dtors)
 *crtbegin?.o(.dtors)
 *(EXCLUDE_FILE(*crtend.o *crtend?.o) .dtors)
 *(SORT(.dtors.*))
 *(.dtors)
 *(.rodata*)
 .rodata.g_APinDescription
                0x00001e20      0x180 C:\Users\dell\AppData\Local\Temp\VMBuilds\Sketch1\MattairTech_Arduino_mattairtech_mt_d21e_revb_samd21e18a\Debug\variant\variant.cpp.o
                0x00001e20                g_APinDescription
 .rodata._ZTV26DoubleBufferedEPOutHandler
                0x00001fa0       0x18 C:\Users\dell\AppData\Local\Temp\VMBuilds\Sketch1\MattairTech_Arduino_mattairtech_mt_d21e_revb_samd21e18a\Debug/core.a(USBCore.cpp.o)
                0x00001fa0                vtable for DoubleBufferedEPOutHandler
 .rodata._ZL19STRING_MANUFACTURER
                0x00001fb8       0x10 C:\Users\dell\AppData\Local\Temp\VMBuilds\Sketch1\MattairTech_Arduino_mattairtech_mt_d21e_revb_samd21e18a\Debug/core.a(USBCore.cpp.o)
 .rodata._ZL15STRING_LANGUAGE
                0x00001fc8        0x4 C:\Users\dell\AppData\Local\Temp\VMBuilds\Sketch1\MattairTech_Arduino_mattairtech_mt_d21e_revb_samd21e18a\Debug/core.a(USBCore.cpp.o)
 .rodata._ZL21USB_DeviceDescriptorC
                0x00001fcc       0x12 C:\Users\dell\AppData\Local\Temp\VMBuilds\Sketch1\MattairTech_Arduino_mattairtech_mt_d21e_revb_samd21e18a\Debug/core.a(USBCore.cpp.o)
 .rodata._ZL14STRING_PRODUCT
                0x00001fde        0xe C:\Users\dell\AppData\Local\Temp\VMBuilds\Sketch1\MattairTech_Arduino_mattairtech_mt_d21e_revb_samd21e18a\Debug/core.a(USBCore.cpp.o)
 *fill*         0x00001fec        0x4 
 .rodata._ZTV7Serial_
                0x00001ff0       0x28 C:\Users\dell\AppData\Local\Temp\VMBuilds\Sketch1\MattairTech_Arduino_mattairtech_mt_d21e_revb_samd21e18a\Debug/core.a(CDC.cpp.o)
                0x00001ff0                vtable for Serial_
 .rodata.str1.1
                0x00002018        0x2 c:/users/dell/appdata/local/arduino15/packages/arduino/tools/arm-none-eabi-gcc/4.8.3-2014q1/bin/../lib/gcc/arm-none-eabi/4.8.3/../../../../arm-none-eabi/lib/armv6-m\libc_s.a(lib_a-impure.o)
 *(.eh_frame*)
 *fill*         0x0000201a        0x2 
 .eh_frame      0x0000201c        0x0 c:/users/dell/appdata/local/arduino15/packages/arduino/tools/arm-none-eabi-gcc/4.8.3-2014q1/bin/../lib/gcc/arm-none-eabi/4.8.3/armv6-m/crtbegin.o
 .eh_frame      0x0000201c        0x4 c:/users/dell/appdata/local/arduino15/packages/arduino/tools/arm-none-eabi-gcc/4.8.3-2014q1/bin/../lib/gcc/arm-none-eabi/4.8.3/armv6-m/crtend.o

.glue_7         0x00002020        0x0
 .glue_7        0x00000000        0x0 linker stubs

.glue_7t        0x00002020        0x0
 .glue_7t       0x00000000        0x0 linker stubs

.vfp11_veneer   0x00002020        0x0
 .vfp11_veneer  0x00000000        0x0 linker stubs

.v4_bx          0x00002020        0x0
 .v4_bx         0x00000000        0x0 linker stubs

.iplt           0x00002020        0x0
 .iplt          0x00000000        0x0 c:/users/dell/appdata/local/arduino15/packages/arduino/tools/arm-none-eabi-gcc/4.8.3-2014q1/bin/../lib/gcc/arm-none-eabi/4.8.3/armv6-m/crtbegin.o

.rel.dyn        0x00002020        0x0
 .rel.iplt      0x00000000        0x0 c:/users/dell/appdata/local/arduino15/packages/arduino/tools/arm-none-eabi-gcc/4.8.3-2014q1/bin/../lib/gcc/arm-none-eabi/4.8.3/armv6-m/crtbegin.o

.ARM.extab
 *(.ARM.extab* .gnu.linkonce.armextab.*)
                0x00002020                __exidx_start = .

.ARM.exidx
 *(.ARM.exidx* .gnu.linkonce.armexidx.*)
                0x00002020                __exidx_end = .
                0x00002020                __etext = .

.data           0x20000000      0x160 load address 0x00002020
                0x20000000                __data_start__ = .
 *(vtable)
 *(.ramfunc*)
 .ramfunc       0x20000000       0x5c C:\Users\dell\AppData\Local\Temp\VMBuilds\Sketch1\MattairTech_Arduino_mattairtech_mt_d21e_revb_samd21e18a\Debug/core.a(Reset.cpp.o)
                0x20000000                banzai
 *(.data*)
 .data.SystemCoreClock
                0x2000005c        0x4 C:\Users\dell\AppData\Local\Temp\VMBuilds\Sketch1\MattairTech_Arduino_mattairtech_mt_d21e_revb_samd21e18a\Debug/core.a(wiring.c.o)
                0x2000005c                SystemCoreClock
 .data._ZL5ticks
                0x20000060        0x4 C:\Users\dell\AppData\Local\Temp\VMBuilds\Sketch1\MattairTech_Arduino_mattairtech_mt_d21e_revb_samd21e18a\Debug/core.a(Reset.cpp.o)
 .data.EndPoints
                0x20000064       0x28 C:\Users\dell\AppData\Local\Temp\VMBuilds\Sketch1\MattairTech_Arduino_mattairtech_mt_d21e_revb_samd21e18a\Debug/core.a(USBCore.cpp.o)
                0x20000064                EndPoints
 .data._ZL12_usbLineInfo
                0x2000008c        0x8 C:\Users\dell\AppData\Local\Temp\VMBuilds\Sketch1\MattairTech_Arduino_mattairtech_mt_d21e_revb_samd21e18a\Debug/core.a(CDC.cpp.o)
 .data._ZL10breakValue
                0x20000094        0x4 C:\Users\dell\AppData\Local\Temp\VMBuilds\Sketch1\MattairTech_Arduino_mattairtech_mt_d21e_revb_samd21e18a\Debug/core.a(CDC.cpp.o)
 .data._ZL13_cdcInterface
                0x20000098       0x3a C:\Users\dell\AppData\Local\Temp\VMBuilds\Sketch1\MattairTech_Arduino_mattairtech_mt_d21e_revb_samd21e18a\Debug/core.a(CDC.cpp.o)
 *fill*         0x200000d2        0x2 
 .data._serialPeek
                0x200000d4        0x4 C:\Users\dell\AppData\Local\Temp\VMBuilds\Sketch1\MattairTech_Arduino_mattairtech_mt_d21e_revb_samd21e18a\Debug/core.a(CDC.cpp.o)
                0x200000d4                _serialPeek
 .data.impure_data
                0x200000d8       0x60 c:/users/dell/appdata/local/arduino15/packages/arduino/tools/arm-none-eabi-gcc/4.8.3-2014q1/bin/../lib/gcc/arm-none-eabi/4.8.3/../../../../arm-none-eabi/lib/armv6-m\libc_s.a(lib_a-impure.o)
 .data._impure_ptr
                0x20000138        0x4 c:/users/dell/appdata/local/arduino15/packages/arduino/tools/arm-none-eabi-gcc/4.8.3-2014q1/bin/../lib/gcc/arm-none-eabi/4.8.3/../../../../arm-none-eabi/lib/armv6-m\libc_s.a(lib_a-impure.o)
                0x20000138                _impure_ptr
                0x2000013c                . = ALIGN (0x4)
                0x2000013c                PROVIDE (__preinit_array_start, .)
 *(.preinit_array)
                0x2000013c                PROVIDE (__preinit_array_end, .)
                0x2000013c                . = ALIGN (0x4)
                0x2000013c                PROVIDE (__init_array_start, .)
 *(SORT(.init_array.*))
 *(.init_array)
 .init_array    0x2000013c        0x4 c:/users/dell/appdata/local/arduino15/packages/arduino/tools/arm-none-eabi-gcc/4.8.3-2014q1/bin/../lib/gcc/arm-none-eabi/4.8.3/armv6-m/crtbegin.o
 .init_array    0x20000140        0x4 C:\Users\dell\AppData\Local\Temp\VMBuilds\Sketch1\MattairTech_Arduino_mattairtech_mt_d21e_revb_samd21e18a\Debug\variant\variant.cpp.o
 .init_array    0x20000144        0x4 C:\Users\dell\AppData\Local\Temp\VMBuilds\Sketch1\MattairTech_Arduino_mattairtech_mt_d21e_revb_samd21e18a\Debug/core.a(USBCore.cpp.o)
 .init_array    0x20000148        0x4 C:\Users\dell\AppData\Local\Temp\VMBuilds\Sketch1\MattairTech_Arduino_mattairtech_mt_d21e_revb_samd21e18a\Debug/core.a(CDC.cpp.o)
                0x2000014c                PROVIDE (__init_array_end, .)
                0x2000014c                . = ALIGN (0x4)
                0x2000014c                PROVIDE (__fini_array_start, .)
 *(SORT(.fini_array.*))
 *(.fini_array)
 .fini_array    0x2000014c        0x4 c:/users/dell/appdata/local/arduino15/packages/arduino/tools/arm-none-eabi-gcc/4.8.3-2014q1/bin/../lib/gcc/arm-none-eabi/4.8.3/armv6-m/crtbegin.o
                0x20000150                PROVIDE (__fini_array_end, .)
 *(.jcr*)
 .jcr           0x20000150        0x0 c:/users/dell/appdata/local/arduino15/packages/arduino/tools/arm-none-eabi-gcc/4.8.3-2014q1/bin/../lib/gcc/arm-none-eabi/4.8.3/armv6-m/crtbegin.o
 .jcr           0x20000150        0x4 c:/users/dell/appdata/local/arduino15/packages/arduino/tools/arm-none-eabi-gcc/4.8.3-2014q1/bin/../lib/gcc/arm-none-eabi/4.8.3/armv6-m/crtend.o
                0x20000160                . = ALIGN (0x10)
 *fill*         0x20000154        0xc 
                0x20000160                __data_end__ = .

.igot.plt       0x20000160        0x0 load address 0x00002180
 .igot.plt      0x00000000        0x0 c:/users/dell/appdata/local/arduino15/packages/arduino/tools/arm-none-eabi-gcc/4.8.3-2014q1/bin/../lib/gcc/arm-none-eabi/4.8.3/armv6-m/crtbegin.o

.bss            0x20000160      0x6c0 load address 0x00002180
                0x20000160                . = ALIGN (0x4)
                0x20000160                __bss_start__ = .
 *(.bss*)
 .bss           0x20000160       0x1c c:/users/dell/appdata/local/arduino15/packages/arduino/tools/arm-none-eabi-gcc/4.8.3-2014q1/bin/../lib/gcc/arm-none-eabi/4.8.3/armv6-m/crtbegin.o
 .bss.sercom3   0x2000017c        0x4 C:\Users\dell\AppData\Local\Temp\VMBuilds\Sketch1\MattairTech_Arduino_mattairtech_mt_d21e_revb_samd21e18a\Debug\variant\variant.cpp.o
                0x2000017c                sercom3
 .bss.sercom0   0x20000180        0x4 C:\Users\dell\AppData\Local\Temp\VMBuilds\Sketch1\MattairTech_Arduino_mattairtech_mt_d21e_revb_samd21e18a\Debug\variant\variant.cpp.o
                0x20000180                sercom0
 .bss.sercom1   0x20000184        0x4 C:\Users\dell\AppData\Local\Temp\VMBuilds\Sketch1\MattairTech_Arduino_mattairtech_mt_d21e_revb_samd21e18a\Debug\variant\variant.cpp.o
                0x20000184                sercom1
 .bss.sercom2   0x20000188        0x4 C:\Users\dell\AppData\Local\Temp\VMBuilds\Sketch1\MattairTech_Arduino_mattairtech_mt_d21e_revb_samd21e18a\Debug\variant\variant.cpp.o
                0x20000188                sercom2
 .bss.usb_isr   0x2000018c        0x4 C:\Users\dell\AppData\Local\Temp\VMBuilds\Sketch1\MattairTech_Arduino_mattairtech_mt_d21e_revb_samd21e18a\Debug/core.a(cortex_handlers.c.o)
 .bss._ulTickCount
                0x20000190        0x4 C:\Users\dell\AppData\Local\Temp\VMBuilds\Sketch1\MattairTech_Arduino_mattairtech_mt_d21e_revb_samd21e18a\Debug/core.a(delay.c.o)
 .bss.ISRcallback
                0x20000194       0x44 C:\Users\dell\AppData\Local\Temp\VMBuilds\Sketch1\MattairTech_Arduino_mattairtech_mt_d21e_revb_samd21e18a\Debug/core.a(WInterrupts.c.o)
 .bss.ISRlist   0x200001d8       0x44 C:\Users\dell\AppData\Local\Temp\VMBuilds\Sketch1\MattairTech_Arduino_mattairtech_mt_d21e_revb_samd21e18a\Debug/core.a(WInterrupts.c.o)
 .bss.nints     0x2000021c        0x4 C:\Users\dell\AppData\Local\Temp\VMBuilds\Sketch1\MattairTech_Arduino_mattairtech_mt_d21e_revb_samd21e18a\Debug/core.a(WInterrupts.c.o)
 .bss.enabled.12368
                0x20000220        0x4 C:\Users\dell\AppData\Local\Temp\VMBuilds\Sketch1\MattairTech_Arduino_mattairtech_mt_d21e_revb_samd21e18a\Debug/core.a(WInterrupts.c.o)
 .bss.dacEnabled
                0x20000224        0x2 C:\Users\dell\AppData\Local\Temp\VMBuilds\Sketch1\MattairTech_Arduino_mattairtech_mt_d21e_revb_samd21e18a\Debug/core.a(wiring_private.c.o)
                0x20000224                dacEnabled
 .bss._ZL14isEndpointHalt
                0x20000226        0x1 C:\Users\dell\AppData\Local\Temp\VMBuilds\Sketch1\MattairTech_Arduino_mattairtech_mt_d21e_revb_samd21e18a\Debug/core.a(USBCore.cpp.o)
 .bss._pack_buffer
                0x20000227      0x100 C:\Users\dell\AppData\Local\Temp\VMBuilds\Sketch1\MattairTech_Arduino_mattairtech_mt_d21e_revb_samd21e18a\Debug/core.a(USBCore.cpp.o)
                0x20000227                _pack_buffer
 *fill*         0x20000327        0x1 
 .bss._pack_size
                0x20000328        0x2 C:\Users\dell\AppData\Local\Temp\VMBuilds\Sketch1\MattairTech_Arduino_mattairtech_mt_d21e_revb_samd21e18a\Debug/core.a(USBCore.cpp.o)
                0x20000328                _pack_size
 .bss._ZL20LastTransmitTimedOut
                0x2000032a        0x7 C:\Users\dell\AppData\Local\Temp\VMBuilds\Sketch1\MattairTech_Arduino_mattairtech_mt_d21e_revb_samd21e18a\Debug/core.a(USBCore.cpp.o)
 *fill*         0x20000331        0x3 
 .bss._ZL22udd_ep_in_cache_buffer
                0x20000334      0x1c0 C:\Users\dell\AppData\Local\Temp\VMBuilds\Sketch1\MattairTech_Arduino_mattairtech_mt_d21e_revb_samd21e18a\Debug/core.a(USBCore.cpp.o)
 .bss._ZL10txLEDPulse
                0x200004f4        0x1 C:\Users\dell\AppData\Local\Temp\VMBuilds\Sketch1\MattairTech_Arduino_mattairtech_mt_d21e_revb_samd21e18a\Debug/core.a(USBCore.cpp.o)
 *fill*         0x200004f5        0x3 
 .bss._ZL23udd_ep_out_cache_buffer
                0x200004f8      0x1c0 C:\Users\dell\AppData\Local\Temp\VMBuilds\Sketch1\MattairTech_Arduino_mattairtech_mt_d21e_revb_samd21e18a\Debug/core.a(USBCore.cpp.o)
 .bss._ZL10epHandlers
                0x200006b8       0x1c C:\Users\dell\AppData\Local\Temp\VMBuilds\Sketch1\MattairTech_Arduino_mattairtech_mt_d21e_revb_samd21e18a\Debug/core.a(USBCore.cpp.o)
 .bss._pack_message
                0x200006d4        0x1 C:\Users\dell\AppData\Local\Temp\VMBuilds\Sketch1\MattairTech_Arduino_mattairtech_mt_d21e_revb_samd21e18a\Debug/core.a(USBCore.cpp.o)
                0x200006d4                _pack_message
 .bss._ZL21isRemoteWakeUpEnabled
                0x200006d5        0x1 C:\Users\dell\AppData\Local\Temp\VMBuilds\Sketch1\MattairTech_Arduino_mattairtech_mt_d21e_revb_samd21e18a\Debug/core.a(USBCore.cpp.o)
 .bss._dry_run  0x200006d6        0x1 C:\Users\dell\AppData\Local\Temp\VMBuilds\Sketch1\MattairTech_Arduino_mattairtech_mt_d21e_revb_samd21e18a\Debug/core.a(USBCore.cpp.o)
                0x200006d6                _dry_run
 .bss.USBDevice
                0x200006d7        0x1 C:\Users\dell\AppData\Local\Temp\VMBuilds\Sketch1\MattairTech_Arduino_mattairtech_mt_d21e_revb_samd21e18a\Debug/core.a(USBCore.cpp.o)
                0x200006d7                USBDevice
 .bss._usbSetInterface
                0x200006d8        0x4 C:\Users\dell\AppData\Local\Temp\VMBuilds\Sketch1\MattairTech_Arduino_mattairtech_mt_d21e_revb_samd21e18a\Debug/core.a(USBCore.cpp.o)
                0x200006d8                _usbSetInterface
 .bss._ZL10rxLEDPulse
                0x200006dc        0x1 C:\Users\dell\AppData\Local\Temp\VMBuilds\Sketch1\MattairTech_Arduino_mattairtech_mt_d21e_revb_samd21e18a\Debug/core.a(USBCore.cpp.o)
 *fill*         0x200006dd        0x3 
 .bss.usbd      0x200006e0      0x104 C:\Users\dell\AppData\Local\Temp\VMBuilds\Sketch1\MattairTech_Arduino_mattairtech_mt_d21e_revb_samd21e18a\Debug/core.a(USBCore.cpp.o)
                0x200006e0                usbd
 .bss._usbConfiguration
                0x200007e4        0x4 C:\Users\dell\AppData\Local\Temp\VMBuilds\Sketch1\MattairTech_Arduino_mattairtech_mt_d21e_revb_samd21e18a\Debug/core.a(USBCore.cpp.o)
                0x200007e4                _usbConfiguration
 .bss.SerialUSB
                0x200007e8       0x1c C:\Users\dell\AppData\Local\Temp\VMBuilds\Sketch1\MattairTech_Arduino_mattairtech_mt_d21e_revb_samd21e18a\Debug/core.a(CDC.cpp.o)
                0x200007e8                SerialUSB
 .bss._ZZ12PluggableUSBvE3obj
                0x20000804        0x8 C:\Users\dell\AppData\Local\Temp\VMBuilds\Sketch1\MattairTech_Arduino_mattairtech_mt_d21e_revb_samd21e18a\Debug/core.a(PluggableUSB.cpp.o)
 .bss._ZGVZ12PluggableUSBvE3obj
                0x2000080c        0x4 C:\Users\dell\AppData\Local\Temp\VMBuilds\Sketch1\MattairTech_Arduino_mattairtech_mt_d21e_revb_samd21e18a\Debug/core.a(PluggableUSB.cpp.o)
 .bss.__malloc_sbrk_start
                0x20000810        0x4 c:/users/dell/appdata/local/arduino15/packages/arduino/tools/arm-none-eabi-gcc/4.8.3-2014q1/bin/../lib/gcc/arm-none-eabi/4.8.3/../../../../arm-none-eabi/lib/armv6-m\libc_s.a(lib_a-nano-mallocr.o)
                0x20000810                __malloc_sbrk_start
 .bss.__malloc_free_list
                0x20000814        0x4 c:/users/dell/appdata/local/arduino15/packages/arduino/tools/arm-none-eabi-gcc/4.8.3-2014q1/bin/../lib/gcc/arm-none-eabi/4.8.3/../../../../arm-none-eabi/lib/armv6-m\libc_s.a(lib_a-nano-mallocr.o)
                0x20000814                __malloc_free_list
 .bss.heap_end.4243
                0x20000818        0x4 c:/users/dell/appdata/local/arduino15/packages/arduino/tools/arm-none-eabi-gcc/4.8.3-2014q1/bin/../lib/gcc/arm-none-eabi/4.8.3/../../../../arm-none-eabi/lib/armv6-m\libnosys.a(sbrk.o)
 *(COMMON)
 COMMON         0x2000081c        0x4 c:/users/dell/appdata/local/arduino15/packages/arduino/tools/arm-none-eabi-gcc/4.8.3-2014q1/bin/../lib/gcc/arm-none-eabi/4.8.3/../../../../arm-none-eabi/lib/armv6-m\libc_s.a(lib_a-reent.o)
                0x2000081c                errno
                0x20000820                . = ALIGN (0x4)
                0x20000820                __bss_end__ = .

.heap           0x20000820        0x0
                0x20000820                __end__ = .
                0x20000820                PROVIDE (end, .)
 *(.heap*)
                0x20000820                __HeapLimit = .

.stack_dummy    0x20000820        0x0
 *(.stack*)
                0x20008000                __StackTop = (ORIGIN (RAM) + 0x8000)
                0x20008000                __StackLimit = (__StackTop - SIZEOF (.stack_dummy))
                0x20008000                PROVIDE (__stack, __StackTop)
                0x20007fff                __ram_end__ = ((ORIGIN (RAM) + 0x8000) - 0x1)
                0x00000001                ASSERT ((__StackLimit >= __HeapLimit), region RAM overflowed with stack)
OUTPUT(C:\Users\dell\AppData\Local\Temp\VMBuilds\Sketch1\MattairTech_Arduino_mattairtech_mt_d21e_revb_samd21e18a\Debug/Sketch1.ino.elf elf32-littlearm)

.ARM.attributes
                0x00000000       0x28
 .ARM.attributes
                0x00000000       0x1e c:/users/dell/appdata/local/arduino15/packages/arduino/tools/arm-none-eabi-gcc/4.8.3-2014q1/bin/../lib/gcc/arm-none-eabi/4.8.3/armv6-m/crti.o
 .ARM.attributes
                0x0000001e       0x2c c:/users/dell/appdata/local/arduino15/packages/arduino/tools/arm-none-eabi-gcc/4.8.3-2014q1/bin/../lib/gcc/arm-none-eabi/4.8.3/armv6-m/crtbegin.o
 .ARM.attributes
                0x0000004a       0x32 C:\Users\dell\AppData\Local\Temp\VMBuilds\Sketch1\MattairTech_Arduino_mattairtech_mt_d21e_revb_samd21e18a\Debug\Sketch1.cpp.o
 .ARM.attributes
                0x0000007c       0x32 C:\Users\dell\AppData\Local\Temp\VMBuilds\Sketch1\MattairTech_Arduino_mattairtech_mt_d21e_revb_samd21e18a\Debug\variant\variant.cpp.o
 .ARM.attributes
                0x000000ae       0x32 C:\Users\dell\AppData\Local\Temp\VMBuilds\Sketch1\MattairTech_Arduino_mattairtech_mt_d21e_revb_samd21e18a\Debug/core.a(cortex_handlers.c.o)
 .ARM.attributes
                0x000000e0       0x32 C:\Users\dell\AppData\Local\Temp\VMBuilds\Sketch1\MattairTech_Arduino_mattairtech_mt_d21e_revb_samd21e18a\Debug/core.a(delay.c.o)
 .ARM.attributes
                0x00000112       0x32 C:\Users\dell\AppData\Local\Temp\VMBuilds\Sketch1\MattairTech_Arduino_mattairtech_mt_d21e_revb_samd21e18a\Debug/core.a(hooks.c.o)
 .ARM.attributes
                0x00000144       0x32 C:\Users\dell\AppData\Local\Temp\VMBuilds\Sketch1\MattairTech_Arduino_mattairtech_mt_d21e_revb_samd21e18a\Debug/core.a(startup.c.o)
 .ARM.attributes
                0x00000176       0x32 C:\Users\dell\AppData\Local\Temp\VMBuilds\Sketch1\MattairTech_Arduino_mattairtech_mt_d21e_revb_samd21e18a\Debug/core.a(WInterrupts.c.o)
 .ARM.attributes
                0x000001a8       0x32 C:\Users\dell\AppData\Local\Temp\VMBuilds\Sketch1\MattairTech_Arduino_mattairtech_mt_d21e_revb_samd21e18a\Debug/core.a(wiring.c.o)
 .ARM.attributes
                0x000001da       0x32 C:\Users\dell\AppData\Local\Temp\VMBuilds\Sketch1\MattairTech_Arduino_mattairtech_mt_d21e_revb_samd21e18a\Debug/core.a(wiring_analog.c.o)
 .ARM.attributes
                0x0000020c       0x32 C:\Users\dell\AppData\Local\Temp\VMBuilds\Sketch1\MattairTech_Arduino_mattairtech_mt_d21e_revb_samd21e18a\Debug/core.a(wiring_digital.c.o)
 .ARM.attributes
                0x0000023e       0x32 C:\Users\dell\AppData\Local\Temp\VMBuilds\Sketch1\MattairTech_Arduino_mattairtech_mt_d21e_revb_samd21e18a\Debug/core.a(wiring_private.c.o)
 .ARM.attributes
                0x00000270       0x32 C:\Users\dell\AppData\Local\Temp\VMBuilds\Sketch1\MattairTech_Arduino_mattairtech_mt_d21e_revb_samd21e18a\Debug/core.a(main.cpp.o)
 .ARM.attributes
                0x000002a2       0x32 C:\Users\dell\AppData\Local\Temp\VMBuilds\Sketch1\MattairTech_Arduino_mattairtech_mt_d21e_revb_samd21e18a\Debug/core.a(Reset.cpp.o)
 .ARM.attributes
                0x000002d4       0x32 C:\Users\dell\AppData\Local\Temp\VMBuilds\Sketch1\MattairTech_Arduino_mattairtech_mt_d21e_revb_samd21e18a\Debug/core.a(SERCOM.cpp.o)
 .ARM.attributes
                0x00000306       0x32 C:\Users\dell\AppData\Local\Temp\VMBuilds\Sketch1\MattairTech_Arduino_mattairtech_mt_d21e_revb_samd21e18a\Debug/core.a(USBCore.cpp.o)
 .ARM.attributes
                0x00000338       0x32 C:\Users\dell\AppData\Local\Temp\VMBuilds\Sketch1\MattairTech_Arduino_mattairtech_mt_d21e_revb_samd21e18a\Debug/core.a(new.cpp.o)
 .ARM.attributes
                0x0000036a       0x32 C:\Users\dell\AppData\Local\Temp\VMBuilds\Sketch1\MattairTech_Arduino_mattairtech_mt_d21e_revb_samd21e18a\Debug/core.a(CDC.cpp.o)
 .ARM.attributes
                0x0000039c       0x32 C:\Users\dell\AppData\Local\Temp\VMBuilds\Sketch1\MattairTech_Arduino_mattairtech_mt_d21e_revb_samd21e18a\Debug/core.a(PluggableUSB.cpp.o)
 .ARM.attributes
                0x000003ce       0x1e c:/users/dell/appdata/local/arduino15/packages/arduino/tools/arm-none-eabi-gcc/4.8.3-2014q1/bin/../lib/gcc/arm-none-eabi/4.8.3/armv6-m\libgcc.a(_thumb1_case_uqi.o)
 .ARM.attributes
                0x000003ec       0x1e c:/users/dell/appdata/local/arduino15/packages/arduino/tools/arm-none-eabi-gcc/4.8.3-2014q1/bin/../lib/gcc/arm-none-eabi/4.8.3/armv6-m\libgcc.a(_udivsi3.o)
 .ARM.attributes
                0x0000040a       0x1e c:/users/dell/appdata/local/arduino15/packages/arduino/tools/arm-none-eabi-gcc/4.8.3-2014q1/bin/../lib/gcc/arm-none-eabi/4.8.3/armv6-m\libgcc.a(_dvmd_tls.o)
 .ARM.attributes
                0x00000428       0x2c c:/users/dell/appdata/local/arduino15/packages/arduino/tools/arm-none-eabi-gcc/4.8.3-2014q1/bin/../lib/gcc/arm-none-eabi/4.8.3/../../../../arm-none-eabi/lib/armv6-m\libc_s.a(lib_a-impure.o)
 .ARM.attributes
                0x00000454       0x2c c:/users/dell/appdata/local/arduino15/packages/arduino/tools/arm-none-eabi-gcc/4.8.3-2014q1/bin/../lib/gcc/arm-none-eabi/4.8.3/../../../../arm-none-eabi/lib/armv6-m\libc_s.a(lib_a-init.o)
 .ARM.attributes
                0x00000480       0x2c c:/users/dell/appdata/local/arduino15/packages/arduino/tools/arm-none-eabi-gcc/4.8.3-2014q1/bin/../lib/gcc/arm-none-eabi/4.8.3/../../../../arm-none-eabi/lib/armv6-m\libc_s.a(lib_a-malloc.o)
 .ARM.attributes
                0x000004ac       0x2c c:/users/dell/appdata/local/arduino15/packages/arduino/tools/arm-none-eabi-gcc/4.8.3-2014q1/bin/../lib/gcc/arm-none-eabi/4.8.3/../../../../arm-none-eabi/lib/armv6-m\libc_s.a(lib_a-memcpy-stub.o)
 .ARM.attributes
                0x000004d8       0x2c c:/users/dell/appdata/local/arduino15/packages/arduino/tools/arm-none-eabi-gcc/4.8.3-2014q1/bin/../lib/gcc/arm-none-eabi/4.8.3/../../../../arm-none-eabi/lib/armv6-m\libc_s.a(lib_a-memset.o)
 .ARM.attributes
                0x00000504       0x2c c:/users/dell/appdata/local/arduino15/packages/arduino/tools/arm-none-eabi-gcc/4.8.3-2014q1/bin/../lib/gcc/arm-none-eabi/4.8.3/../../../../arm-none-eabi/lib/armv6-m\libc_s.a(lib_a-nano-mallocr.o)
 .ARM.attributes
                0x00000530       0x2c c:/users/dell/appdata/local/arduino15/packages/arduino/tools/arm-none-eabi-gcc/4.8.3-2014q1/bin/../lib/gcc/arm-none-eabi/4.8.3/../../../../arm-none-eabi/lib/armv6-m\libc_s.a(lib_a-sbrkr.o)
 .ARM.attributes
                0x0000055c       0x2c c:/users/dell/appdata/local/arduino15/packages/arduino/tools/arm-none-eabi-gcc/4.8.3-2014q1/bin/../lib/gcc/arm-none-eabi/4.8.3/../../../../arm-none-eabi/lib/armv6-m\libc_s.a(lib_a-strlen.o)
 .ARM.attributes
                0x00000588       0x2c c:/users/dell/appdata/local/arduino15/packages/arduino/tools/arm-none-eabi-gcc/4.8.3-2014q1/bin/../lib/gcc/arm-none-eabi/4.8.3/../../../../arm-none-eabi/lib/armv6-m\libc_s.a(lib_a-reent.o)
 .ARM.attributes
                0x000005b4       0x2c c:/users/dell/appdata/local/arduino15/packages/arduino/tools/arm-none-eabi-gcc/4.8.3-2014q1/bin/../lib/gcc/arm-none-eabi/4.8.3/../../../../arm-none-eabi/lib/armv6-m\libnosys.a(sbrk.o)
 .ARM.attributes
                0x000005e0       0x2c c:/users/dell/appdata/local/arduino15/packages/arduino/tools/arm-none-eabi-gcc/4.8.3-2014q1/bin/../lib/gcc/arm-none-eabi/4.8.3/armv6-m/crtend.o
 .ARM.attributes
                0x0000060c       0x1e c:/users/dell/appdata/local/arduino15/packages/arduino/tools/arm-none-eabi-gcc/4.8.3-2014q1/bin/../lib/gcc/arm-none-eabi/4.8.3/armv6-m/crtn.o

.comment        0x00000000       0x70
 .comment       0x00000000       0x70 C:\Users\dell\AppData\Local\Temp\VMBuilds\Sketch1\MattairTech_Arduino_mattairtech_mt_d21e_revb_samd21e18a\Debug\Sketch1.cpp.o
                                 0x71 (size before relaxing)
 .comment       0x00000000       0x71 C:\Users\dell\AppData\Local\Temp\VMBuilds\Sketch1\MattairTech_Arduino_mattairtech_mt_d21e_revb_samd21e18a\Debug\variant\variant.cpp.o
 .comment       0x00000000       0x71 C:\Users\dell\AppData\Local\Temp\VMBuilds\Sketch1\MattairTech_Arduino_mattairtech_mt_d21e_revb_samd21e18a\Debug/core.a(cortex_handlers.c.o)
 .comment       0x00000000       0x71 C:\Users\dell\AppData\Local\Temp\VMBuilds\Sketch1\MattairTech_Arduino_mattairtech_mt_d21e_revb_samd21e18a\Debug/core.a(delay.c.o)
 .comment       0x00000000       0x71 C:\Users\dell\AppData\Local\Temp\VMBuilds\Sketch1\MattairTech_Arduino_mattairtech_mt_d21e_revb_samd21e18a\Debug/core.a(hooks.c.o)
 .comment       0x00000000       0x71 C:\Users\dell\AppData\Local\Temp\VMBuilds\Sketch1\MattairTech_Arduino_mattairtech_mt_d21e_revb_samd21e18a\Debug/core.a(startup.c.o)
 .comment       0x00000000       0x71 C:\Users\dell\AppData\Local\Temp\VMBuilds\Sketch1\MattairTech_Arduino_mattairtech_mt_d21e_revb_samd21e18a\Debug/core.a(WInterrupts.c.o)
 .comment       0x00000000       0x71 C:\Users\dell\AppData\Local\Temp\VMBuilds\Sketch1\MattairTech_Arduino_mattairtech_mt_d21e_revb_samd21e18a\Debug/core.a(wiring.c.o)
 .comment       0x00000000       0x71 C:\Users\dell\AppData\Local\Temp\VMBuilds\Sketch1\MattairTech_Arduino_mattairtech_mt_d21e_revb_samd21e18a\Debug/core.a(wiring_analog.c.o)
 .comment       0x00000000       0x71 C:\Users\dell\AppData\Local\Temp\VMBuilds\Sketch1\MattairTech_Arduino_mattairtech_mt_d21e_revb_samd21e18a\Debug/core.a(wiring_digital.c.o)
 .comment       0x00000000       0x71 C:\Users\dell\AppData\Local\Temp\VMBuilds\Sketch1\MattairTech_Arduino_mattairtech_mt_d21e_revb_samd21e18a\Debug/core.a(wiring_private.c.o)
 .comment       0x00000000       0x71 C:\Users\dell\AppData\Local\Temp\VMBuilds\Sketch1\MattairTech_Arduino_mattairtech_mt_d21e_revb_samd21e18a\Debug/core.a(main.cpp.o)
 .comment       0x00000000       0x71 C:\Users\dell\AppData\Local\Temp\VMBuilds\Sketch1\MattairTech_Arduino_mattairtech_mt_d21e_revb_samd21e18a\Debug/core.a(Reset.cpp.o)
 .comment       0x00000000       0x71 C:\Users\dell\AppData\Local\Temp\VMBuilds\Sketch1\MattairTech_Arduino_mattairtech_mt_d21e_revb_samd21e18a\Debug/core.a(SERCOM.cpp.o)
 .comment       0x00000000       0x71 C:\Users\dell\AppData\Local\Temp\VMBuilds\Sketch1\MattairTech_Arduino_mattairtech_mt_d21e_revb_samd21e18a\Debug/core.a(USBCore.cpp.o)
 .comment       0x00000000       0x71 C:\Users\dell\AppData\Local\Temp\VMBuilds\Sketch1\MattairTech_Arduino_mattairtech_mt_d21e_revb_samd21e18a\Debug/core.a(new.cpp.o)
 .comment       0x00000000       0x71 C:\Users\dell\AppData\Local\Temp\VMBuilds\Sketch1\MattairTech_Arduino_mattairtech_mt_d21e_revb_samd21e18a\Debug/core.a(CDC.cpp.o)
 .comment       0x00000000       0x71 C:\Users\dell\AppData\Local\Temp\VMBuilds\Sketch1\MattairTech_Arduino_mattairtech_mt_d21e_revb_samd21e18a\Debug/core.a(PluggableUSB.cpp.o)

.debug_info     0x00000000    0x258ba
 .debug_info    0x00000000     0x18b9 C:\Users\dell\AppData\Local\Temp\VMBuilds\Sketch1\MattairTech_Arduino_mattairtech_mt_d21e_revb_samd21e18a\Debug\Sketch1.cpp.o
 .debug_info    0x000018b9     0x5453 C:\Users\dell\AppData\Local\Temp\VMBuilds\Sketch1\MattairTech_Arduino_mattairtech_mt_d21e_revb_samd21e18a\Debug\variant\variant.cpp.o
 .debug_info    0x00006d0c     0x32f5 C:\Users\dell\AppData\Local\Temp\VMBuilds\Sketch1\MattairTech_Arduino_mattairtech_mt_d21e_revb_samd21e18a\Debug/core.a(cortex_handlers.c.o)
 .debug_info    0x0000a001      0x3e4 C:\Users\dell\AppData\Local\Temp\VMBuilds\Sketch1\MattairTech_Arduino_mattairtech_mt_d21e_revb_samd21e18a\Debug/core.a(delay.c.o)
 .debug_info    0x0000a3e5       0x60 C:\Users\dell\AppData\Local\Temp\VMBuilds\Sketch1\MattairTech_Arduino_mattairtech_mt_d21e_revb_samd21e18a\Debug/core.a(hooks.c.o)
 .debug_info    0x0000a445     0x20df C:\Users\dell\AppData\Local\Temp\VMBuilds\Sketch1\MattairTech_Arduino_mattairtech_mt_d21e_revb_samd21e18a\Debug/core.a(startup.c.o)
 .debug_info    0x0000c524     0x15c5 C:\Users\dell\AppData\Local\Temp\VMBuilds\Sketch1\MattairTech_Arduino_mattairtech_mt_d21e_revb_samd21e18a\Debug/core.a(WInterrupts.c.o)
 .debug_info    0x0000dae9     0x1ff1 C:\Users\dell\AppData\Local\Temp\VMBuilds\Sketch1\MattairTech_Arduino_mattairtech_mt_d21e_revb_samd21e18a\Debug/core.a(wiring.c.o)
 .debug_info    0x0000fada     0x41a2 C:\Users\dell\AppData\Local\Temp\VMBuilds\Sketch1\MattairTech_Arduino_mattairtech_mt_d21e_revb_samd21e18a\Debug/core.a(wiring_analog.c.o)
 .debug_info    0x00013c7c      0xa13 C:\Users\dell\AppData\Local\Temp\VMBuilds\Sketch1\MattairTech_Arduino_mattairtech_mt_d21e_revb_samd21e18a\Debug/core.a(wiring_digital.c.o)
 .debug_info    0x0001468f     0x10d0 C:\Users\dell\AppData\Local\Temp\VMBuilds\Sketch1\MattairTech_Arduino_mattairtech_mt_d21e_revb_samd21e18a\Debug/core.a(wiring_private.c.o)
 .debug_info    0x0001575f      0x840 C:\Users\dell\AppData\Local\Temp\VMBuilds\Sketch1\MattairTech_Arduino_mattairtech_mt_d21e_revb_samd21e18a\Debug/core.a(main.cpp.o)
 .debug_info    0x00015f9f      0x9a8 C:\Users\dell\AppData\Local\Temp\VMBuilds\Sketch1\MattairTech_Arduino_mattairtech_mt_d21e_revb_samd21e18a\Debug/core.a(Reset.cpp.o)
 .debug_info    0x00016947     0x3b29 C:\Users\dell\AppData\Local\Temp\VMBuilds\Sketch1\MattairTech_Arduino_mattairtech_mt_d21e_revb_samd21e18a\Debug/core.a(SERCOM.cpp.o)
 .debug_info    0x0001a470     0x7e5f C:\Users\dell\AppData\Local\Temp\VMBuilds\Sketch1\MattairTech_Arduino_mattairtech_mt_d21e_revb_samd21e18a\Debug/core.a(USBCore.cpp.o)
 .debug_info    0x000222cf      0x1a1 C:\Users\dell\AppData\Local\Temp\VMBuilds\Sketch1\MattairTech_Arduino_mattairtech_mt_d21e_revb_samd21e18a\Debug/core.a(new.cpp.o)
 .debug_info    0x00022470     0x2d5a C:\Users\dell\AppData\Local\Temp\VMBuilds\Sketch1\MattairTech_Arduino_mattairtech_mt_d21e_revb_samd21e18a\Debug/core.a(CDC.cpp.o)
 .debug_info    0x000251ca      0x6f0 C:\Users\dell\AppData\Local\Temp\VMBuilds\Sketch1\MattairTech_Arduino_mattairtech_mt_d21e_revb_samd21e18a\Debug/core.a(PluggableUSB.cpp.o)

.debug_abbrev   0x00000000     0x373f
 .debug_abbrev  0x00000000      0x2aa C:\Users\dell\AppData\Local\Temp\VMBuilds\Sketch1\MattairTech_Arduino_mattairtech_mt_d21e_revb_samd21e18a\Debug\Sketch1.cpp.o
 .debug_abbrev  0x000002aa      0x306 C:\Users\dell\AppData\Local\Temp\VMBuilds\Sketch1\MattairTech_Arduino_mattairtech_mt_d21e_revb_samd21e18a\Debug\variant\variant.cpp.o
 .debug_abbrev  0x000005b0      0x30e C:\Users\dell\AppData\Local\Temp\VMBuilds\Sketch1\MattairTech_Arduino_mattairtech_mt_d21e_revb_samd21e18a\Debug/core.a(cortex_handlers.c.o)
 .debug_abbrev  0x000008be      0x176 C:\Users\dell\AppData\Local\Temp\VMBuilds\Sketch1\MattairTech_Arduino_mattairtech_mt_d21e_revb_samd21e18a\Debug/core.a(delay.c.o)
 .debug_abbrev  0x00000a34       0x47 C:\Users\dell\AppData\Local\Temp\VMBuilds\Sketch1\MattairTech_Arduino_mattairtech_mt_d21e_revb_samd21e18a\Debug/core.a(hooks.c.o)
 .debug_abbrev  0x00000a7b      0x1ac C:\Users\dell\AppData\Local\Temp\VMBuilds\Sketch1\MattairTech_Arduino_mattairtech_mt_d21e_revb_samd21e18a\Debug/core.a(startup.c.o)
 .debug_abbrev  0x00000c27      0x333 C:\Users\dell\AppData\Local\Temp\VMBuilds\Sketch1\MattairTech_Arduino_mattairtech_mt_d21e_revb_samd21e18a\Debug/core.a(WInterrupts.c.o)
 .debug_abbrev  0x00000f5a      0x2f3 C:\Users\dell\AppData\Local\Temp\VMBuilds\Sketch1\MattairTech_Arduino_mattairtech_mt_d21e_revb_samd21e18a\Debug/core.a(wiring.c.o)
 .debug_abbrev  0x0000124d      0x3be C:\Users\dell\AppData\Local\Temp\VMBuilds\Sketch1\MattairTech_Arduino_mattairtech_mt_d21e_revb_samd21e18a\Debug/core.a(wiring_analog.c.o)
 .debug_abbrev  0x0000160b      0x236 C:\Users\dell\AppData\Local\Temp\VMBuilds\Sketch1\MattairTech_Arduino_mattairtech_mt_d21e_revb_samd21e18a\Debug/core.a(wiring_digital.c.o)
 .debug_abbrev  0x00001841      0x23f C:\Users\dell\AppData\Local\Temp\VMBuilds\Sketch1\MattairTech_Arduino_mattairtech_mt_d21e_revb_samd21e18a\Debug/core.a(wiring_private.c.o)
 .debug_abbrev  0x00001a80      0x223 C:\Users\dell\AppData\Local\Temp\VMBuilds\Sketch1\MattairTech_Arduino_mattairtech_mt_d21e_revb_samd21e18a\Debug/core.a(main.cpp.o)
 .debug_abbrev  0x00001ca3      0x26f C:\Users\dell\AppData\Local\Temp\VMBuilds\Sketch1\MattairTech_Arduino_mattairtech_mt_d21e_revb_samd21e18a\Debug/core.a(Reset.cpp.o)
 .debug_abbrev  0x00001f12      0x4bc C:\Users\dell\AppData\Local\Temp\VMBuilds\Sketch1\MattairTech_Arduino_mattairtech_mt_d21e_revb_samd21e18a\Debug/core.a(SERCOM.cpp.o)
 .debug_abbrev  0x000023ce      0x929 C:\Users\dell\AppData\Local\Temp\VMBuilds\Sketch1\MattairTech_Arduino_mattairtech_mt_d21e_revb_samd21e18a\Debug/core.a(USBCore.cpp.o)
 .debug_abbrev  0x00002cf7       0xd7 C:\Users\dell\AppData\Local\Temp\VMBuilds\Sketch1\MattairTech_Arduino_mattairtech_mt_d21e_revb_samd21e18a\Debug/core.a(new.cpp.o)
 .debug_abbrev  0x00002dce      0x680 C:\Users\dell\AppData\Local\Temp\VMBuilds\Sketch1\MattairTech_Arduino_mattairtech_mt_d21e_revb_samd21e18a\Debug/core.a(CDC.cpp.o)
 .debug_abbrev  0x0000344e      0x2f1 C:\Users\dell\AppData\Local\Temp\VMBuilds\Sketch1\MattairTech_Arduino_mattairtech_mt_d21e_revb_samd21e18a\Debug/core.a(PluggableUSB.cpp.o)

.debug_loc      0x00000000     0x44bc
 .debug_loc     0x00000000       0x58 C:\Users\dell\AppData\Local\Temp\VMBuilds\Sketch1\MattairTech_Arduino_mattairtech_mt_d21e_revb_samd21e18a\Debug\Sketch1.cpp.o
 .debug_loc     0x00000058       0x7b C:\Users\dell\AppData\Local\Temp\VMBuilds\Sketch1\MattairTech_Arduino_mattairtech_mt_d21e_revb_samd21e18a\Debug/core.a(cortex_handlers.c.o)
 .debug_loc     0x000000d3       0xf4 C:\Users\dell\AppData\Local\Temp\VMBuilds\Sketch1\MattairTech_Arduino_mattairtech_mt_d21e_revb_samd21e18a\Debug/core.a(delay.c.o)
 .debug_loc     0x000001c7      0x27b C:\Users\dell\AppData\Local\Temp\VMBuilds\Sketch1\MattairTech_Arduino_mattairtech_mt_d21e_revb_samd21e18a\Debug/core.a(WInterrupts.c.o)
 .debug_loc     0x00000442      0x134 C:\Users\dell\AppData\Local\Temp\VMBuilds\Sketch1\MattairTech_Arduino_mattairtech_mt_d21e_revb_samd21e18a\Debug/core.a(wiring.c.o)
 .debug_loc     0x00000576      0x401 C:\Users\dell\AppData\Local\Temp\VMBuilds\Sketch1\MattairTech_Arduino_mattairtech_mt_d21e_revb_samd21e18a\Debug/core.a(wiring_analog.c.o)
 .debug_loc     0x00000977      0x185 C:\Users\dell\AppData\Local\Temp\VMBuilds\Sketch1\MattairTech_Arduino_mattairtech_mt_d21e_revb_samd21e18a\Debug/core.a(wiring_digital.c.o)
 .debug_loc     0x00000afc      0x304 C:\Users\dell\AppData\Local\Temp\VMBuilds\Sketch1\MattairTech_Arduino_mattairtech_mt_d21e_revb_samd21e18a\Debug/core.a(wiring_private.c.o)
 .debug_loc     0x00000e00      0xab3 C:\Users\dell\AppData\Local\Temp\VMBuilds\Sketch1\MattairTech_Arduino_mattairtech_mt_d21e_revb_samd21e18a\Debug/core.a(SERCOM.cpp.o)
 .debug_loc     0x000018b3     0x23c8 C:\Users\dell\AppData\Local\Temp\VMBuilds\Sketch1\MattairTech_Arduino_mattairtech_mt_d21e_revb_samd21e18a\Debug/core.a(USBCore.cpp.o)
 .debug_loc     0x00003c7b       0x84 C:\Users\dell\AppData\Local\Temp\VMBuilds\Sketch1\MattairTech_Arduino_mattairtech_mt_d21e_revb_samd21e18a\Debug/core.a(new.cpp.o)
 .debug_loc     0x00003cff      0x565 C:\Users\dell\AppData\Local\Temp\VMBuilds\Sketch1\MattairTech_Arduino_mattairtech_mt_d21e_revb_samd21e18a\Debug/core.a(CDC.cpp.o)
 .debug_loc     0x00004264      0x258 C:\Users\dell\AppData\Local\Temp\VMBuilds\Sketch1\MattairTech_Arduino_mattairtech_mt_d21e_revb_samd21e18a\Debug/core.a(PluggableUSB.cpp.o)

.debug_aranges  0x00000000      0x740
 .debug_aranges
                0x00000000       0x40 C:\Users\dell\AppData\Local\Temp\VMBuilds\Sketch1\MattairTech_Arduino_mattairtech_mt_d21e_revb_samd21e18a\Debug\Sketch1.cpp.o
 .debug_aranges
                0x00000040       0x20 C:\Users\dell\AppData\Local\Temp\VMBuilds\Sketch1\MattairTech_Arduino_mattairtech_mt_d21e_revb_samd21e18a\Debug\variant\variant.cpp.o
 .debug_aranges
                0x00000060       0x48 C:\Users\dell\AppData\Local\Temp\VMBuilds\Sketch1\MattairTech_Arduino_mattairtech_mt_d21e_revb_samd21e18a\Debug/core.a(cortex_handlers.c.o)
 .debug_aranges
                0x000000a8       0x38 C:\Users\dell\AppData\Local\Temp\VMBuilds\Sketch1\MattairTech_Arduino_mattairtech_mt_d21e_revb_samd21e18a\Debug/core.a(delay.c.o)
 .debug_aranges
                0x000000e0       0x30 C:\Users\dell\AppData\Local\Temp\VMBuilds\Sketch1\MattairTech_Arduino_mattairtech_mt_d21e_revb_samd21e18a\Debug/core.a(hooks.c.o)
 .debug_aranges
                0x00000110       0x30 C:\Users\dell\AppData\Local\Temp\VMBuilds\Sketch1\MattairTech_Arduino_mattairtech_mt_d21e_revb_samd21e18a\Debug/core.a(startup.c.o)
 .debug_aranges
                0x00000140       0x30 C:\Users\dell\AppData\Local\Temp\VMBuilds\Sketch1\MattairTech_Arduino_mattairtech_mt_d21e_revb_samd21e18a\Debug/core.a(WInterrupts.c.o)
 .debug_aranges
                0x00000170       0x20 C:\Users\dell\AppData\Local\Temp\VMBuilds\Sketch1\MattairTech_Arduino_mattairtech_mt_d21e_revb_samd21e18a\Debug/core.a(wiring.c.o)
 .debug_aranges
                0x00000190       0x48 C:\Users\dell\AppData\Local\Temp\VMBuilds\Sketch1\MattairTech_Arduino_mattairtech_mt_d21e_revb_samd21e18a\Debug/core.a(wiring_analog.c.o)
 .debug_aranges
                0x000001d8       0x30 C:\Users\dell\AppData\Local\Temp\VMBuilds\Sketch1\MattairTech_Arduino_mattairtech_mt_d21e_revb_samd21e18a\Debug/core.a(wiring_digital.c.o)
 .debug_aranges
                0x00000208       0x20 C:\Users\dell\AppData\Local\Temp\VMBuilds\Sketch1\MattairTech_Arduino_mattairtech_mt_d21e_revb_samd21e18a\Debug/core.a(wiring_private.c.o)
 .debug_aranges
                0x00000228       0x28 C:\Users\dell\AppData\Local\Temp\VMBuilds\Sketch1\MattairTech_Arduino_mattairtech_mt_d21e_revb_samd21e18a\Debug/core.a(main.cpp.o)
 .debug_aranges
                0x00000250       0x38 C:\Users\dell\AppData\Local\Temp\VMBuilds\Sketch1\MattairTech_Arduino_mattairtech_mt_d21e_revb_samd21e18a\Debug/core.a(Reset.cpp.o)
 .debug_aranges
                0x00000288      0x1d8 C:\Users\dell\AppData\Local\Temp\VMBuilds\Sketch1\MattairTech_Arduino_mattairtech_mt_d21e_revb_samd21e18a\Debug/core.a(SERCOM.cpp.o)
 .debug_aranges
                0x00000460      0x170 C:\Users\dell\AppData\Local\Temp\VMBuilds\Sketch1\MattairTech_Arduino_mattairtech_mt_d21e_revb_samd21e18a\Debug/core.a(USBCore.cpp.o)
 .debug_aranges
                0x000005d0       0x38 C:\Users\dell\AppData\Local\Temp\VMBuilds\Sketch1\MattairTech_Arduino_mattairtech_mt_d21e_revb_samd21e18a\Debug/core.a(new.cpp.o)
 .debug_aranges
                0x00000608       0xe8 C:\Users\dell\AppData\Local\Temp\VMBuilds\Sketch1\MattairTech_Arduino_mattairtech_mt_d21e_revb_samd21e18a\Debug/core.a(CDC.cpp.o)
 .debug_aranges
                0x000006f0       0x50 C:\Users\dell\AppData\Local\Temp\VMBuilds\Sketch1\MattairTech_Arduino_mattairtech_mt_d21e_revb_samd21e18a\Debug/core.a(PluggableUSB.cpp.o)

.debug_ranges   0x00000000      0xe90
 .debug_ranges  0x00000000       0x30 C:\Users\dell\AppData\Local\Temp\VMBuilds\Sketch1\MattairTech_Arduino_mattairtech_mt_d21e_revb_samd21e18a\Debug\Sketch1.cpp.o
 .debug_ranges  0x00000030       0x10 C:\Users\dell\AppData\Local\Temp\VMBuilds\Sketch1\MattairTech_Arduino_mattairtech_mt_d21e_revb_samd21e18a\Debug\variant\variant.cpp.o
 .debug_ranges  0x00000040       0x38 C:\Users\dell\AppData\Local\Temp\VMBuilds\Sketch1\MattairTech_Arduino_mattairtech_mt_d21e_revb_samd21e18a\Debug/core.a(cortex_handlers.c.o)
 .debug_ranges  0x00000078       0x28 C:\Users\dell\AppData\Local\Temp\VMBuilds\Sketch1\MattairTech_Arduino_mattairtech_mt_d21e_revb_samd21e18a\Debug/core.a(delay.c.o)
 .debug_ranges  0x000000a0       0x20 C:\Users\dell\AppData\Local\Temp\VMBuilds\Sketch1\MattairTech_Arduino_mattairtech_mt_d21e_revb_samd21e18a\Debug/core.a(hooks.c.o)
 .debug_ranges  0x000000c0       0x20 C:\Users\dell\AppData\Local\Temp\VMBuilds\Sketch1\MattairTech_Arduino_mattairtech_mt_d21e_revb_samd21e18a\Debug/core.a(startup.c.o)
 .debug_ranges  0x000000e0       0x38 C:\Users\dell\AppData\Local\Temp\VMBuilds\Sketch1\MattairTech_Arduino_mattairtech_mt_d21e_revb_samd21e18a\Debug/core.a(WInterrupts.c.o)
 .debug_ranges  0x00000118       0x28 C:\Users\dell\AppData\Local\Temp\VMBuilds\Sketch1\MattairTech_Arduino_mattairtech_mt_d21e_revb_samd21e18a\Debug/core.a(wiring.c.o)
 .debug_ranges  0x00000140       0x38 C:\Users\dell\AppData\Local\Temp\VMBuilds\Sketch1\MattairTech_Arduino_mattairtech_mt_d21e_revb_samd21e18a\Debug/core.a(wiring_analog.c.o)
 .debug_ranges  0x00000178       0x20 C:\Users\dell\AppData\Local\Temp\VMBuilds\Sketch1\MattairTech_Arduino_mattairtech_mt_d21e_revb_samd21e18a\Debug/core.a(wiring_digital.c.o)
 .debug_ranges  0x00000198       0x10 C:\Users\dell\AppData\Local\Temp\VMBuilds\Sketch1\MattairTech_Arduino_mattairtech_mt_d21e_revb_samd21e18a\Debug/core.a(wiring_private.c.o)
 .debug_ranges  0x000001a8       0x18 C:\Users\dell\AppData\Local\Temp\VMBuilds\Sketch1\MattairTech_Arduino_mattairtech_mt_d21e_revb_samd21e18a\Debug/core.a(main.cpp.o)
 .debug_ranges  0x000001c0       0x40 C:\Users\dell\AppData\Local\Temp\VMBuilds\Sketch1\MattairTech_Arduino_mattairtech_mt_d21e_revb_samd21e18a\Debug/core.a(Reset.cpp.o)
 .debug_ranges  0x00000200      0x2b0 C:\Users\dell\AppData\Local\Temp\VMBuilds\Sketch1\MattairTech_Arduino_mattairtech_mt_d21e_revb_samd21e18a\Debug/core.a(SERCOM.cpp.o)
 .debug_ranges  0x000004b0      0x7b8 C:\Users\dell\AppData\Local\Temp\VMBuilds\Sketch1\MattairTech_Arduino_mattairtech_mt_d21e_revb_samd21e18a\Debug/core.a(USBCore.cpp.o)
 .debug_ranges  0x00000c68       0x28 C:\Users\dell\AppData\Local\Temp\VMBuilds\Sketch1\MattairTech_Arduino_mattairtech_mt_d21e_revb_samd21e18a\Debug/core.a(new.cpp.o)
 .debug_ranges  0x00000c90      0x130 C:\Users\dell\AppData\Local\Temp\VMBuilds\Sketch1\MattairTech_Arduino_mattairtech_mt_d21e_revb_samd21e18a\Debug/core.a(CDC.cpp.o)
 .debug_ranges  0x00000dc0       0xd0 C:\Users\dell\AppData\Local\Temp\VMBuilds\Sketch1\MattairTech_Arduino_mattairtech_mt_d21e_revb_samd21e18a\Debug/core.a(PluggableUSB.cpp.o)

.debug_line     0x00000000     0x57f7
 .debug_line    0x00000000      0x4ac C:\Users\dell\AppData\Local\Temp\VMBuilds\Sketch1\MattairTech_Arduino_mattairtech_mt_d21e_revb_samd21e18a\Debug\Sketch1.cpp.o
 .debug_line    0x000004ac      0x315 C:\Users\dell\AppData\Local\Temp\VMBuilds\Sketch1\MattairTech_Arduino_mattairtech_mt_d21e_revb_samd21e18a\Debug\variant\variant.cpp.o
 .debug_line    0x000007c1      0x42a C:\Users\dell\AppData\Local\Temp\VMBuilds\Sketch1\MattairTech_Arduino_mattairtech_mt_d21e_revb_samd21e18a\Debug/core.a(cortex_handlers.c.o)
 .debug_line    0x00000beb      0x338 C:\Users\dell\AppData\Local\Temp\VMBuilds\Sketch1\MattairTech_Arduino_mattairtech_mt_d21e_revb_samd21e18a\Debug/core.a(delay.c.o)
 .debug_line    0x00000f23       0xc5 C:\Users\dell\AppData\Local\Temp\VMBuilds\Sketch1\MattairTech_Arduino_mattairtech_mt_d21e_revb_samd21e18a\Debug/core.a(hooks.c.o)
 .debug_line    0x00000fe8      0x40b C:\Users\dell\AppData\Local\Temp\VMBuilds\Sketch1\MattairTech_Arduino_mattairtech_mt_d21e_revb_samd21e18a\Debug/core.a(startup.c.o)
 .debug_line    0x000013f3      0x4d8 C:\Users\dell\AppData\Local\Temp\VMBuilds\Sketch1\MattairTech_Arduino_mattairtech_mt_d21e_revb_samd21e18a\Debug/core.a(WInterrupts.c.o)
 .debug_line    0x000018cb      0x4ba C:\Users\dell\AppData\Local\Temp\VMBuilds\Sketch1\MattairTech_Arduino_mattairtech_mt_d21e_revb_samd21e18a\Debug/core.a(wiring.c.o)
 .debug_line    0x00001d85      0x56e C:\Users\dell\AppData\Local\Temp\VMBuilds\Sketch1\MattairTech_Arduino_mattairtech_mt_d21e_revb_samd21e18a\Debug/core.a(wiring_analog.c.o)
 .debug_line    0x000022f3      0x3ef C:\Users\dell\AppData\Local\Temp\VMBuilds\Sketch1\MattairTech_Arduino_mattairtech_mt_d21e_revb_samd21e18a\Debug/core.a(wiring_digital.c.o)
 .debug_line    0x000026e2      0x495 C:\Users\dell\AppData\Local\Temp\VMBuilds\Sketch1\MattairTech_Arduino_mattairtech_mt_d21e_revb_samd21e18a\Debug/core.a(wiring_private.c.o)
 .debug_line    0x00002b77      0x316 C:\Users\dell\AppData\Local\Temp\VMBuilds\Sketch1\MattairTech_Arduino_mattairtech_mt_d21e_revb_samd21e18a\Debug/core.a(main.cpp.o)
 .debug_line    0x00002e8d      0x3f8 C:\Users\dell\AppData\Local\Temp\VMBuilds\Sketch1\MattairTech_Arduino_mattairtech_mt_d21e_revb_samd21e18a\Debug/core.a(Reset.cpp.o)
 .debug_line    0x00003285      0x9fa C:\Users\dell\AppData\Local\Temp\VMBuilds\Sketch1\MattairTech_Arduino_mattairtech_mt_d21e_revb_samd21e18a\Debug/core.a(SERCOM.cpp.o)
 .debug_line    0x00003c7f      0xf86 C:\Users\dell\AppData\Local\Temp\VMBuilds\Sketch1\MattairTech_Arduino_mattairtech_mt_d21e_revb_samd21e18a\Debug/core.a(USBCore.cpp.o)
 .debug_line    0x00004c05      0x1e4 C:\Users\dell\AppData\Local\Temp\VMBuilds\Sketch1\MattairTech_Arduino_mattairtech_mt_d21e_revb_samd21e18a\Debug/core.a(new.cpp.o)
 .debug_line    0x00004de9      0x6dd C:\Users\dell\AppData\Local\Temp\VMBuilds\Sketch1\MattairTech_Arduino_mattairtech_mt_d21e_revb_samd21e18a\Debug/core.a(CDC.cpp.o)
 .debug_line    0x000054c6      0x331 C:\Users\dell\AppData\Local\Temp\VMBuilds\Sketch1\MattairTech_Arduino_mattairtech_mt_d21e_revb_samd21e18a\Debug/core.a(PluggableUSB.cpp.o)

.debug_str      0x00000000     0x8ce8
 .debug_str     0x00000000      0xaa1 C:\Users\dell\AppData\Local\Temp\VMBuilds\Sketch1\MattairTech_Arduino_mattairtech_mt_d21e_revb_samd21e18a\Debug\Sketch1.cpp.o
                                0xcf3 (size before relaxing)
 .debug_str     0x00000aa1     0x22dc C:\Users\dell\AppData\Local\Temp\VMBuilds\Sketch1\MattairTech_Arduino_mattairtech_mt_d21e_revb_samd21e18a\Debug\variant\variant.cpp.o
                               0x2f4c (size before relaxing)
 .debug_str     0x00002d7d      0xca6 C:\Users\dell\AppData\Local\Temp\VMBuilds\Sketch1\MattairTech_Arduino_mattairtech_mt_d21e_revb_samd21e18a\Debug/core.a(cortex_handlers.c.o)
                               0x1306 (size before relaxing)
 .debug_str     0x00003a23       0xcc C:\Users\dell\AppData\Local\Temp\VMBuilds\Sketch1\MattairTech_Arduino_mattairtech_mt_d21e_revb_samd21e18a\Debug/core.a(delay.c.o)
                                0x2f8 (size before relaxing)
 .debug_str     0x00003aef       0x8d C:\Users\dell\AppData\Local\Temp\VMBuilds\Sketch1\MattairTech_Arduino_mattairtech_mt_d21e_revb_samd21e18a\Debug/core.a(hooks.c.o)
                                0x14f (size before relaxing)
 .debug_str     0x00003b7c      0x4a3 C:\Users\dell\AppData\Local\Temp\VMBuilds\Sketch1\MattairTech_Arduino_mattairtech_mt_d21e_revb_samd21e18a\Debug/core.a(startup.c.o)
                                0xb09 (size before relaxing)
 .debug_str     0x0000401f      0x2d2 C:\Users\dell\AppData\Local\Temp\VMBuilds\Sketch1\MattairTech_Arduino_mattairtech_mt_d21e_revb_samd21e18a\Debug/core.a(WInterrupts.c.o)
                                0xc76 (size before relaxing)
 .debug_str     0x000042f1      0x49c C:\Users\dell\AppData\Local\Temp\VMBuilds\Sketch1\MattairTech_Arduino_mattairtech_mt_d21e_revb_samd21e18a\Debug/core.a(wiring.c.o)
                                0xda6 (size before relaxing)
 .debug_str     0x0000478d      0x16f C:\Users\dell\AppData\Local\Temp\VMBuilds\Sketch1\MattairTech_Arduino_mattairtech_mt_d21e_revb_samd21e18a\Debug/core.a(wiring_analog.c.o)
                               0x1272 (size before relaxing)
 .debug_str     0x000048fc      0x14c C:\Users\dell\AppData\Local\Temp\VMBuilds\Sketch1\MattairTech_Arduino_mattairtech_mt_d21e_revb_samd21e18a\Debug/core.a(wiring_digital.c.o)
                                0x5f7 (size before relaxing)
 .debug_str     0x00004a48      0x156 C:\Users\dell\AppData\Local\Temp\VMBuilds\Sketch1\MattairTech_Arduino_mattairtech_mt_d21e_revb_samd21e18a\Debug/core.a(wiring_private.c.o)
                                0xbcf (size before relaxing)
 .debug_str     0x00004b9e      0x6dc C:\Users\dell\AppData\Local\Temp\VMBuilds\Sketch1\MattairTech_Arduino_mattairtech_mt_d21e_revb_samd21e18a\Debug/core.a(main.cpp.o)
                                0x991 (size before relaxing)
 .debug_str     0x0000527a      0x1ae C:\Users\dell\AppData\Local\Temp\VMBuilds\Sketch1\MattairTech_Arduino_mattairtech_mt_d21e_revb_samd21e18a\Debug/core.a(Reset.cpp.o)
                                0x81b (size before relaxing)
 .debug_str     0x00005428      0x246 C:\Users\dell\AppData\Local\Temp\VMBuilds\Sketch1\MattairTech_Arduino_mattairtech_mt_d21e_revb_samd21e18a\Debug/core.a(SERCOM.cpp.o)
                               0x22c8 (size before relaxing)
 .debug_str     0x0000566e     0x219c C:\Users\dell\AppData\Local\Temp\VMBuilds\Sketch1\MattairTech_Arduino_mattairtech_mt_d21e_revb_samd21e18a\Debug/core.a(USBCore.cpp.o)
                               0x3dda (size before relaxing)
 .debug_str     0x0000780a       0xc2 C:\Users\dell\AppData\Local\Temp\VMBuilds\Sketch1\MattairTech_Arduino_mattairtech_mt_d21e_revb_samd21e18a\Debug/core.a(new.cpp.o)
                                0x290 (size before relaxing)
 .debug_str     0x000078cc     0x1363 C:\Users\dell\AppData\Local\Temp\VMBuilds\Sketch1\MattairTech_Arduino_mattairtech_mt_d21e_revb_samd21e18a\Debug/core.a(CDC.cpp.o)
                               0x206f (size before relaxing)
 .debug_str     0x00008c2f       0xb9 C:\Users\dell\AppData\Local\Temp\VMBuilds\Sketch1\MattairTech_Arduino_mattairtech_mt_d21e_revb_samd21e18a\Debug/core.a(PluggableUSB.cpp.o)
                                0x601 (size before relaxing)

.debug_frame    0x00000000     0x1218
 .debug_frame   0x00000000       0x78 C:\Users\dell\AppData\Local\Temp\VMBuilds\Sketch1\MattairTech_Arduino_mattairtech_mt_d21e_revb_samd21e18a\Debug\Sketch1.cpp.o
 .debug_frame   0x00000078       0x28 C:\Users\dell\AppData\Local\Temp\VMBuilds\Sketch1\MattairTech_Arduino_mattairtech_mt_d21e_revb_samd21e18a\Debug\variant\variant.cpp.o
 .debug_frame   0x000000a0       0x8c C:\Users\dell\AppData\Local\Temp\VMBuilds\Sketch1\MattairTech_Arduino_mattairtech_mt_d21e_revb_samd21e18a\Debug/core.a(cortex_handlers.c.o)
 .debug_frame   0x0000012c       0x78 C:\Users\dell\AppData\Local\Temp\VMBuilds\Sketch1\MattairTech_Arduino_mattairtech_mt_d21e_revb_samd21e18a\Debug/core.a(delay.c.o)
 .debug_frame   0x000001a4       0x40 C:\Users\dell\AppData\Local\Temp\VMBuilds\Sketch1\MattairTech_Arduino_mattairtech_mt_d21e_revb_samd21e18a\Debug/core.a(hooks.c.o)
 .debug_frame   0x000001e4       0x50 C:\Users\dell\AppData\Local\Temp\VMBuilds\Sketch1\MattairTech_Arduino_mattairtech_mt_d21e_revb_samd21e18a\Debug/core.a(startup.c.o)
 .debug_frame   0x00000234       0x70 C:\Users\dell\AppData\Local\Temp\VMBuilds\Sketch1\MattairTech_Arduino_mattairtech_mt_d21e_revb_samd21e18a\Debug/core.a(WInterrupts.c.o)
 .debug_frame   0x000002a4       0x28 C:\Users\dell\AppData\Local\Temp\VMBuilds\Sketch1\MattairTech_Arduino_mattairtech_mt_d21e_revb_samd21e18a\Debug/core.a(wiring.c.o)
 .debug_frame   0x000002cc       0x98 C:\Users\dell\AppData\Local\Temp\VMBuilds\Sketch1\MattairTech_Arduino_mattairtech_mt_d21e_revb_samd21e18a\Debug/core.a(wiring_analog.c.o)
 .debug_frame   0x00000364       0x58 C:\Users\dell\AppData\Local\Temp\VMBuilds\Sketch1\MattairTech_Arduino_mattairtech_mt_d21e_revb_samd21e18a\Debug/core.a(wiring_digital.c.o)
 .debug_frame   0x000003bc       0x30 C:\Users\dell\AppData\Local\Temp\VMBuilds\Sketch1\MattairTech_Arduino_mattairtech_mt_d21e_revb_samd21e18a\Debug/core.a(wiring_private.c.o)
 .debug_frame   0x000003ec       0x38 C:\Users\dell\AppData\Local\Temp\VMBuilds\Sketch1\MattairTech_Arduino_mattairtech_mt_d21e_revb_samd21e18a\Debug/core.a(main.cpp.o)
 .debug_frame   0x00000424       0x58 C:\Users\dell\AppData\Local\Temp\VMBuilds\Sketch1\MattairTech_Arduino_mattairtech_mt_d21e_revb_samd21e18a\Debug/core.a(Reset.cpp.o)
 .debug_frame   0x0000047c      0x44c C:\Users\dell\AppData\Local\Temp\VMBuilds\Sketch1\MattairTech_Arduino_mattairtech_mt_d21e_revb_samd21e18a\Debug/core.a(SERCOM.cpp.o)
 .debug_frame   0x000008c8      0x454 C:\Users\dell\AppData\Local\Temp\VMBuilds\Sketch1\MattairTech_Arduino_mattairtech_mt_d21e_revb_samd21e18a\Debug/core.a(USBCore.cpp.o)
 .debug_frame   0x00000d1c       0x70 C:\Users\dell\AppData\Local\Temp\VMBuilds\Sketch1\MattairTech_Arduino_mattairtech_mt_d21e_revb_samd21e18a\Debug/core.a(new.cpp.o)
 .debug_frame   0x00000d8c      0x214 C:\Users\dell\AppData\Local\Temp\VMBuilds\Sketch1\MattairTech_Arduino_mattairtech_mt_d21e_revb_samd21e18a\Debug/core.a(CDC.cpp.o)
 .debug_frame   0x00000fa0       0xc4 C:\Users\dell\AppData\Local\Temp\VMBuilds\Sketch1\MattairTech_Arduino_mattairtech_mt_d21e_revb_samd21e18a\Debug/core.a(PluggableUSB.cpp.o)
 .debug_frame   0x00001064       0x20 c:/users/dell/appdata/local/arduino15/packages/arduino/tools/arm-none-eabi-gcc/4.8.3-2014q1/bin/../lib/gcc/arm-none-eabi/4.8.3/armv6-m\libgcc.a(_udivsi3.o)
 .debug_frame   0x00001084       0x2c c:/users/dell/appdata/local/arduino15/packages/arduino/tools/arm-none-eabi-gcc/4.8.3-2014q1/bin/../lib/gcc/arm-none-eabi/4.8.3/../../../../arm-none-eabi/lib/armv6-m\libc_s.a(lib_a-init.o)
 .debug_frame   0x000010b0       0x40 c:/users/dell/appdata/local/arduino15/packages/arduino/tools/arm-none-eabi-gcc/4.8.3-2014q1/bin/../lib/gcc/arm-none-eabi/4.8.3/../../../../arm-none-eabi/lib/armv6-m\libc_s.a(lib_a-malloc.o)
 .debug_frame   0x000010f0       0x28 c:/users/dell/appdata/local/arduino15/packages/arduino/tools/arm-none-eabi-gcc/4.8.3-2014q1/bin/../lib/gcc/arm-none-eabi/4.8.3/../../../../arm-none-eabi/lib/armv6-m\libc_s.a(lib_a-memcpy-stub.o)
 .debug_frame   0x00001118       0x20 c:/users/dell/appdata/local/arduino15/packages/arduino/tools/arm-none-eabi-gcc/4.8.3-2014q1/bin/../lib/gcc/arm-none-eabi/4.8.3/../../../../arm-none-eabi/lib/armv6-m\libc_s.a(lib_a-memset.o)
 .debug_frame   0x00001138       0x2c c:/users/dell/appdata/local/arduino15/packages/arduino/tools/arm-none-eabi-gcc/4.8.3-2014q1/bin/../lib/gcc/arm-none-eabi/4.8.3/../../../../arm-none-eabi/lib/armv6-m\libc_s.a(lib_a-nano-mallocr.o)
 .debug_frame   0x00001164       0x2c c:/users/dell/appdata/local/arduino15/packages/arduino/tools/arm-none-eabi-gcc/4.8.3-2014q1/bin/../lib/gcc/arm-none-eabi/4.8.3/../../../../arm-none-eabi/lib/armv6-m\libc_s.a(lib_a-sbrkr.o)
 .debug_frame   0x00001190       0x20 c:/users/dell/appdata/local/arduino15/packages/arduino/tools/arm-none-eabi-gcc/4.8.3-2014q1/bin/../lib/gcc/arm-none-eabi/4.8.3/../../../../arm-none-eabi/lib/armv6-m\libc_s.a(lib_a-strlen.o)
 .debug_frame   0x000011b0       0x48 c:/users/dell/appdata/local/arduino15/packages/arduino/tools/arm-none-eabi-gcc/4.8.3-2014q1/bin/../lib/gcc/arm-none-eabi/4.8.3/../../../../arm-none-eabi/lib/armv6-m\libc_s.a(lib_a-reent.o)
 .debug_frame   0x000011f8       0x20 c:/users/dell/appdata/local/arduino15/packages/arduino/tools/arm-none-eabi-gcc/4.8.3-2014q1/bin/../lib/gcc/arm-none-eabi/4.8.3/../../../../arm-none-eabi/lib/armv6-m\libnosys.a(sbrk.o)

Cross Reference Table

Symbol                                            File
AC_Handler                                        C:\Users\dell\AppData\Local\Temp\VMBuilds\Sketch1\MattairTech_Arduino_mattairtech_mt_d21e_revb_samd21e18a\Debug/core.a(cortex_handlers.c.o)
ADC0_Handler                                      C:\Users\dell\AppData\Local\Temp\VMBuilds\Sketch1\MattairTech_Arduino_mattairtech_mt_d21e_revb_samd21e18a\Debug/core.a(cortex_handlers.c.o)
ADC1_Handler                                      C:\Users\dell\AppData\Local\Temp\VMBuilds\Sketch1\MattairTech_Arduino_mattairtech_mt_d21e_revb_samd21e18a\Debug/core.a(cortex_handlers.c.o)
ADC_Handler                                       C:\Users\dell\AppData\Local\Temp\VMBuilds\Sketch1\MattairTech_Arduino_mattairtech_mt_d21e_revb_samd21e18a\Debug/core.a(cortex_handlers.c.o)
AES_Handler                                       C:\Users\dell\AppData\Local\Temp\VMBuilds\Sketch1\MattairTech_Arduino_mattairtech_mt_d21e_revb_samd21e18a\Debug/core.a(cortex_handlers.c.o)
CAN0_Handler                                      C:\Users\dell\AppData\Local\Temp\VMBuilds\Sketch1\MattairTech_Arduino_mattairtech_mt_d21e_revb_samd21e18a\Debug/core.a(cortex_handlers.c.o)
CAN1_Handler                                      C:\Users\dell\AppData\Local\Temp\VMBuilds\Sketch1\MattairTech_Arduino_mattairtech_mt_d21e_revb_samd21e18a\Debug/core.a(cortex_handlers.c.o)
CDC_GetInterface(unsigned char*)                  C:\Users\dell\AppData\Local\Temp\VMBuilds\Sketch1\MattairTech_Arduino_mattairtech_mt_d21e_revb_samd21e18a\Debug/core.a(CDC.cpp.o)
                                                  C:\Users\dell\AppData\Local\Temp\VMBuilds\Sketch1\MattairTech_Arduino_mattairtech_mt_d21e_revb_samd21e18a\Debug/core.a(USBCore.cpp.o)
CDC_Setup(USBSetup&)                              C:\Users\dell\AppData\Local\Temp\VMBuilds\Sketch1\MattairTech_Arduino_mattairtech_mt_d21e_revb_samd21e18a\Debug/core.a(CDC.cpp.o)
                                                  C:\Users\dell\AppData\Local\Temp\VMBuilds\Sketch1\MattairTech_Arduino_mattairtech_mt_d21e_revb_samd21e18a\Debug/core.a(USBCore.cpp.o)
DAC_Handler                                       C:\Users\dell\AppData\Local\Temp\VMBuilds\Sketch1\MattairTech_Arduino_mattairtech_mt_d21e_revb_samd21e18a\Debug/core.a(cortex_handlers.c.o)
DMAC_Handler                                      C:\Users\dell\AppData\Local\Temp\VMBuilds\Sketch1\MattairTech_Arduino_mattairtech_mt_d21e_revb_samd21e18a\Debug/core.a(cortex_handlers.c.o)
DoubleBufferedEPOutHandler::available() const     C:\Users\dell\AppData\Local\Temp\VMBuilds\Sketch1\MattairTech_Arduino_mattairtech_mt_d21e_revb_samd21e18a\Debug/core.a(USBCore.cpp.o)
DoubleBufferedEPOutHandler::handleEndpoint()      C:\Users\dell\AppData\Local\Temp\VMBuilds\Sketch1\MattairTech_Arduino_mattairtech_mt_d21e_revb_samd21e18a\Debug/core.a(USBCore.cpp.o)
DoubleBufferedEPOutHandler::recv(void*, unsigned long) C:\Users\dell\AppData\Local\Temp\VMBuilds\Sketch1\MattairTech_Arduino_mattairtech_mt_d21e_revb_samd21e18a\Debug/core.a(USBCore.cpp.o)
DoubleBufferedEPOutHandler::release()             C:\Users\dell\AppData\Local\Temp\VMBuilds\Sketch1\MattairTech_Arduino_mattairtech_mt_d21e_revb_samd21e18a\Debug/core.a(USBCore.cpp.o)
Dummy_Handler                                     C:\Users\dell\AppData\Local\Temp\VMBuilds\Sketch1\MattairTech_Arduino_mattairtech_mt_d21e_revb_samd21e18a\Debug/core.a(cortex_handlers.c.o)
EIC_Handler                                       C:\Users\dell\AppData\Local\Temp\VMBuilds\Sketch1\MattairTech_Arduino_mattairtech_mt_d21e_revb_samd21e18a\Debug/core.a(WInterrupts.c.o)
                                                  C:\Users\dell\AppData\Local\Temp\VMBuilds\Sketch1\MattairTech_Arduino_mattairtech_mt_d21e_revb_samd21e18a\Debug/core.a(cortex_handlers.c.o)
EVSYS_Handler                                     C:\Users\dell\AppData\Local\Temp\VMBuilds\Sketch1\MattairTech_Arduino_mattairtech_mt_d21e_revb_samd21e18a\Debug/core.a(cortex_handlers.c.o)
EndPoints                                         C:\Users\dell\AppData\Local\Temp\VMBuilds\Sketch1\MattairTech_Arduino_mattairtech_mt_d21e_revb_samd21e18a\Debug/core.a(USBCore.cpp.o)
                                                  C:\Users\dell\AppData\Local\Temp\VMBuilds\Sketch1\MattairTech_Arduino_mattairtech_mt_d21e_revb_samd21e18a\Debug/core.a(PluggableUSB.cpp.o)
FREQM_Handler                                     C:\Users\dell\AppData\Local\Temp\VMBuilds\Sketch1\MattairTech_Arduino_mattairtech_mt_d21e_revb_samd21e18a\Debug/core.a(cortex_handlers.c.o)
HardFault_Handler                                 C:\Users\dell\AppData\Local\Temp\VMBuilds\Sketch1\MattairTech_Arduino_mattairtech_mt_d21e_revb_samd21e18a\Debug/core.a(cortex_handlers.c.o)
I2S_Handler                                       C:\Users\dell\AppData\Local\Temp\VMBuilds\Sketch1\MattairTech_Arduino_mattairtech_mt_d21e_revb_samd21e18a\Debug/core.a(cortex_handlers.c.o)
NMI_Handler                                       C:\Users\dell\AppData\Local\Temp\VMBuilds\Sketch1\MattairTech_Arduino_mattairtech_mt_d21e_revb_samd21e18a\Debug/core.a(cortex_handlers.c.o)
NVMCTRL_Handler                                   C:\Users\dell\AppData\Local\Temp\VMBuilds\Sketch1\MattairTech_Arduino_mattairtech_mt_d21e_revb_samd21e18a\Debug/core.a(cortex_handlers.c.o)
PM_Handler                                        C:\Users\dell\AppData\Local\Temp\VMBuilds\Sketch1\MattairTech_Arduino_mattairtech_mt_d21e_revb_samd21e18a\Debug/core.a(cortex_handlers.c.o)
PTC_Handler                                       C:\Users\dell\AppData\Local\Temp\VMBuilds\Sketch1\MattairTech_Arduino_mattairtech_mt_d21e_revb_samd21e18a\Debug/core.a(cortex_handlers.c.o)
PendSV_Handler                                    C:\Users\dell\AppData\Local\Temp\VMBuilds\Sketch1\MattairTech_Arduino_mattairtech_mt_d21e_revb_samd21e18a\Debug/core.a(cortex_handlers.c.o)
PluggableUSB()                                    C:\Users\dell\AppData\Local\Temp\VMBuilds\Sketch1\MattairTech_Arduino_mattairtech_mt_d21e_revb_samd21e18a\Debug/core.a(PluggableUSB.cpp.o)
                                                  C:\Users\dell\AppData\Local\Temp\VMBuilds\Sketch1\MattairTech_Arduino_mattairtech_mt_d21e_revb_samd21e18a\Debug/core.a(USBCore.cpp.o)